Archive member included because of file (symbol)

./../../../../BitCloud/lib/libHAL_deRFusb23e06_At91sam3s4c_64Mhz_Gcc.a(atomic.o)
                              All_deRFusb23e06_At91sam3s4c_Rf231_Gcc/Obj/WSNDemoApp.o (halStartAtomic)
./../../../../BitCloud/lib/libHAL_deRFusb23e06_At91sam3s4c_64Mhz_Gcc.a(core_cm3.o)
                              ./../../../../BitCloud/lib/libHAL_deRFusb23e06_At91sam3s4c_64Mhz_Gcc.a(atomic.o) (__get_PRIMASK)
./../../../../BitCloud/lib/libHAL_deRFusb23e06_At91sam3s4c_64Mhz_Gcc.a(halVectorTable.o)
                              (__vector_table)
./../../../../BitCloud/lib/libHAL_deRFusb23e06_At91sam3s4c_64Mhz_Gcc.a(halAppClock.o)
                              ./../../../../BitCloud/lib/libHAL_deRFusb23e06_At91sam3s4c_64Mhz_Gcc.a(halVectorTable.o) (timerHandler)
./../../../../BitCloud/lib/libHAL_deRFusb23e06_At91sam3s4c_64Mhz_Gcc.a(halUsart.o)
                              ./../../../../BitCloud/lib/libHAL_deRFusb23e06_At91sam3s4c_64Mhz_Gcc.a(halVectorTable.o) (usart0Handler)
./../../../../BitCloud/lib/libHAL_deRFusb23e06_At91sam3s4c_64Mhz_Gcc.a(halUart.o)
                              ./../../../../BitCloud/lib/libHAL_deRFusb23e06_At91sam3s4c_64Mhz_Gcc.a(halVectorTable.o) (uart0Handler)
./../../../../BitCloud/lib/libHAL_deRFusb23e06_At91sam3s4c_64Mhz_Gcc.a(halUsb.o)
                              ./../../../../BitCloud/lib/libHAL_deRFusb23e06_At91sam3s4c_64Mhz_Gcc.a(halVectorTable.o) (usbHandler)
./../../../../BitCloud/lib/libHAL_deRFusb23e06_At91sam3s4c_64Mhz_Gcc.a(halIrq.o)
                              ./../../../../BitCloud/lib/libHAL_deRFusb23e06_At91sam3s4c_64Mhz_Gcc.a(halVectorTable.o) (pioaHandler)
./../../../../BitCloud/lib/libHAL_deRFusb23e06_At91sam3s4c_64Mhz_Gcc.a(halHsmci.o)
                              ./../../../../BitCloud/lib/libHAL_deRFusb23e06_At91sam3s4c_64Mhz_Gcc.a(halVectorTable.o) (hsmciHandler)
./../../../../BitCloud/lib/libHAL_deRFusb23e06_At91sam3s4c_64Mhz_Gcc.a(halSleepTimerClock.o)
                              ./../../../../BitCloud/lib/libHAL_deRFusb23e06_At91sam3s4c_64Mhz_Gcc.a(halVectorTable.o) (rttHandler)
./../../../../BitCloud/lib/libHAL_deRFusb23e06_At91sam3s4c_64Mhz_Gcc.a(halSleep.o)
                              ./../../../../BitCloud/lib/libHAL_deRFusb23e06_At91sam3s4c_64Mhz_Gcc.a(halSleepTimerClock.o) (halPowerOn)
./../../../../BitCloud/lib/libHAL_deRFusb23e06_At91sam3s4c_64Mhz_Gcc.a(halStartupGcc.o)
                              ./../../../../BitCloud/lib/libHAL_deRFusb23e06_At91sam3s4c_64Mhz_Gcc.a(halVectorTable.o) (gccReset)
./../../../../BitCloud/lib/libHAL_deRFusb23e06_At91sam3s4c_64Mhz_Gcc.a(halRfCtrl.o)
                              ./../../../../BitCloud/lib/libHAL_deRFusb23e06_At91sam3s4c_64Mhz_Gcc.a(halSleep.o) (halWaitRadio)
./../../../../BitCloud/lib/libHAL_deRFusb23e06_At91sam3s4c_64Mhz_Gcc.a(halRfSpi.o)
                              ./../../../../BitCloud/lib/libHAL_deRFusb23e06_At91sam3s4c_64Mhz_Gcc.a(halRfCtrl.o) (HAL_WriteByteRfSpi)
./../../../../BitCloud/lib/libHAL_deRFusb23e06_At91sam3s4c_64Mhz_Gcc.a(halMacIsr.o)
                              ./../../../../BitCloud/lib/libHAL_deRFusb23e06_At91sam3s4c_64Mhz_Gcc.a(halAppClock.o) (halMacTimerHandler)
./../../../../BitCloud/lib/libHAL_deRFusb23e06_At91sam3s4c_64Mhz_Gcc.a(appTimer.o)
                              All_deRFusb23e06_At91sam3s4c_Rf231_Gcc/Obj/WSNEndDevice.o (HAL_StartAppTimer)
./../../../../BitCloud/lib/libHAL_deRFusb23e06_At91sam3s4c_64Mhz_Gcc.a(halTaskManager.o)
                              ./../../../../BitCloud/lib/libHAL_deRFusb23e06_At91sam3s4c_64Mhz_Gcc.a(halAppClock.o) (halTaskFlags)
./../../../../BitCloud/lib/libHAL_deRFusb23e06_At91sam3s4c_64Mhz_Gcc.a(sleep.o)
                              ./../../../../BitCloud/lib/libHAL_deRFusb23e06_At91sam3s4c_64Mhz_Gcc.a(halSleepTimerClock.o) (halSleepControl)
./../../../../BitCloud/lib/libHAL_deRFusb23e06_At91sam3s4c_64Mhz_Gcc.a(timer.o)
                              ./../../../../BitCloud/lib/libHAL_deRFusb23e06_At91sam3s4c_64Mhz_Gcc.a(appTimer.o) (halAddTimer)
./../../../../BitCloud/lib/libHAL_deRFusb23e06_At91sam3s4c_64Mhz_Gcc.a(usart.o)
                              ./../../../../BitCloud/lib/libHAL_deRFusb23e06_At91sam3s4c_64Mhz_Gcc.a(halTaskManager.o) (halSigUsartHandler)
./../../../../BitCloud/lib/libHAL_deRFusb23e06_At91sam3s4c_64Mhz_Gcc.a(uart.o)
                              ./../../../../BitCloud/lib/libHAL_deRFusb23e06_At91sam3s4c_64Mhz_Gcc.a(halUart.o) (halUartStoreRx)
./../../../../BitCloud/lib/libHAL_deRFusb23e06_At91sam3s4c_64Mhz_Gcc.a(usb.o)
                              All_deRFusb23e06_At91sam3s4c_Rf231_Gcc/Obj/vcpVirtualUsart.o (HAL_RegisterEndOfBusResetHandler)
./../../../../BitCloud/lib/libHAL_deRFusb23e06_At91sam3s4c_64Mhz_Gcc.a(eeprom.o)
                              All_deRFusb23e06_At91sam3s4c_Rf231_Gcc/Obj/pdsWriteData.o (HAL_ReadEeprom)
./../../../../BitCloud/lib/libHAL_deRFusb23e06_At91sam3s4c_64Mhz_Gcc.a(sleepTimer.o)
[...]
Memory Configuration

Name             Origin             Length             Attributes
BOOT             0x00000000         0x00400000         xr
FLASH            0x00400000         0x0003f000         xr
ROM              0x00800000         0x00400000         xr
RAM              0x20000000         0x0000c000         rw
*default*        0x00000000         0xffffffff

Linker script and memory map

                0x00001000                MAIN_STACK_SIZE = 0x1000
                0x00000000                PROCESS_STACK_SIZE = 0x0

.text           0x00400000    0x12b34
                0x00400000                __text = .
 *(.vectors)
 .vectors       0x00400000       0x40 ./../../../../BitCloud/lib/libHAL_deRFusb23e06_At91sam3s4c_64Mhz_Gcc.a(halVectorTable.o)
                0x00400000                __vector_table
                0x00400040                PROVIDE (__pds_ff_start, .)
 *(.pds_ff)
                0x00400040                PROVIDE (__pds_ff_end, .)
                0x00400040                PROVIDE (__pds_fd_start, .)
 *(.pds_fd)
                0x00400040                PROVIDE (__pds_fd_end, .)
 *(.text)
 .text          0x00400040       0x74 ./../../../../BitCloud/lib/libHAL_deRFusb23e06_At91sam3s4c_64Mhz_Gcc.a(halExceptionGcc.o)
                0x00400040                halNmiHandler
                0x00400042                halHardFaultHandler
                0x00400044                halMemManageHandler
                0x00400046                halBusFaultHandler
                0x00400048                halUsageFaultHandler
                0x0040004a                halSvcHandler
                0x0040004c                halDebugMonHandler
                0x0040004e                halPendsvHandler
                0x00400050                halSysTickHandler
 *(.text.*)
 .text.batteryDataReady
                0x004000b4       0x18 All_deRFusb23e06_At91sam3s4c_Rf231_Gcc/Obj/WSNSensorManager.o
 .text.temperatureDataReady
                0x004000cc       0x28 All_deRFusb23e06_At91sam3s4c_Rf231_Gcc/Obj/WSNSensorManager.o
 .text.lightDataReady
                0x004000f4       0x28 All_deRFusb23e06_At91sam3s4c_Rf231_Gcc/Obj/WSNSensorManager.o
 .text.appStartSensorManager
                0x0040011c       0x12 All_deRFusb23e06_At91sam3s4c_Rf231_Gcc/Obj/WSNSensorManager.o
                0x0040011c                appStartSensorManager
 .text.appStopSensorManager
                0x0040012e       0x12 All_deRFusb23e06_At91sam3s4c_Rf231_Gcc/Obj/WSNSensorManager.o
                0x0040012e                appStopSensorManager
 .text.appGetSensorData
                0x00400140       0x14 All_deRFusb23e06_At91sam3s4c_Rf231_Gcc/Obj/WSNSensorManager.o
                0x00400140                appGetSensorData
 .text.appCoordinatorInitialization
                0x00400154        0xc All_deRFusb23e06_At91sam3s4c_Rf231_Gcc/Obj/WSNCoord.o
 .text.appCoordinatorTaskReset
                0x00400160       0x10 All_deRFusb23e06_At91sam3s4c_Rf231_Gcc/Obj/WSNCoord.o
 .text.deviceTimerFired
                0x00400170       0x10 All_deRFusb23e06_At91sam3s4c_Rf231_Gcc/Obj/WSNCoord.o
 .text.appSensorsGot
                0x00400180       0x18 All_deRFusb23e06_At91sam3s4c_Rf231_Gcc/Obj/WSNCoord.o
 .text.appCoordRelaysCtrlCmdHandler
                0x00400198       0x80 All_deRFusb23e06_At91sam3s4c_Rf231_Gcc/Obj/WSNCoord.o
                0x00400198                appCoordRelaysCtrlCmdHandler
 .text.appCoordinatorNwkInfoCmdHandler
                0x00400218       0x14 All_deRFusb23e06_At91sam3s4c_Rf231_Gcc/Obj/WSNCoord.o
                0x00400218                appCoordinatorNwkInfoCmdHandler
 .text.appCoordinatorIdentifyCmdHandler
                0x0040022c       0xb0 All_deRFusb23e06_At91sam3s4c_Rf231_Gcc/Obj/WSNCoord.o
                0x0040022c                appCoordinatorIdentifyCmdHandler
 .text.appCoordinatorTaskHandler
                0x004002dc       0x8c All_deRFusb23e06_At91sam3s4c_Rf231_Gcc/Obj/WSNCoord.o
 .text.appCoordinatorConfirmHandler
                0x00400368       0x36 All_deRFusb23e06_At91sam3s4c_Rf231_Gcc/Obj/WSNCoord.o
 *fill*         0x0040039e        0x2 00
 .text.appCoordinatorGetInterface
                0x004003a0       0x2c All_deRFusb23e06_At91sam3s4c_Rf231_Gcc/Obj/WSNCoord.o
                0x004003a0                appCoordinatorGetInterface
 .text.visualizeAppStarting
                0x004003cc        0x4 All_deRFusb23e06_At91sam3s4c_Rf231_Gcc/Obj/WSNVisualizer.o
                0x004003cc                visualizeAppStarting
 .text.visualizeNwkStarting
                0x004003d0       0x18 All_deRFusb23e06_At91sam3s4c_Rf231_Gcc/Obj/WSNVisualizer.o
                0x004003d0                visualizeNwkStarting
 .text.visualizeNwkStarted
                0x004003e8       0x18 All_deRFusb23e06_At91sam3s4c_Rf231_Gcc/Obj/WSNVisualizer.o
                0x004003e8                visualizeNwkStarted
 .text.visualizeNwkLeaving
                0x00400400        0x6 All_deRFusb23e06_At91sam3s4c_Rf231_Gcc/Obj/WSNVisualizer.o
                0x00400400                visualizeNwkLeaving
 .text.visualizeNwkLeft
                0x00400406        0x6 All_deRFusb23e06_At91sam3s4c_Rf231_Gcc/Obj/WSNVisualizer.o
                0x00400406                visualizeNwkLeft
 .text.visualizeAirTxStarted
                0x0040040c        0x6 All_deRFusb23e06_At91sam3s4c_Rf231_Gcc/Obj/WSNVisualizer.o
                0x0040040c                visualizeAirTxStarted
 .text.visualizeAirTxFInished
                0x00400412        0x6 All_deRFusb23e06_At91sam3s4c_Rf231_Gcc/Obj/WSNVisualizer.o
                0x00400412                visualizeAirTxFInished
 .text.visualizeAirRxFinished
                0x00400418        0x6 All_deRFusb23e06_At91sam3s4c_Rf231_Gcc/Obj/WSNVisualizer.o
                0x00400418                visualizeAirRxFinished
 .text.visualizeSerialTx
                0x0040041e        0x6 All_deRFusb23e06_At91sam3s4c_Rf231_Gcc/Obj/WSNVisualizer.o
                0x0040041e                visualizeSerialTx
 .text.visualizeWakeUp
                0x00400424       0x10 All_deRFusb23e06_At91sam3s4c_Rf231_Gcc/Obj/WSNVisualizer.o
                0x00400424                visualizeWakeUp
 .text.visualizeIdentity
                0x00400434        0x6 All_deRFusb23e06_At91sam3s4c_Rf231_Gcc/Obj/WSNVisualizer.o
                0x00400434                visualizeIdentity
 *fill*         0x0040043a        0x2 00
 .text.msgSenderApsDataConf
                0x0040043c       0x68 All_deRFusb23e06_At91sam3s4c_Rf231_Gcc/Obj/WSNMessageSender.o
 .text.appInitMsgSender
                0x004004a4       0x30 All_deRFusb23e06_At91sam3s4c_Rf231_Gcc/Obj/WSNMessageSender.o
                0x004004a4                appInitMsgSender
 .text.appMsgSender
                0x004004d4       0xa4 All_deRFusb23e06_At91sam3s4c_Rf231_Gcc/Obj/WSNMessageSender.o
                0x004004d4                appMsgSender
 .text.appCreateTxFrame
                0x00400578       0x5c All_deRFusb23e06_At91sam3s4c_Rf231_Gcc/Obj/WSNMessageSender.o
                0x00400578                appCreateTxFrame
 .text.appInitCmdHandler
                0x004005d4       0x28 All_deRFusb23e06_At91sam3s4c_Rf231_Gcc/Obj/WSNCommandHandler.o
                0x004005d4                appInitCmdHandler
 .text.appCmdHandler
                0x004005fc       0x48 All_deRFusb23e06_At91sam3s4c_Rf231_Gcc/Obj/WSNCommandHandler.o
                0x004005fc                appCmdHandler
 .text.appCreateCommand
                0x00400644       0x38 All_deRFusb23e06_At91sam3s4c_Rf231_Gcc/Obj/WSNCommandHandler.o
                0x00400644                appCreateCommand
 .text.appPostGlobalTask
                0x0040067c       0x20 All_deRFusb23e06_At91sam3s4c_Rf231_Gcc/Obj/WSNDemoApp.o
 .text.appZdpLeaveResp
                0x0040069c       0x14 All_deRFusb23e06_At91sam3s4c_Rf231_Gcc/Obj/WSNDemoApp.o
 .text.startingNetworkTimerFired
                0x004006b0        0x4 All_deRFusb23e06_At91sam3s4c_Rf231_Gcc/Obj/WSNDemoApp.o
 .text.appApsDataIndHandler
                0x004006b4       0x16 All_deRFusb23e06_At91sam3s4c_Rf231_Gcc/Obj/WSNDemoApp.o
 *fill*         0x004006ca        0x2 00
 .text.identifyTimerFired
                0x004006cc       0x30 All_deRFusb23e06_At91sam3s4c_Rf231_Gcc/Obj/WSNDemoApp.o
 .text.appZdoStartNetworkConf
                0x004006fc       0x4c All_deRFusb23e06_At91sam3s4c_Rf231_Gcc/Obj/WSNDemoApp.o
 .text.APL_TaskHandler
                0x00400748      0x188 All_deRFusb23e06_At91sam3s4c_Rf231_Gcc/Obj/WSNDemoApp.o
                0x00400748                APL_TaskHandler
 .text.ZDO_MgmtNwkUpdateNotf
                0x004008d0       0x8c All_deRFusb23e06_At91sam3s4c_Rf231_Gcc/Obj/WSNDemoApp.o
                0x004008d0                ZDO_MgmtNwkUpdateNotf
 .text.ZDO_WakeUpInd
                0x0040095c       0x10 All_deRFusb23e06_At91sam3s4c_Rf231_Gcc/Obj/WSNDemoApp.o
                0x0040095c                ZDO_WakeUpInd
 .text.appReadLqiRssi
                0x0040096c       0x28 All_deRFusb23e06_At91sam3s4c_Rf231_Gcc/Obj/WSNDemoApp.o
                0x0040096c                appReadLqiRssi
 .text.appPostSubTaskTask
                0x00400994       0x38 All_deRFusb23e06_At91sam3s4c_Rf231_Gcc/Obj/WSNDemoApp.o
                0x00400994                appPostSubTaskTask
 .text.appPostCmdHandlerTask
                0x004009cc       0x38 All_deRFusb23e06_At91sam3s4c_Rf231_Gcc/Obj/WSNDemoApp.o
                0x004009cc                appPostCmdHandlerTask
 .text.appPostMsgSenderTask
                0x00400a04       0x38 All_deRFusb23e06_At91sam3s4c_Rf231_Gcc/Obj/WSNDemoApp.o
                0x00400a04                appPostMsgSenderTask
 .text.appPcCmdReceived
                0x00400a3c       0x10 All_deRFusb23e06_At91sam3s4c_Rf231_Gcc/Obj/WSNDemoApp.o
                0x00400a3c                appPcCmdReceived
 .text.appStartIdentifyVisualization
                0x00400a4c       0x30 All_deRFusb23e06_At91sam3s4c_Rf231_Gcc/Obj/WSNDemoApp.o
                0x00400a4c                appStartIdentifyVisualization
 .text.appGetCmdDescriptor
                0x00400a7c       0x48 All_deRFusb23e06_At91sam3s4c_Rf231_Gcc/Obj/WSNDemoApp.o
                0x00400a7c                appGetCmdDescriptor
 .text.ZDO_BindIndication
                0x00400ac4        0x2 All_deRFusb23e06_At91sam3s4c_Rf231_Gcc/Obj/WSNDemoApp.o
                0x00400ac4                ZDO_BindIndication
 .text.ZDO_UnbindIndication
                0x00400ac6        0x2 All_deRFusb23e06_At91sam3s4c_Rf231_Gcc/Obj/WSNDemoApp.o
                0x00400ac6                ZDO_UnbindIndication
 .text.startup.main
                0x00400ac8        0xc All_deRFusb23e06_At91sam3s4c_Rf231_Gcc/Obj/WSNDemoApp.o
                0x00400ac8                main
 .text.resetUsartRx
                0x00400ad4       0x20 All_deRFusb23e06_At91sam3s4c_Rf231_Gcc/Obj/WSNUARTManager.o
 .text.linkSafetyTimerFired
                0x00400af4        0x4 All_deRFusb23e06_At91sam3s4c_Rf231_Gcc/Obj/WSNUARTManager.o
 .text.sendNextMessage.part.0
                0x00400af8       0x30 All_deRFusb23e06_At91sam3s4c_Rf231_Gcc/Obj/WSNUARTManager.o
 .text.writeConfirm
                0x00400b28       0x34 All_deRFusb23e06_At91sam3s4c_Rf231_Gcc/Obj/WSNUARTManager.o
 .text.appStartUsartManager
                0x00400b5c       0x8c All_deRFusb23e06_At91sam3s4c_Rf231_Gcc/Obj/WSNUARTManager.o
                0x00400b5c                appStartUsartManager
 .text.appSendMessageToUsart2
                0x00400be8       0x58 All_deRFusb23e06_At91sam3s4c_Rf231_Gcc/Obj/WSNUARTManager.o
                0x00400be8                appSendMessageToUsart2
 .text.readByteEvent
                0x00400c40       0xf8 All_deRFusb23e06_At91sam3s4c_Rf231_Gcc/Obj/WSNUARTManager.o
 .text.appSendMessageToUsart
                0x00400d38        0x4 All_deRFusb23e06_At91sam3s4c_Rf231_Gcc/Obj/WSNUARTManager.o
                0x00400d38                appSendMessageToUsart
 .text.BSP_OpenLeds
                0x00400d3c       0x24 All_deRFusb23e06_At91sam3s4c_Rf231_Gcc/Obj/leds.o
                0x00400d3c                BSP_OpenLeds
 .text.BSP_OnLed
                0x00400d60       0x24 All_deRFusb23e06_At91sam3s4c_Rf231_Gcc/Obj/leds.o
                0x00400d60                BSP_OnLed
 .text.BSP_OffLed
                0x00400d84       0x24 All_deRFusb23e06_At91sam3s4c_Rf231_Gcc/Obj/leds.o
                0x00400d84                BSP_OffLed
 .text.BSP_ToggleLed
                0x00400da8       0x40 All_deRFusb23e06_At91sam3s4c_Rf231_Gcc/Obj/leds.o
                0x00400da8                BSP_ToggleLed
 .text.BSP_TaskHandler
                0x00400de8       0x6c All_deRFusb23e06_At91sam3s4c_Rf231_Gcc/Obj/bspTaskManager.o
                0x00400de8                BSP_TaskHandler
 .text.BSP_OpenTemperatureSensor
                0x00400e54        0x4 All_deRFusb23e06_At91sam3s4c_Rf231_Gcc/Obj/fakeBSP.o
                0x00400e54                BSP_OpenTemperatureSensor
 .text.BSP_CloseTemperatureSensor
                0x00400e58        0x4 All_deRFusb23e06_At91sam3s4c_Rf231_Gcc/Obj/fakeBSP.o
                0x00400e58                BSP_CloseTemperatureSensor
 .text.BSP_ReadTemperatureData
                0x00400e5c       0x38 All_deRFusb23e06_At91sam3s4c_Rf231_Gcc/Obj/fakeBSP.o
                0x00400e5c                BSP_ReadTemperatureData
 .text.bspTemperatureSensorHandler
                0x00400e94       0x14 All_deRFusb23e06_At91sam3s4c_Rf231_Gcc/Obj/fakeBSP.o
                0x00400e94                bspTemperatureSensorHandler
 .text.BSP_OpenLightSensor
                0x00400ea8        0x4 All_deRFusb23e06_At91sam3s4c_Rf231_Gcc/Obj/fakeBSP.o
                0x00400ea8                BSP_OpenLightSensor
 .text.BSP_CloseLightSensor
                0x00400eac        0x4 All_deRFusb23e06_At91sam3s4c_Rf231_Gcc/Obj/fakeBSP.o
                0x00400eac                BSP_CloseLightSensor
 .text.BSP_ReadLightData
                0x00400eb0       0x38 All_deRFusb23e06_At91sam3s4c_Rf231_Gcc/Obj/fakeBSP.o
                0x00400eb0                BSP_ReadLightData
 .text.bspLightSensorHandler
                0x00400ee8       0x14 All_deRFusb23e06_At91sam3s4c_Rf231_Gcc/Obj/fakeBSP.o
                0x00400ee8                bspLightSensorHandler
 .text.BSP_OpenBatterySensor
                0x00400efc        0x4 All_deRFusb23e06_At91sam3s4c_Rf231_Gcc/Obj/fakeBSP.o
                0x00400efc                BSP_OpenBatterySensor
 .text.BSP_CloseBatterySensor
                0x00400f00        0x4 All_deRFusb23e06_At91sam3s4c_Rf231_Gcc/Obj/fakeBSP.o
                0x00400f00                BSP_CloseBatterySensor
 .text.BSP_ReadBatteryData
                0x00400f04       0x38 All_deRFusb23e06_At91sam3s4c_Rf231_Gcc/Obj/fakeBSP.o
                0x00400f04                BSP_ReadBatteryData
 .text.bspEmptyBatteryHandler
                0x00400f3c       0x10 All_deRFusb23e06_At91sam3s4c_Rf231_Gcc/Obj/fakeBSP.o
                0x00400f3c                bspEmptyBatteryHandler
 .text.vcpTmtCallback
                0x00400f4c       0x78 All_deRFusb23e06_At91sam3s4c_Rf231_Gcc/Obj/vcpVirtualUsart.o
                0x00400f4c                vcpTmtCallback
 .text.VCP_OpenUsart
                0x00400fc4       0x50 All_deRFusb23e06_At91sam3s4c_Rf231_Gcc/Obj/vcpVirtualUsart.o
                0x00400fc4                VCP_OpenUsart
 .text.VCP_WriteUsart
                0x00401014       0xc0 All_deRFusb23e06_At91sam3s4c_Rf231_Gcc/Obj/vcpVirtualUsart.o
                0x00401014                VCP_WriteUsart
 .text.vcpEnableReadPipe
                0x004010d4       0x90 All_deRFusb23e06_At91sam3s4c_Rf231_Gcc/Obj/vcpVirtualUsart.o
                0x004010d4                vcpEnableReadPipe
 .text.vcpRcvCallback
                0x00401164       0x3c All_deRFusb23e06_At91sam3s4c_Rf231_Gcc/Obj/vcpVirtualUsart.o
                0x00401164                vcpRcvCallback
 .text.VCP_ReadUsart
                0x004011a0       0xe0 All_deRFusb23e06_At91sam3s4c_Rf231_Gcc/Obj/vcpVirtualUsart.o
                0x004011a0                VCP_ReadUsart
 .text.vcpResponseSetLineCoding
                0x00401280        0x4 All_deRFusb23e06_At91sam3s4c_Rf231_Gcc/Obj/vcpCdcProtocol.o
                0x00401280                vcpResponseSetLineCoding
 .text.vcpResponseGetLineCoding
                0x00401284       0x2c All_deRFusb23e06_At91sam3s4c_Rf231_Gcc/Obj/vcpCdcProtocol.o
                0x00401284                vcpResponseGetLineCoding
 .text.vcpRequestHandler
                0x004012b0       0x50 All_deRFusb23e06_At91sam3s4c_Rf231_Gcc/Obj/vcpCdcProtocol.o
                0x004012b0                vcpRequestHandler
 .text.setupProcessRequestHandler
                0x00401300       0x12 All_deRFusb23e06_At91sam3s4c_Rf231_Gcc/Obj/usbSetupProcess.o
                0x00401300                setupProcessRequestHandler
 .text.sendZLP  0x00401312       0x12 All_deRFusb23e06_At91sam3s4c_Rf231_Gcc/Obj/usbEnumeration.o
                0x00401312                sendZLP
 .text.runtimeSetConfiguration
                0x00401324        0xe All_deRFusb23e06_At91sam3s4c_Rf231_Gcc/Obj/usbEnumeration.o
                0x00401324                runtimeSetConfiguration
 *fill*         0x00401332        0x2 00
 .text.runtimeGetDescriptorHandler
                0x00401334       0x6c All_deRFusb23e06_At91sam3s4c_Rf231_Gcc/Obj/usbEnumeration.o
                0x00401334                runtimeGetDescriptorHandler
 .text.runtimeRequestHandler
                0x004013a0       0xa8 All_deRFusb23e06_At91sam3s4c_Rf231_Gcc/Obj/usbEnumeration.o
                0x004013a0                runtimeRequestHandler
 .text.usbBusResetAction
                0x00401448        0xc All_deRFusb23e06_At91sam3s4c_Rf231_Gcc/Obj/usbEnumeration.o
                0x00401448                usbBusResetAction
 .text.csSetToDefault
                0x00401454       0x78 All_deRFusb23e06_At91sam3s4c_Rf231_Gcc/Obj/csMem.o
                0x00401454                csSetToDefault
 .text.csGetItem
                0x004014cc       0x24 All_deRFusb23e06_At91sam3s4c_Rf231_Gcc/Obj/configServer.o
 .text.CS_Init  0x004014f0        0x4 All_deRFusb23e06_At91sam3s4c_Rf231_Gcc/Obj/configServer.o
                0x004014f0                CS_Init
 .text.CS_ReadParameter
                0x004014f4       0x26 All_deRFusb23e06_At91sam3s4c_Rf231_Gcc/Obj/configServer.o
                0x004014f4                CS_ReadParameter
 .text.CS_WriteParameter
                0x0040151a       0x2c All_deRFusb23e06_At91sam3s4c_Rf231_Gcc/Obj/configServer.o
                0x0040151a                CS_WriteParameter
 .text.CS_GetMemory
                0x00401546       0x1a All_deRFusb23e06_At91sam3s4c_Rf231_Gcc/Obj/configServer.o
                0x00401546                CS_GetMemory
 .text.halStartAtomic
                0x00401560        0xe ./../../../../BitCloud/lib/libHAL_deRFusb23e06_At91sam3s4c_64Mhz_Gcc.a(atomic.o)
                0x00401560                halStartAtomic
 .text.halEndAtomic
                0x0040156e        0xa ./../../../../BitCloud/lib/libHAL_deRFusb23e06_At91sam3s4c_64Mhz_Gcc.a(atomic.o)
                0x0040156e                halEndAtomic
 .text.__get_PRIMASK
                0x00401578        0x6 ./../../../../BitCloud/lib/libHAL_deRFusb23e06_At91sam3s4c_64Mhz_Gcc.a(core_cm3.o)
                0x00401578                __get_PRIMASK
 .text.__set_PRIMASK
                0x0040157e        0x6 ./../../../../BitCloud/lib/libHAL_deRFusb23e06_At91sam3s4c_64Mhz_Gcc.a(core_cm3.o)
                0x0040157e                __set_PRIMASK
 .text.halIrqHandlerNotUsed
                0x00401584        0x2 ./../../../../BitCloud/lib/libHAL_deRFusb23e06_At91sam3s4c_64Mhz_Gcc.a(halVectorTable.o)
 *fill*         0x00401586        0x2 00
 .text.halAdjustSleepInterval
                0x00401588       0x3c ./../../../../BitCloud/lib/libHAL_deRFusb23e06_At91sam3s4c_64Mhz_Gcc.a(halAppClock.o)
                0x00401588                halAdjustSleepInterval
 .text.halAppSystemTimeSynchronize
                0x004015c4       0x34 ./../../../../BitCloud/lib/libHAL_deRFusb23e06_At91sam3s4c_64Mhz_Gcc.a(halAppClock.o)
                0x004015c4                halAppSystemTimeSynchronize
 .text.timerHandler
                0x004015f8       0x70 ./../../../../BitCloud/lib/libHAL_deRFusb23e06_At91sam3s4c_64Mhz_Gcc.a(halAppClock.o)
                0x004015f8                timerHandler
 .text.halStartAppClock
                0x00401668       0x50 ./../../../../BitCloud/lib/libHAL_deRFusb23e06_At91sam3s4c_64Mhz_Gcc.a(halAppClock.o)
                0x00401668                halStartAppClock
 .text.halStopAppClock
                0x004016b8        0xc ./../../../../BitCloud/lib/libHAL_deRFusb23e06_At91sam3s4c_64Mhz_Gcc.a(halAppClock.o)
                0x004016b8                halStopAppClock
 .text.halGetTimeOfAppTimer
                0x004016c4       0x10 ./../../../../BitCloud/lib/libHAL_deRFusb23e06_At91sam3s4c_64Mhz_Gcc.a(halAppClock.o)
                0x004016c4                halGetTimeOfAppTimer
 .text.halDelayUs
                0x004016d4       0x30 ./../../../../BitCloud/lib/libHAL_deRFusb23e06_At91sam3s4c_64Mhz_Gcc.a(halAppClock.o)
                0x004016d4                halDelayUs
 .text.commonUsartHandler
                0x00401704       0x80 ./../../../../BitCloud/lib/libHAL_deRFusb23e06_At91sam3s4c_64Mhz_Gcc.a(halUsart.o)
                0x00401704                commonUsartHandler
 .text.usart0Handler
                0x00401784       0x10 ./../../../../BitCloud/lib/libHAL_deRFusb23e06_At91sam3s4c_64Mhz_Gcc.a(halUsart.o)
                0x00401784                usart0Handler
 .text.usart1Handler
                0x00401794       0x10 ./../../../../BitCloud/lib/libHAL_deRFusb23e06_At91sam3s4c_64Mhz_Gcc.a(halUsart.o)
                0x00401794                usart1Handler
 .text.halPostUartTask
                0x004017a4       0x44 ./../../../../BitCloud/lib/libHAL_deRFusb23e06_At91sam3s4c_64Mhz_Gcc.a(halUart.o)
 .text.halUartTaskUart1Rxc
                0x004017e8       0x10 ./../../../../BitCloud/lib/libHAL_deRFusb23e06_At91sam3s4c_64Mhz_Gcc.a(halUart.o)
 .text.halUartTaskUart0Rxc
                0x004017f8       0x10 ./../../../../BitCloud/lib/libHAL_deRFusb23e06_At91sam3s4c_64Mhz_Gcc.a(halUart.o)
 .text.halUartTaskUart1Txc
                0x00401808       0x10 ./../../../../BitCloud/lib/libHAL_deRFusb23e06_At91sam3s4c_64Mhz_Gcc.a(halUart.o)
 .text.halUartTaskUart0Txc
                0x00401818       0x10 ./../../../../BitCloud/lib/libHAL_deRFusb23e06_At91sam3s4c_64Mhz_Gcc.a(halUart.o)
 .text.halUartTaskUart1Dre
                0x00401828       0x10 ./../../../../BitCloud/lib/libHAL_deRFusb23e06_At91sam3s4c_64Mhz_Gcc.a(halUart.o)
 .text.halUartTaskUart0Dre
                0x00401838       0x10 ./../../../../BitCloud/lib/libHAL_deRFusb23e06_At91sam3s4c_64Mhz_Gcc.a(halUart.o)
 .text.halSigUartHandler
                0x00401848       0x3c ./../../../../BitCloud/lib/libHAL_deRFusb23e06_At91sam3s4c_64Mhz_Gcc.a(halUart.o)
                0x00401848                halSigUartHandler
 .text.uart0Handler
                0x00401884       0x68 ./../../../../BitCloud/lib/libHAL_deRFusb23e06_At91sam3s4c_64Mhz_Gcc.a(halUart.o)
                0x00401884                uart0Handler
 .text.halClearCSR
                0x004018ec       0x48 ./../../../../BitCloud/lib/libHAL_deRFusb23e06_At91sam3s4c_64Mhz_Gcc.a(halUsb.o)
 .text.halSetCSR
                0x00401934       0x48 ./../../../../BitCloud/lib/libHAL_deRFusb23e06_At91sam3s4c_64Mhz_Gcc.a(halUsb.o)
 .text.halWritePayload
                0x0040197c       0x50 ./../../../../BitCloud/lib/libHAL_deRFusb23e06_At91sam3s4c_64Mhz_Gcc.a(halUsb.o)
 .text.halClearRxFlag
                0x004019cc       0x98 ./../../../../BitCloud/lib/libHAL_deRFusb23e06_At91sam3s4c_64Mhz_Gcc.a(halUsb.o)
 .text.usbHandler
                0x00401a64      0x100 ./../../../../BitCloud/lib/libHAL_deRFusb23e06_At91sam3s4c_64Mhz_Gcc.a(halUsb.o)
                0x00401a64                usbHandler
 .text.halUsbInterrupt
                0x00401b64       0x28 ./../../../../BitCloud/lib/libHAL_deRFusb23e06_At91sam3s4c_64Mhz_Gcc.a(halUsb.o)
                0x00401b64                halUsbInterrupt
 .text.halEndOfTransfer
                0x00401b8c       0x3c ./../../../../BitCloud/lib/libHAL_deRFusb23e06_At91sam3s4c_64Mhz_Gcc.a(halUsb.o)
                0x00401b8c                halEndOfTransfer
 .text.halResetEndpoints
                0x00401bc8       0x30 ./../../../../BitCloud/lib/libHAL_deRFusb23e06_At91sam3s4c_64Mhz_Gcc.a(halUsb.o)
                0x00401bc8                halResetEndpoints
 .text.halDisableEndpoints
                0x00401bf8       0x24 ./../../../../BitCloud/lib/libHAL_deRFusb23e06_At91sam3s4c_64Mhz_Gcc.a(halUsb.o)
                0x00401bf8                halDisableEndpoints
 .text.halEndOfBusResetHandler
                0x00401c1c       0x34 ./../../../../BitCloud/lib/libHAL_deRFusb23e06_At91sam3s4c_64Mhz_Gcc.a(halUsb.o)
                0x00401c1c                halEndOfBusResetHandler
 .text.halEndpointHandler
                0x00401c50      0x250 ./../../../../BitCloud/lib/libHAL_deRFusb23e06_At91sam3s4c_64Mhz_Gcc.a(halUsb.o)
                0x00401c50                halEndpointHandler
 .text.halConfigureEndpoint
                0x00401ea0       0x34 ./../../../../BitCloud/lib/libHAL_deRFusb23e06_At91sam3s4c_64Mhz_Gcc.a(halUsb.o)
                0x00401ea0                halConfigureEndpoint
 .text.halStartUsbWrite
                0x00401ed4       0x60 ./../../../../BitCloud/lib/libHAL_deRFusb23e06_At91sam3s4c_64Mhz_Gcc.a(halUsb.o)
                0x00401ed4                halStartUsbWrite
 .text.halSendStallToHost
                0x00401f34        0xa ./../../../../BitCloud/lib/libHAL_deRFusb23e06_At91sam3s4c_64Mhz_Gcc.a(halUsb.o)
                0x00401f34                halSendStallToHost
 *fill*         0x00401f3e        0x2 00
 .text.halSetUsbAddress
                0x00401f40       0x18 ./../../../../BitCloud/lib/libHAL_deRFusb23e06_At91sam3s4c_64Mhz_Gcc.a(halUsb.o)
                0x00401f40                halSetUsbAddress
 .text.halSetUsbConfigState
                0x00401f58       0x18 ./../../../../BitCloud/lib/libHAL_deRFusb23e06_At91sam3s4c_64Mhz_Gcc.a(halUsb.o)
                0x00401f58                halSetUsbConfigState
 .text.halProcessExtIrq
                0x00401f70       0x36 ./../../../../BitCloud/lib/libHAL_deRFusb23e06_At91sam3s4c_64Mhz_Gcc.a(halIrq.o)
 *fill*         0x00401fa6        0x2 00
 .text.halRegisterExtIrq
                0x00401fa8      0x168 ./../../../../BitCloud/lib/libHAL_deRFusb23e06_At91sam3s4c_64Mhz_Gcc.a(halIrq.o)
                0x00401fa8                halRegisterExtIrq
 .text.halEnableExtIrq
                0x00402110       0x20 ./../../../../BitCloud/lib/libHAL_deRFusb23e06_At91sam3s4c_64Mhz_Gcc.a(halIrq.o)
                0x00402110                halEnableExtIrq
 .text.halDisableExtIrq
                0x00402130       0x38 ./../../../../BitCloud/lib/libHAL_deRFusb23e06_At91sam3s4c_64Mhz_Gcc.a(halIrq.o)
                0x00402130                halDisableExtIrq
 .text.halClearExtIrq
                0x00402168       0x74 ./../../../../BitCloud/lib/libHAL_deRFusb23e06_At91sam3s4c_64Mhz_Gcc.a(halIrq.o)
                0x00402168                halClearExtIrq
 .text.pioaHandler
                0x004021dc       0x10 ./../../../../BitCloud/lib/libHAL_deRFusb23e06_At91sam3s4c_64Mhz_Gcc.a(halIrq.o)
                0x004021dc                pioaHandler
 .text.piobHandler
                0x004021ec       0x10 ./../../../../BitCloud/lib/libHAL_deRFusb23e06_At91sam3s4c_64Mhz_Gcc.a(halIrq.o)
                0x004021ec                piobHandler
 .text.piocHandler
                0x004021fc       0x10 ./../../../../BitCloud/lib/libHAL_deRFusb23e06_At91sam3s4c_64Mhz_Gcc.a(halIrq.o)
                0x004021fc                piocHandler
 .text.hsmciHandler
                0x0040220c       0xec ./../../../../BitCloud/lib/libHAL_deRFusb23e06_At91sam3s4c_64Mhz_Gcc.a(halHsmci.o)
                0x0040220c                hsmciHandler
 .text.halHsmciHandler
                0x004022f8       0x14 ./../../../../BitCloud/lib/libHAL_deRFusb23e06_At91sam3s4c_64Mhz_Gcc.a(halHsmci.o)
                0x004022f8                halHsmciHandler
 .text.halStartSleepTimerClock
                0x0040230c       0x44 ./../../../../BitCloud/lib/libHAL_deRFusb23e06_At91sam3s4c_64Mhz_Gcc.a(halSleepTimerClock.o)
                0x0040230c                halStartSleepTimerClock
 .text.halSetSleepTimerInterval
                0x00402350       0x24 ./../../../../BitCloud/lib/libHAL_deRFusb23e06_At91sam3s4c_64Mhz_Gcc.a(halSleepTimerClock.o)
                0x00402350                halSetSleepTimerInterval
 .text.halGetTimeOfSleepTimer
                0x00402374       0x54 ./../../../../BitCloud/lib/libHAL_deRFusb23e06_At91sam3s4c_64Mhz_Gcc.a(halSleepTimerClock.o)
                0x00402374                halGetTimeOfSleepTimer
 .text.halSleepTimerFrequency
                0x004023c8        0x4 ./../../../../BitCloud/lib/libHAL_deRFusb23e06_At91sam3s4c_64Mhz_Gcc.a(halSleepTimerClock.o)
                0x004023c8                halSleepTimerFrequency
 .text.rttHandler
                0x004023cc       0x80 ./../../../../BitCloud/lib/libHAL_deRFusb23e06_At91sam3s4c_64Mhz_Gcc.a(halSleepTimerClock.o)
                0x004023cc                rttHandler
 .text.halPowerOn
                0x0040244c       0x54 ./../../../../BitCloud/lib/libHAL_deRFusb23e06_At91sam3s4c_64Mhz_Gcc.a(halSleep.o)
                0x0040244c                halPowerOn
 .text.halPowerOff
                0x004024a0       0x74 ./../../../../BitCloud/lib/libHAL_deRFusb23e06_At91sam3s4c_64Mhz_Gcc.a(halSleep.o)
                0x004024a0                halPowerOff
 .text.HAL_Sleep
                0x00402514       0x40 ./../../../../BitCloud/lib/libHAL_deRFusb23e06_At91sam3s4c_64Mhz_Gcc.a(halSleep.o)
                0x00402514                HAL_Sleep
 .text.halWakeupHandler
                0x00402554       0x60 ./../../../../BitCloud/lib/libHAL_deRFusb23e06_At91sam3s4c_64Mhz_Gcc.a(halSleep.o)
                0x00402554                halWakeupHandler
 .text.gccReset
                0x004025b4       0x50 ./../../../../BitCloud/lib/libHAL_deRFusb23e06_At91sam3s4c_64Mhz_Gcc.a(halStartupGcc.o)
                0x004025b4                gccReset
 .text.HAL_Delay
                0x00402604        0x8 ./../../../../BitCloud/lib/libHAL_deRFusb23e06_At91sam3s4c_64Mhz_Gcc.a(halRfCtrl.o)
                0x00402604                HAL_Delay
 .text.HAL_ClearRfIrqFlag
                0x0040260c        0xa ./../../../../BitCloud/lib/libHAL_deRFusb23e06_At91sam3s4c_64Mhz_Gcc.a(halRfCtrl.o)
                0x0040260c                HAL_ClearRfIrqFlag
 .text.HAL_EnableRfIrq
                0x00402616        0xa ./../../../../BitCloud/lib/libHAL_deRFusb23e06_At91sam3s4c_64Mhz_Gcc.a(halRfCtrl.o)
                0x00402616                HAL_EnableRfIrq
 .text.HAL_DisableRfIrq
                0x00402620        0xc ./../../../../BitCloud/lib/libHAL_deRFusb23e06_At91sam3s4c_64Mhz_Gcc.a(halRfCtrl.o)
                0x00402620                HAL_DisableRfIrq
 .text.HAL_SetRfSlpTr
                0x0040262c       0x10 ./../../../../BitCloud/lib/libHAL_deRFusb23e06_At91sam3s4c_64Mhz_Gcc.a(halRfCtrl.o)
                0x0040262c                HAL_SetRfSlpTr
 .text.HAL_ClearRfSlpTr
                0x0040263c       0x10 ./../../../../BitCloud/lib/libHAL_deRFusb23e06_At91sam3s4c_64Mhz_Gcc.a(halRfCtrl.o)
                0x0040263c                HAL_ClearRfSlpTr
 .text.HAL_SetRfRst
                0x0040264c       0x10 ./../../../../BitCloud/lib/libHAL_deRFusb23e06_At91sam3s4c_64Mhz_Gcc.a(halRfCtrl.o)
                0x0040264c                HAL_SetRfRst
 .text.HAL_ClearRfRst
                0x0040265c       0x10 ./../../../../BitCloud/lib/libHAL_deRFusb23e06_At91sam3s4c_64Mhz_Gcc.a(halRfCtrl.o)
                0x0040265c                HAL_ClearRfRst
 .text.HAL_InitRfPins
                0x0040266c       0x18 ./../../../../BitCloud/lib/libHAL_deRFusb23e06_At91sam3s4c_64Mhz_Gcc.a(halRfCtrl.o)
                0x0040266c                HAL_InitRfPins
 .text.HAL_InitRfIrq
                0x00402684       0x28 ./../../../../BitCloud/lib/libHAL_deRFusb23e06_At91sam3s4c_64Mhz_Gcc.a(halRfCtrl.o)
                0x00402684                HAL_InitRfIrq
 .text.HAL_GetRfFreq
                0x004026ac        0x4 ./../../../../BitCloud/lib/libHAL_deRFusb23e06_At91sam3s4c_64Mhz_Gcc.a(halRfCtrl.o)
                0x004026ac                HAL_GetRfFreq
 .text.halWaitRadio
                0x004026b0       0x20 ./../../../../BitCloud/lib/libHAL_deRFusb23e06_At91sam3s4c_64Mhz_Gcc.a(halRfCtrl.o)
                0x004026b0                halWaitRadio
 .text.HAL_EnableRxTxSwitcher
                0x004026d0        0x8 ./../../../../BitCloud/lib/libHAL_deRFusb23e06_At91sam3s4c_64Mhz_Gcc.a(halRfCtrl.o)
                0x004026d0                HAL_EnableRxTxSwitcher
 .text.HAL_InitAntennaDiversity
                0x004026d8        0x2 ./../../../../BitCloud/lib/libHAL_deRFusb23e06_At91sam3s4c_64Mhz_Gcc.a(halRfCtrl.o)
                0x004026d8                HAL_InitAntennaDiversity
 .text.HAL_EnableRxAntennaDiversity
                0x004026da        0x2 ./../../../../BitCloud/lib/libHAL_deRFusb23e06_At91sam3s4c_64Mhz_Gcc.a(halRfCtrl.o)
                0x004026da                HAL_EnableRxAntennaDiversity
 .text.HAL_EnableTxAntennaDiversity
                0x004026dc        0x2 ./../../../../BitCloud/lib/libHAL_deRFusb23e06_At91sam3s4c_64Mhz_Gcc.a(halRfCtrl.o)
                0x004026dc                HAL_EnableTxAntennaDiversity
 *fill*         0x004026de        0x2 00
 .text.HAL_InitRfSpi
                0x004026e0       0x44 ./../../../../BitCloud/lib/libHAL_deRFusb23e06_At91sam3s4c_64Mhz_Gcc.a(halRfSpi.o)
                0x004026e0                HAL_InitRfSpi
 .text.HAL_WriteByteRfSpi
                0x00402724       0x18 ./../../../../BitCloud/lib/libHAL_deRFusb23e06_At91sam3s4c_64Mhz_Gcc.a(halRfSpi.o)
                0x00402724                HAL_WriteByteRfSpi
 .text.HAL_DeselectRfSpi
                0x0040273c       0x10 ./../../../../BitCloud/lib/libHAL_deRFusb23e06_At91sam3s4c_64Mhz_Gcc.a(halRfSpi.o)
                0x0040273c                HAL_DeselectRfSpi
 .text.HAL_SelectRfSpi
                0x0040274c       0x10 ./../../../../BitCloud/lib/libHAL_deRFusb23e06_At91sam3s4c_64Mhz_Gcc.a(halRfSpi.o)
                0x0040274c                HAL_SelectRfSpi
 .text.HAL_InitMacIsr
                0x0040275c       0x14 ./../../../../BitCloud/lib/libHAL_deRFusb23e06_At91sam3s4c_64Mhz_Gcc.a(halMacIsr.o)
                0x0040275c                HAL_InitMacIsr
 .text.HAL_StartRtimer
                0x00402770       0x54 ./../../../../BitCloud/lib/libHAL_deRFusb23e06_At91sam3s4c_64Mhz_Gcc.a(halMacIsr.o)
                0x00402770                HAL_StartRtimer
 .text.HAL_StopRtimer
                0x004027c4       0x18 ./../../../../BitCloud/lib/libHAL_deRFusb23e06_At91sam3s4c_64Mhz_Gcc.a(halMacIsr.o)
                0x004027c4                HAL_StopRtimer
 .text.halMacTimerHandler
                0x004027dc       0x50 ./../../../../BitCloud/lib/libHAL_deRFusb23e06_At91sam3s4c_64Mhz_Gcc.a(halMacIsr.o)
                0x004027dc                halMacTimerHandler
 .text.halAppTimerHandler
                0x0040282c       0x40 ./../../../../BitCloud/lib/libHAL_deRFusb23e06_At91sam3s4c_64Mhz_Gcc.a(appTimer.o)
                0x0040282c                halAppTimerHandler
 .text.HAL_StartAppTimer
                0x0040286c       0x3c ./../../../../BitCloud/lib/libHAL_deRFusb23e06_At91sam3s4c_64Mhz_Gcc.a(appTimer.o)
                0x0040286c                HAL_StartAppTimer
 .text.HAL_StopAppTimer
                0x004028a8       0x34 ./../../../../BitCloud/lib/libHAL_deRFusb23e06_At91sam3s4c_64Mhz_Gcc.a(appTimer.o)
                0x004028a8                HAL_StopAppTimer
 .text.HAL_GetSystemTime
                0x004028dc       0x18 ./../../../../BitCloud/lib/libHAL_deRFusb23e06_At91sam3s4c_64Mhz_Gcc.a(appTimer.o)
                0x004028dc                HAL_GetSystemTime
 .text.HAL_TaskHandler
                0x004028f4      0x1e0 ./../../../../BitCloud/lib/libHAL_deRFusb23e06_At91sam3s4c_64Mhz_Gcc.a(halTaskManager.o)
                0x004028f4                HAL_TaskHandler
 .text.HAL_StartSystemSleep
                0x00402ad4       0x5c ./../../../../BitCloud/lib/libHAL_deRFusb23e06_At91sam3s4c_64Mhz_Gcc.a(sleep.o)
                0x00402ad4                HAL_StartSystemSleep
 .text.halAddTimer
                0x00402b30       0x76 ./../../../../BitCloud/lib/libHAL_deRFusb23e06_At91sam3s4c_64Mhz_Gcc.a(timer.o)
                0x00402b30                halAddTimer
 .text.halRemoveTimer
                0x00402ba6       0x1c ./../../../../BitCloud/lib/libHAL_deRFusb23e06_At91sam3s4c_64Mhz_Gcc.a(timer.o)
                0x00402ba6                halRemoveTimer
 .text.halFindPrevTimer
                0x00402bc2       0x12 ./../../../../BitCloud/lib/libHAL_deRFusb23e06_At91sam3s4c_64Mhz_Gcc.a(timer.o)
                0x00402bc2                halFindPrevTimer
 .text.halSigUsartReceptionComplete
                0x00402bd4       0x3c ./../../../../BitCloud/lib/libHAL_deRFusb23e06_At91sam3s4c_64Mhz_Gcc.a(usart.o)
 .text.halUsartTaskUsart1Rxc
                0x00402c10       0x10 ./../../../../BitCloud/lib/libHAL_deRFusb23e06_At91sam3s4c_64Mhz_Gcc.a(usart.o)
 .text.halUsartTaskUsart0Rxc
                0x00402c20       0x10 ./../../../../BitCloud/lib/libHAL_deRFusb23e06_At91sam3s4c_64Mhz_Gcc.a(usart.o)
 .text.halUsartHwController
                0x00402c30       0xc4 ./../../../../BitCloud/lib/libHAL_deRFusb23e06_At91sam3s4c_64Mhz_Gcc.a(usart.o)
 .text.hwControlPinsPollCallback
                0x00402cf4       0x10 ./../../../../BitCloud/lib/libHAL_deRFusb23e06_At91sam3s4c_64Mhz_Gcc.a(usart.o)
                0x00402cf4                hwControlPinsPollCallback
 .text.halUsartTaskUsart1Dre
                0x00402d04       0x10 ./../../../../BitCloud/lib/libHAL_deRFusb23e06_At91sam3s4c_64Mhz_Gcc.a(usart.o)
 .text.halUsartTaskUsart0Dre
                0x00402d14       0x10 ./../../../../BitCloud/lib/libHAL_deRFusb23e06_At91sam3s4c_64Mhz_Gcc.a(usart.o)
 .text.halSigUsartHandler
                0x00402d24       0x68 ./../../../../BitCloud/lib/libHAL_deRFusb23e06_At91sam3s4c_64Mhz_Gcc.a(usart.o)
                0x00402d24                halSigUsartHandler
 .text.halPostUsartTask
                0x00402d8c       0x44 ./../../../../BitCloud/lib/libHAL_deRFusb23e06_At91sam3s4c_64Mhz_Gcc.a(usart.o)
                0x00402d8c                halPostUsartTask
 .text.halUsartRxBufferFiller
                0x00402dd0       0xa4 ./../../../../BitCloud/lib/libHAL_deRFusb23e06_At91sam3s4c_64Mhz_Gcc.a(usart.o)
                0x00402dd0                halUsartRxBufferFiller
 .text.halSigUsartTransmissionComplete
                0x00402e74       0x54 ./../../../../BitCloud/lib/libHAL_deRFusb23e06_At91sam3s4c_64Mhz_Gcc.a(usart.o)
                0x00402e74                halSigUsartTransmissionComplete
 .text.halUsartTaskUsart1Txc
                0x00402ec8       0x10 ./../../../../BitCloud/lib/libHAL_deRFusb23e06_At91sam3s4c_64Mhz_Gcc.a(usart.o)
 .text.halUsartTaskUsart0Txc
                0x00402ed8       0x10 ./../../../../BitCloud/lib/libHAL_deRFusb23e06_At91sam3s4c_64Mhz_Gcc.a(usart.o)
 .text.halUartStoreRx
                0x00402ee8       0x54 ./../../../../BitCloud/lib/libHAL_deRFusb23e06_At91sam3s4c_64Mhz_Gcc.a(uart.o)
                0x00402ee8                halUartStoreRx
 .text.halUartTx
                0x00402f3c       0x58 ./../../../../BitCloud/lib/libHAL_deRFusb23e06_At91sam3s4c_64Mhz_Gcc.a(uart.o)
                0x00402f3c                halUartTx
 .text.halSigUartTransmissionComplete
                0x00402f94       0x30 ./../../../../BitCloud/lib/libHAL_deRFusb23e06_At91sam3s4c_64Mhz_Gcc.a(uart.o)
                0x00402f94                halSigUartTransmissionComplete
 .text.halSigUartReceptionComplete
                0x00402fc4       0x22 ./../../../../BitCloud/lib/libHAL_deRFusb23e06_At91sam3s4c_64Mhz_Gcc.a(uart.o)
                0x00402fc4                halSigUartReceptionComplete
 *fill*         0x00402fe6        0x2 00
 .text.HAL_RegisterEndOfBusResetHandler
                0x00402fe8        0xc ./../../../../BitCloud/lib/libHAL_deRFusb23e06_At91sam3s4c_64Mhz_Gcc.a(usb.o)
                0x00402fe8                HAL_RegisterEndOfBusResetHandler
 .text.HAL_RegisterRequestHandler
                0x00402ff4        0xc ./../../../../BitCloud/lib/libHAL_deRFusb23e06_At91sam3s4c_64Mhz_Gcc.a(usb.o)
                0x00402ff4                HAL_RegisterRequestHandler
 .text.HAL_ConfigureEndpoint
                0x00403000       0x58 ./../../../../BitCloud/lib/libHAL_deRFusb23e06_At91sam3s4c_64Mhz_Gcc.a(usb.o)
                0x00403000                HAL_ConfigureEndpoint
 .text.HAL_UsbWrite
                0x00403058       0x50 ./../../../../BitCloud/lib/libHAL_deRFusb23e06_At91sam3s4c_64Mhz_Gcc.a(usb.o)
                0x00403058                HAL_UsbWrite
 .text.HAL_UsbRead
                0x004030a8       0x54 ./../../../../BitCloud/lib/libHAL_deRFusb23e06_At91sam3s4c_64Mhz_Gcc.a(usb.o)
                0x004030a8                HAL_UsbRead
 .text.HAL_Stall
                0x004030fc       0x20 ./../../../../BitCloud/lib/libHAL_deRFusb23e06_At91sam3s4c_64Mhz_Gcc.a(usb.o)
                0x004030fc                HAL_Stall
 .text.HAL_SetAddress
                0x0040311c       0x20 ./../../../../BitCloud/lib/libHAL_deRFusb23e06_At91sam3s4c_64Mhz_Gcc.a(usb.o)
                0x0040311c                HAL_SetAddress
 .text.HAL_SetConfiguration
                0x0040313c       0x20 ./../../../../BitCloud/lib/libHAL_deRFusb23e06_At91sam3s4c_64Mhz_Gcc.a(usb.o)
                0x0040313c                HAL_SetConfiguration
 .text.HAL_UsbInit
                0x0040315c       0x50 ./../../../../BitCloud/lib/libHAL_deRFusb23e06_At91sam3s4c_64Mhz_Gcc.a(usb.o)
                0x0040315c                HAL_UsbInit
 .text.HAL_GetState
                0x004031ac        0xc ./../../../../BitCloud/lib/libHAL_deRFusb23e06_At91sam3s4c_64Mhz_Gcc.a(usb.o)
                0x004031ac                HAL_GetState
 .text.halEndPointHandler
                0x004031b8       0x12 ./../../../../BitCloud/lib/libHAL_deRFusb23e06_At91sam3s4c_64Mhz_Gcc.a(usb.o)
                0x004031b8                halEndPointHandler
 *fill*         0x004031ca        0x2 00
 .text.halSuspendHandler
                0x004031cc       0x10 ./../../../../BitCloud/lib/libHAL_deRFusb23e06_At91sam3s4c_64Mhz_Gcc.a(usb.o)
                0x004031cc                halSuspendHandler
 .text.halResumeHandler
                0x004031dc       0x10 ./../../../../BitCloud/lib/libHAL_deRFusb23e06_At91sam3s4c_64Mhz_Gcc.a(usb.o)
                0x004031dc                halResumeHandler
 .text.halBusResetHandler
                0x004031ec       0x14 ./../../../../BitCloud/lib/libHAL_deRFusb23e06_At91sam3s4c_64Mhz_Gcc.a(usb.o)
                0x004031ec                halBusResetHandler
 .text.halSigEepromReadyHandler
                0x00403200       0x14 ./../../../../BitCloud/lib/libHAL_deRFusb23e06_At91sam3s4c_64Mhz_Gcc.a(eeprom.o)
                0x00403200                halSigEepromReadyHandler
 .text.HAL_StartSleepTimer
                0x00403214       0x68 ./../../../../BitCloud/lib/libHAL_deRFusb23e06_At91sam3s4c_64Mhz_Gcc.a(sleepTimer.o)
                0x00403214                HAL_StartSleepTimer
 .text.halAsyncTimerHandler
                0x0040327c       0x3c ./../../../../BitCloud/lib/libHAL_deRFusb23e06_At91sam3s4c_64Mhz_Gcc.a(sleepTimer.o)
                0x0040327c                halAsyncTimerHandler
 .text.halSwitchToRcClock
                0x004032b8       0xc0 ./../../../../BitCloud/lib/libHAL_deRFusb23e06_At91sam3s4c_64Mhz_Gcc.a(halLowLevelInit.o)
                0x004032b8                halSwitchToRcClock
 .text.halSwitchToActiveClock
                0x00403378       0xc8 ./../../../../BitCloud/lib/libHAL_deRFusb23e06_At91sam3s4c_64Mhz_Gcc.a(halLowLevelInit.o)
                0x00403378                halSwitchToActiveClock
 .text.halRestoreStartupClock
                0x00403440        0xc ./../../../../BitCloud/lib/libHAL_deRFusb23e06_At91sam3s4c_64Mhz_Gcc.a(halLowLevelInit.o)
                0x00403440                halRestoreStartupClock
 .text.halLowLevelInit
                0x0040344c       0x2c ./../../../../BitCloud/lib/libHAL_deRFusb23e06_At91sam3s4c_64Mhz_Gcc.a(halLowLevelInit.o)
                0x0040344c                halLowLevelInit
 .text.halDbguPrintAscii
                0x00403478       0x20 ./../../../../BitCloud/lib/libHAL_deRFusb23e06_At91sam3s4c_64Mhz_Gcc.a(halExcHandler.o)
 .text.halDbguPrintHex8
                0x00403498       0x40 ./../../../../BitCloud/lib/libHAL_deRFusb23e06_At91sam3s4c_64Mhz_Gcc.a(halExcHandler.o)
 .text.halCommonExcHandler
                0x004034d8      0x20c ./../../../../BitCloud/lib/libHAL_deRFusb23e06_At91sam3s4c_64Mhz_Gcc.a(halExcHandler.o)
                0x004034d8                halCommonExcHandler
 .text.apsNextBind
                0x004036e4       0x6c ./../../../../BitCloud/lib/libBc_All_At91sam3s4c_Rf231_Gcc.a(aps.o)
 .text.apsPrepareFragmentedTransmission
                0x00403750       0x6c ./../../../../BitCloud/lib/libBc_All_At91sam3s4c_Rf231_Gcc.a(aps.o)
 .text.apsIsFragmentationDataReq
                0x004037bc       0x1c ./../../../../BitCloud/lib/libBc_All_At91sam3s4c_Rf231_Gcc.a(aps.o)
 .text.apsGetBuffer
                0x004037d8       0xb8 ./../../../../BitCloud/lib/libBc_All_At91sam3s4c_Rf231_Gcc.a(aps.o)
 .text.apsFreeBuffer
                0x00403890       0x64 ./../../../../BitCloud/lib/libBc_All_At91sam3s4c_Rf231_Gcc.a(aps.o)
 .text.apsSendNwkDataReq
                0x004038f4       0x10 ./../../../../BitCloud/lib/libBc_All_At91sam3s4c_Rf231_Gcc.a(aps.o)
 .text.apsProcessShortAddrModeDataReq
                0x00403904      0x1ac ./../../../../BitCloud/lib/libBc_All_At91sam3s4c_Rf231_Gcc.a(aps.o)
 .text.apsSendNextBlock
                0x00403ab0       0x10 ./../../../../BitCloud/lib/libBc_All_At91sam3s4c_Rf231_Gcc.a(aps.o)
 .text.apsSendAckForFragmentedReceive
                0x00403ac0       0xb0 ./../../../../BitCloud/lib/libBc_All_At91sam3s4c_Rf231_Gcc.a(aps.o)
 .text.apsProcessGroupAddrModeDataReq
                0x00403b70      0x150 ./../../../../BitCloud/lib/libBc_All_At91sam3s4c_Rf231_Gcc.a(aps.o)
 .text.apsSendToNextBoundDevice
                0x00403cc0       0x72 ./../../../../BitCloud/lib/libBc_All_At91sam3s4c_Rf231_Gcc.a(aps.o)
 .text.apsProcessIndirectDataReq
                0x00403d32       0x1c ./../../../../BitCloud/lib/libBc_All_At91sam3s4c_Rf231_Gcc.a(aps.o)
 *fill*         0x00403d4e        0x2 00
 .text.apsCalculateApsAckTimeout
                0x00403d50       0x1c ./../../../../BitCloud/lib/libBc_All_At91sam3s4c_Rf231_Gcc.a(aps.o)
 .text.SYS_GetRandomNumber
                0x00403d6c       0x18 ./../../../../BitCloud/lib/libBc_All_At91sam3s4c_Rf231_Gcc.a(aps.o)
 .text.apsResetMemoryManager
                0x00403d84       0xc8 ./../../../../BitCloud/lib/libBc_All_At91sam3s4c_Rf231_Gcc.a(aps.o)
 .text.apsPostTask
                0x00403e4c       0x34 ./../../../../BitCloud/lib/libBc_All_At91sam3s4c_Rf231_Gcc.a(aps.o)
 .text.apsDataManagerNwkDataConf
                0x00403e80       0x20 ./../../../../BitCloud/lib/libBc_All_At91sam3s4c_Rf231_Gcc.a(aps.o)
 .text.apsGroupNwkDataConf
                0x00403ea0       0x38 ./../../../../BitCloud/lib/libBc_All_At91sam3s4c_Rf231_Gcc.a(aps.o)
 .text.apsProcessEvent
                0x00403ed8       0x20 ./../../../../BitCloud/lib/libBc_All_At91sam3s4c_Rf231_Gcc.a(aps.o)
 .text.apsAckOnTimerFired
                0x00403ef8       0xb4 ./../../../../BitCloud/lib/libBc_All_At91sam3s4c_Rf231_Gcc.a(aps.o)
 .text.apsFindBindingEntry
                0x00403fac       0x9c ./../../../../BitCloud/lib/libBc_All_At91sam3s4c_Rf231_Gcc.a(aps.o)
 .text.apsMakeApsDataConf
                0x00404048       0x40 ./../../../../BitCloud/lib/libBc_All_At91sam3s4c_Rf231_Gcc.a(aps.o)
 .text.apsAckForFragmentedReceiveConfirmHandler
                0x00404088       0x58 ./../../../../BitCloud/lib/libBc_All_At91sam3s4c_Rf231_Gcc.a(aps.o)
 .text.apsHandleTransmittedData.constprop.12
                0x004040e0       0x50 ./../../../../BitCloud/lib/libBc_All_At91sam3s4c_Rf231_Gcc.a(aps.o)
 .text.APS_BindReq
                0x00404130       0x98 ./../../../../BitCloud/lib/libBc_All_At91sam3s4c_Rf231_Gcc.a(aps.o)
                0x00404130                APS_BindReq
 .text.APS_UnbindReq
                0x004041c8       0x4a ./../../../../BitCloud/lib/libBc_All_At91sam3s4c_Rf231_Gcc.a(aps.o)
                0x004041c8                APS_UnbindReq
 *fill*         0x00404212        0x2 00
 .text.APS_DataReq
                0x00404214       0x18 ./../../../../BitCloud/lib/libBc_All_At91sam3s4c_Rf231_Gcc.a(aps.o)
                0x00404214                APS_DataReq
 .text.NWK_DataInd
                0x0040422c       0x18 ./../../../../BitCloud/lib/libBc_All_At91sam3s4c_Rf231_Gcc.a(aps.o)
                0x0040422c                NWK_DataInd
 .text.APS_CalculateTimes
                0x00404244       0xe4 ./../../../../BitCloud/lib/libBc_All_At91sam3s4c_Rf231_Gcc.a(aps.o)
                0x00404244                APS_CalculateTimes
 .text.apsResetDataManager
                0x00404328       0xac ./../../../../BitCloud/lib/libBc_All_At91sam3s4c_Rf231_Gcc.a(aps.o)
 .text.apsNwkResetConf
                0x004043d4      0x140 ./../../../../BitCloud/lib/libBc_All_At91sam3s4c_Rf231_Gcc.a(aps.o)
 .text.apsStateMachineTaskHandler
                0x00404514       0xcc ./../../../../BitCloud/lib/libBc_All_At91sam3s4c_Rf231_Gcc.a(aps.o)
 .text.APS_IsProfileIdMatched
                0x004045e0       0x1a ./../../../../BitCloud/lib/libBc_All_At91sam3s4c_Rf231_Gcc.a(aps.o)
                0x004045e0                APS_IsProfileIdMatched
 *fill*         0x004045fa        0x2 00
 .text.APS_NextEndpoint
                0x004045fc       0x10 ./../../../../BitCloud/lib/libBc_All_At91sam3s4c_Rf231_Gcc.a(aps.o)
                0x004045fc                APS_NextEndpoint
 .text.apsFindEndpoint
                0x0040460c       0x1a ./../../../../BitCloud/lib/libBc_All_At91sam3s4c_Rf231_Gcc.a(aps.o)
 *fill*         0x00404626        0x2 00
 .text.APS_RegisterEndpointReq
                0x00404628       0x3c ./../../../../BitCloud/lib/libBc_All_At91sam3s4c_Rf231_Gcc.a(aps.o)
                0x00404628                APS_RegisterEndpointReq
 .text.apsGroupIndication
                0x00404664       0x54 ./../../../../BitCloud/lib/libBc_All_At91sam3s4c_Rf231_Gcc.a(aps.o)
 .text.apsUnicastDataInd
                0x004046b8      0x1e8 ./../../../../BitCloud/lib/libBc_All_At91sam3s4c_Rf231_Gcc.a(aps.o)
 .text.apsApduUnicastHandler.constprop.10
                0x004048a0      0x46c ./../../../../BitCloud/lib/libBc_All_At91sam3s4c_Rf231_Gcc.a(aps.o)
 .text.apsDataTaskHandler
                0x00404d0c      0x8e4 ./../../../../BitCloud/lib/libBc_All_At91sam3s4c_Rf231_Gcc.a(aps.o)
 .text.APS_Init
                0x004055f0       0x28 ./../../../../BitCloud/lib/libBc_All_At91sam3s4c_Rf231_Gcc.a(aps.o)
                0x004055f0                APS_Init
 .text.APS_ResetReq
                0x00405618        0x8 ./../../../../BitCloud/lib/libBc_All_At91sam3s4c_Rf231_Gcc.a(aps.o)
                0x00405618                APS_ResetReq
 .text.APS_StartReq
                0x00405620        0x8 ./../../../../BitCloud/lib/libBc_All_At91sam3s4c_Rf231_Gcc.a(aps.o)
                0x00405620                APS_StartReq
 .text.APS_StopReq
                0x00405628        0x8 ./../../../../BitCloud/lib/libBc_All_At91sam3s4c_Rf231_Gcc.a(aps.o)
                0x00405628                APS_StopReq
 .text.APS_IsActiveTransaction
                0x00405630       0x54 ./../../../../BitCloud/lib/libBc_All_At91sam3s4c_Rf231_Gcc.a(aps.o)
                0x00405630                APS_IsActiveTransaction
 .text.APS_TaskHandler
                0x00405684       0x78 ./../../../../BitCloud/lib/libBc_All_At91sam3s4c_Rf231_Gcc.a(aps.o)
                0x00405684                APS_TaskHandler
 .text.SYS_GetRandomNumber
                0x004056fc       0x18 ./../../../../BitCloud/lib/libBc_All_At91sam3s4c_Rf231_Gcc.a(macenvPib.o)
 .text.getSymbolsPerOctet
                0x00405714       0x40 ./../../../../BitCloud/lib/libBc_All_At91sam3s4c_Rf231_Gcc.a(macenvPib.o)
 .text.calculateMaxFrameDuration
                0x00405754       0x14 ./../../../../BitCloud/lib/libBc_All_At91sam3s4c_Rf231_Gcc.a(macenvPib.o)
 .text.storeTransmitPower
                0x00405768       0x58 ./../../../../BitCloud/lib/libBc_All_At91sam3s4c_Rf231_Gcc.a(macenvPib.o)
 .text.macenvGetPhySymbolDuration
                0x004057c0       0x54 ./../../../../BitCloud/lib/libBc_All_At91sam3s4c_Rf231_Gcc.a(macenvPib.o)
                0x004057c0                macenvGetPhySymbolDuration
 .text.updateMaxFrameTxTime
                0x00405814       0x24 ./../../../../BitCloud/lib/libBc_All_At91sam3s4c_Rf231_Gcc.a(macenvPib.o)
 .text.macenvResetPib
                0x00405838       0xb4 ./../../../../BitCloud/lib/libBc_All_At91sam3s4c_Rf231_Gcc.a(macenvPib.o)
                0x00405838                macenvResetPib
 .text.macenvConvertTransPersistTimeFromUnitsToMs
                0x004058ec       0x1a ./../../../../BitCloud/lib/libBc_All_At91sam3s4c_Rf231_Gcc.a(macenvPib.o)
                0x004058ec                macenvConvertTransPersistTimeFromUnitsToMs
 *fill*         0x00405906        0x2 00
 .text.macenvSetPibAttr
                0x00405908      0x1f4 ./../../../../BitCloud/lib/libBc_All_At91sam3s4c_Rf231_Gcc.a(macenvPib.o)
                0x00405908                macenvSetPibAttr
 .text.macenvCalculateMaxFrameTotalWaitTimeInMs
                0x00405afc       0x64 ./../../../../BitCloud/lib/libBc_All_At91sam3s4c_Rf231_Gcc.a(macenvPib.o)
                0x00405afc                macenvCalculateMaxFrameTotalWaitTimeInMs
 .text.macenvCalculateResponceWaitTimeInMs
                0x00405b60       0x24 ./../../../../BitCloud/lib/libBc_All_At91sam3s4c_Rf231_Gcc.a(macenvPib.o)
                0x00405b60                macenvCalculateResponceWaitTimeInMs
 .text.macenvGetPibAttr
                0x00405b84      0x1c0 ./../../../../BitCloud/lib/libBc_All_At91sam3s4c_Rf231_Gcc.a(macenvPib.o)
                0x00405b84                macenvGetPibAttr
 .text.MAC_GetExtAddr
                0x00405d44        0x8 ./../../../../BitCloud/lib/libBc_All_At91sam3s4c_Rf231_Gcc.a(macenvPib.o)
                0x00405d44                MAC_GetExtAddr
 .text.MAC_SetExtAddr
                0x00405d4c       0x10 ./../../../../BitCloud/lib/libBc_All_At91sam3s4c_Rf231_Gcc.a(macenvPib.o)
                0x00405d4c                MAC_SetExtAddr
 .text.MAC_IsOwnExtAddr
                0x00405d5c       0x20 ./../../../../BitCloud/lib/libBc_All_At91sam3s4c_Rf231_Gcc.a(macenvPib.o)
                0x00405d5c                MAC_IsOwnExtAddr
 .text.MAC_GetOctetsTransmissionTimeInMs
                0x00405d7c       0x1c ./../../../../BitCloud/lib/libBc_All_At91sam3s4c_Rf231_Gcc.a(macenvPib.o)
                0x00405d7c                MAC_GetOctetsTransmissionTimeInMs
 .text.nwkAddressConflictIsIdle
                0x00405d98       0x18 ./../../../../BitCloud/lib/libBc_All_At91sam3s4c_Rf231_Gcc.a(nwk.o)
 .text.nwkFindAddressMapEntryByExtAddr
                0x00405db0       0x34 ./../../../../BitCloud/lib/libBc_All_At91sam3s4c_Rf231_Gcc.a(nwk.o)
 .text.nwkAddToAddressMap
                0x00405de4       0x54 ./../../../../BitCloud/lib/libBc_All_At91sam3s4c_Rf231_Gcc.a(nwk.o)
 .text.nwkFindAddressMapEntryByShortAddr
                0x00405e38       0x28 ./../../../../BitCloud/lib/libBc_All_At91sam3s4c_Rf231_Gcc.a(nwk.o)
 .text.nwkDataReqIsIdle
                0x00405e60       0x18 ./../../../../BitCloud/lib/libBc_All_At91sam3s4c_Rf231_Gcc.a(nwk.o)
 .text.nwkDiscoveryIsIdle
                0x00405e78       0x18 ./../../../../BitCloud/lib/libBc_All_At91sam3s4c_Rf231_Gcc.a(nwk.o)
 .text.nwkEDScanIsIdle
                0x00405e90       0x18 ./../../../../BitCloud/lib/libBc_All_At91sam3s4c_Rf231_Gcc.a(nwk.o)
 .text.nwkFormationIsIdle
                0x00405ea8       0x18 ./../../../../BitCloud/lib/libBc_All_At91sam3s4c_Rf231_Gcc.a(nwk.o)
 .text.nwkParseHeader
                0x00405ec0       0x6a ./../../../../BitCloud/lib/libBc_All_At91sam3s4c_Rf231_Gcc.a(nwk.o)
 *fill*         0x00405f2a        0x2 00
 .text.nwkSetDepth
                0x00405f2c       0x10 ./../../../../BitCloud/lib/libBc_All_At91sam3s4c_Rf231_Gcc.a(nwk.o)
 .text.findFreeJoinIndObjFor
                0x00405f3c       0x54 ./../../../../BitCloud/lib/libBc_All_At91sam3s4c_Rf231_Gcc.a(nwk.o)
 .text.nwkJoinIndIsIdle
                0x00405f90       0x28 ./../../../../BitCloud/lib/libBc_All_At91sam3s4c_Rf231_Gcc.a(nwk.o)
 .text.nwkJoinReqIsIdle
                0x00405fb8       0x18 ./../../../../BitCloud/lib/libBc_All_At91sam3s4c_Rf231_Gcc.a(nwk.o)
 .text.nwkLeaveReqIsIdle
                0x00405fd0       0x18 ./../../../../BitCloud/lib/libBc_All_At91sam3s4c_Rf231_Gcc.a(nwk.o)
 .text.nwkLinkStatusIsIdle
                0x00405fe8       0x14 ./../../../../BitCloud/lib/libBc_All_At91sam3s4c_Rf231_Gcc.a(nwk.o)
 .text.nwkLoopbackIsIdle
                0x00405ffc       0x18 ./../../../../BitCloud/lib/libBc_All_At91sam3s4c_Rf231_Gcc.a(nwk.o)
 .text.nwkGetOutgoingCost
                0x00406014       0x24 ./../../../../BitCloud/lib/libBc_All_At91sam3s4c_Rf231_Gcc.a(nwk.o)
 .text.nwkClearNeighborTable
                0x00406038       0x64 ./../../../../BitCloud/lib/libBc_All_At91sam3s4c_Rf231_Gcc.a(nwk.o)
 .text.nwkUpdateCapacityBits
                0x0040609c       0x80 ./../../../../BitCloud/lib/libBc_All_At91sam3s4c_Rf231_Gcc.a(nwk.o)
 .text.nwkUpdateCapacityBitsInBeacon
                0x0040611c       0x50 ./../../../../BitCloud/lib/libBc_All_At91sam3s4c_Rf231_Gcc.a(nwk.o)
 .text.nwkUpdateBeaconPayload
                0x0040616c       0x70 ./../../../../BitCloud/lib/libBc_All_At91sam3s4c_Rf231_Gcc.a(nwk.o)
 .text.nwkFreeNeighbor
                0x004061dc       0x3c ./../../../../BitCloud/lib/libBc_All_At91sam3s4c_Rf231_Gcc.a(nwk.o)
 .text.nwkCostFromLqi
                0x00406218       0x2c ./../../../../BitCloud/lib/libBc_All_At91sam3s4c_Rf231_Gcc.a(nwk.o)
 .text.nwkInitLqiAndCostOfNeighbor
                0x00406244       0x30 ./../../../../BitCloud/lib/libBc_All_At91sam3s4c_Rf231_Gcc.a(nwk.o)
 .text.nwkUpdateLqiAndCostOfNeighbor
                0x00406274       0x40 ./../../../../BitCloud/lib/libBc_All_At91sam3s4c_Rf231_Gcc.a(nwk.o)
 .text.nwkFindPassiveAck
                0x004062b4       0x3c ./../../../../BitCloud/lib/libBc_All_At91sam3s4c_Rf231_Gcc.a(nwk.o)
 .text.nwkNewPassiveAck
                0x004062f0       0xbc ./../../../../BitCloud/lib/libBc_All_At91sam3s4c_Rf231_Gcc.a(nwk.o)
 .text.nwkFreePassiveAck
                0x004063ac       0x34 ./../../../../BitCloud/lib/libBc_All_At91sam3s4c_Rf231_Gcc.a(nwk.o)
 .text.nwkPermitJoiningIsIdle
                0x004063e0       0x20 ./../../../../BitCloud/lib/libBc_All_At91sam3s4c_Rf231_Gcc.a(nwk.o)
 .text.nwkResetIsIdle
                0x00406400       0x14 ./../../../../BitCloud/lib/libBc_All_At91sam3s4c_Rf231_Gcc.a(nwk.o)
 .text.nwkRouteDiscoveryIsIdle
                0x00406414       0x14 ./../../../../BitCloud/lib/libBc_All_At91sam3s4c_Rf231_Gcc.a(nwk.o)
 .text.nwkFindRouteDiscoveryEntry
                0x00406428       0x2c ./../../../../BitCloud/lib/libBc_All_At91sam3s4c_Rf231_Gcc.a(nwk.o)
 .text.nwkFreeRouteDiscoveryEntry
                0x00406454       0x24 ./../../../../BitCloud/lib/libBc_All_At91sam3s4c_Rf231_Gcc.a(nwk.o)
 .text.nwkConfirmRouteRequestTx
                0x00406478       0x34 ./../../../../BitCloud/lib/libBc_All_At91sam3s4c_Rf231_Gcc.a(nwk.o)
 .text.nwkRouteDiscoveryTableIsIdle
                0x004064ac       0x14 ./../../../../BitCloud/lib/libBc_All_At91sam3s4c_Rf231_Gcc.a(nwk.o)
 .text.nwkDeleteNextHop
                0x004064c0       0x34 ./../../../../BitCloud/lib/libBc_All_At91sam3s4c_Rf231_Gcc.a(nwk.o)
 .text.nwkFindRoutingEntry
                0x004064f4       0x38 ./../../../../BitCloud/lib/libBc_All_At91sam3s4c_Rf231_Gcc.a(nwk.o)
 .text.nwkFreeRoutingEntry
                0x0040652c       0x12 ./../../../../BitCloud/lib/libBc_All_At91sam3s4c_Rf231_Gcc.a(nwk.o)
 *fill*         0x0040653e        0x2 00
 .text.nwkUpdateNextHop
                0x00406540       0x88 ./../../../../BitCloud/lib/libBc_All_At91sam3s4c_Rf231_Gcc.a(nwk.o)
 .text.nwkStartRouterIsIdle
                0x004065c8       0x18 ./../../../../BitCloud/lib/libBc_All_At91sam3s4c_Rf231_Gcc.a(nwk.o)
 .text.nwkSendRouteErrorConf
                0x004065e0       0x10 ./../../../../BitCloud/lib/libBc_All_At91sam3s4c_Rf231_Gcc.a(nwk.o)
 .text.nwkSyncIsIdle
                0x004065f0       0x18 ./../../../../BitCloud/lib/libBc_All_At91sam3s4c_Rf231_Gcc.a(nwk.o)
 .text.nwkTxDelayIsIdle
                0x00406608       0x14 ./../../../../BitCloud/lib/libBc_All_At91sam3s4c_Rf231_Gcc.a(nwk.o)
 .text.nwkReloadNibFromConfigServer
                0x0040661c       0x68 ./../../../../BitCloud/lib/libBc_All_At91sam3s4c_Rf231_Gcc.a(nwk.o)
 .text.nwkSetLifeTimeOfNeighbor
                0x00406684       0x70 ./../../../../BitCloud/lib/libBc_All_At91sam3s4c_Rf231_Gcc.a(nwk.o)
 .text.nwkLinkStatusInd
                0x004066f4      0x208 ./../../../../BitCloud/lib/libBc_All_At91sam3s4c_Rf231_Gcc.a(nwk.o)
 .text.nwkAllocPacket
                0x004068fc       0x88 ./../../../../BitCloud/lib/libBc_All_At91sam3s4c_Rf231_Gcc.a(nwk.o)
 .text.nwkAllocInputPacket
                0x00406984       0x1c ./../../../../BitCloud/lib/libBc_All_At91sam3s4c_Rf231_Gcc.a(nwk.o)
 .text.SYS_GetRandomNumber
                0x004069a0       0x18 ./../../../../BitCloud/lib/libBc_All_At91sam3s4c_Rf231_Gcc.a(nwk.o)
 .text.nwkFindDeviceToJoin
                0x004069b8       0xf4 ./../../../../BitCloud/lib/libBc_All_At91sam3s4c_Rf231_Gcc.a(nwk.o)
 .text.nwkStartLinkStatusTimer
                0x00406aac       0x14 ./../../../../BitCloud/lib/libBc_All_At91sam3s4c_Rf231_Gcc.a(nwk.o)
 .text.nwkConfirmLinkStatusTx
                0x00406ac0       0x14 ./../../../../BitCloud/lib/libBc_All_At91sam3s4c_Rf231_Gcc.a(nwk.o)
 .text.nwkStartAgeTimerOfNeighborTable
                0x00406ad4       0x24 ./../../../../BitCloud/lib/libBc_All_At91sam3s4c_Rf231_Gcc.a(nwk.o)
 .text.freeJoinIndObj
                0x00406af8        0x8 ./../../../../BitCloud/lib/libBc_All_At91sam3s4c_Rf231_Gcc.a(nwk.o)
 .text.nwkJoinIndTaskHandler
                0x00406b00       0xc8 ./../../../../BitCloud/lib/libBc_All_At91sam3s4c_Rf231_Gcc.a(nwk.o)
 .text.nwkPrepareCommonFrame
                0x00406bc8       0x4c ./../../../../BitCloud/lib/libBc_All_At91sam3s4c_Rf231_Gcc.a(nwk.o)
 .text.nwkAllocRouteDiscoveryEntry
                0x00406c14       0x78 ./../../../../BitCloud/lib/libBc_All_At91sam3s4c_Rf231_Gcc.a(nwk.o)
 .text.nwkPrepareLeaveChildTx
                0x00406c8c       0xd4 ./../../../../BitCloud/lib/libBc_All_At91sam3s4c_Rf231_Gcc.a(nwk.o)
 .text.nwkPrepareLeaveItselfTx
                0x00406d60       0xa4 ./../../../../BitCloud/lib/libBc_All_At91sam3s4c_Rf231_Gcc.a(nwk.o)
 .text.nwkPrepareJoinRespTx
                0x00406e04       0xf4 ./../../../../BitCloud/lib/libBc_All_At91sam3s4c_Rf231_Gcc.a(nwk.o)
 .text.nwkPrepareJoinReqTx
                0x00406ef8       0x98 ./../../../../BitCloud/lib/libBc_All_At91sam3s4c_Rf231_Gcc.a(nwk.o)
 .text.nwkPrepareLinkStatusTx
                0x00406f90      0x158 ./../../../../BitCloud/lib/libBc_All_At91sam3s4c_Rf231_Gcc.a(nwk.o)
 .text.nwkPermitJoinTimerFired
                0x004070e8       0x2c ./../../../../BitCloud/lib/libBc_All_At91sam3s4c_Rf231_Gcc.a(nwk.o)
 .text.nwkResetRouteDiscoveryTable
                0x00407114       0x64 ./../../../../BitCloud/lib/libBc_All_At91sam3s4c_Rf231_Gcc.a(nwk.o)
 .text.nwkPostTask
                0x00407178       0x34 ./../../../../BitCloud/lib/libBc_All_At91sam3s4c_Rf231_Gcc.a(nwk.o)
 .text.nwkEDScanMacEDScanConf
                0x004071ac       0x2c ./../../../../BitCloud/lib/libBc_All_At91sam3s4c_Rf231_Gcc.a(nwk.o)
 .text.nwkFormationMacRxEnableConf
                0x004071d8       0x1c ./../../../../BitCloud/lib/libBc_All_At91sam3s4c_Rf231_Gcc.a(nwk.o)
 .text.nwkDiscoveryMacActiveScanConf
                0x004071f4       0x30 ./../../../../BitCloud/lib/libBc_All_At91sam3s4c_Rf231_Gcc.a(nwk.o)
 .text.nwkPermitJoiningMacSetConf
                0x00407224       0x30 ./../../../../BitCloud/lib/libBc_All_At91sam3s4c_Rf231_Gcc.a(nwk.o)
 .text.nwkStartRouterMacStartConf
                0x00407254       0x1c ./../../../../BitCloud/lib/libBc_All_At91sam3s4c_Rf231_Gcc.a(nwk.o)
 .text.NWK_JoinConf
                0x00407270       0x38 ./../../../../BitCloud/lib/libBc_All_At91sam3s4c_Rf231_Gcc.a(nwk.o)
 .text.nwkStatusConf
                0x004072a8       0x14 ./../../../../BitCloud/lib/libBc_All_At91sam3s4c_Rf231_Gcc.a(nwk.o)
 .text.nwkRouteDiscoveryTaskHandler
                0x004072bc       0xb4 ./../../../../BitCloud/lib/libBc_All_At91sam3s4c_Rf231_Gcc.a(nwk.o)
 .text.nwkFormationMacActiveScanConf
                0x00407370      0x1bc ./../../../../BitCloud/lib/libBc_All_At91sam3s4c_Rf231_Gcc.a(nwk.o)
 .text.nwkFormationMacStartConf
                0x0040752c       0x44 ./../../../../BitCloud/lib/libBc_All_At91sam3s4c_Rf231_Gcc.a(nwk.o)
 .text.nwkFormationTaskHandler
                0x00407570      0x130 ./../../../../BitCloud/lib/libBc_All_At91sam3s4c_Rf231_Gcc.a(nwk.o)
 .text.nwkFormationMacEDScanConf
                0x004076a0       0xa4 ./../../../../BitCloud/lib/libBc_All_At91sam3s4c_Rf231_Gcc.a(nwk.o)
 .text.nwkFormationMacSetConf
                0x00407744       0xf8 ./../../../../BitCloud/lib/libBc_All_At91sam3s4c_Rf231_Gcc.a(nwk.o)
 .text.nwkLoopbackTaskHandler
                0x0040783c       0xb8 ./../../../../BitCloud/lib/libBc_All_At91sam3s4c_Rf231_Gcc.a(nwk.o)
 .text.nwkBroadcastForMe
                0x004078f4       0x54 ./../../../../BitCloud/lib/libBc_All_At91sam3s4c_Rf231_Gcc.a(nwk.o)
 .text.nwkIsJoiningForbidden
                0x00407948       0x68 ./../../../../BitCloud/lib/libBc_All_At91sam3s4c_Rf231_Gcc.a(nwk.o)
 .text.nwkIsPassiveAckDone.isra.4
                0x004079b0       0x38 ./../../../../BitCloud/lib/libBc_All_At91sam3s4c_Rf231_Gcc.a(nwk.o)
 .text.nwkTxDelayReq
                0x004079e8      0x1c4 ./../../../../BitCloud/lib/libBc_All_At91sam3s4c_Rf231_Gcc.a(nwk.o)
 .text.nwkEDScanTaskHandler
                0x00407bac       0xa4 ./../../../../BitCloud/lib/libBc_All_At91sam3s4c_Rf231_Gcc.a(nwk.o)
 .text.nwkDiscoveryTaskHandler
                0x00407c50       0xac ./../../../../BitCloud/lib/libBc_All_At91sam3s4c_Rf231_Gcc.a(nwk.o)
 .text.nwkDataConf
                0x00407cfc       0x40 ./../../../../BitCloud/lib/libBc_All_At91sam3s4c_Rf231_Gcc.a(nwk.o)
 .text.nwkConfirmDataTx
                0x00407d3c       0x1e ./../../../../BitCloud/lib/libBc_All_At91sam3s4c_Rf231_Gcc.a(nwk.o)
 *fill*         0x00407d5a        0x2 00
 .text.nwkRouteDiscoveryTableTimerFired
                0x00407d5c       0x4c ./../../../../BitCloud/lib/libBc_All_At91sam3s4c_Rf231_Gcc.a(nwk.o)
 .text.nwkPermitJoiningTaskHandler
                0x00407da8       0xb0 ./../../../../BitCloud/lib/libBc_All_At91sam3s4c_Rf231_Gcc.a(nwk.o)
 .text.nwkResetNeighborTable
                0x00407e58       0x7c ./../../../../BitCloud/lib/libBc_All_At91sam3s4c_Rf231_Gcc.a(nwk.o)
 .text.nwkStartRouterTaskHandler
                0x00407ed4       0xc8 ./../../../../BitCloud/lib/libBc_All_At91sam3s4c_Rf231_Gcc.a(nwk.o)
 .text.nwkConfirmLeaveItselfTx
                0x00407f9c       0x40 ./../../../../BitCloud/lib/libBc_All_At91sam3s4c_Rf231_Gcc.a(nwk.o)
 .text.nwkResetTaskHandler
                0x00407fdc       0x50 ./../../../../BitCloud/lib/libBc_All_At91sam3s4c_Rf231_Gcc.a(nwk.o)
 .text.nwkSyncTaskHandler
                0x0040802c       0x9c ./../../../../BitCloud/lib/libBc_All_At91sam3s4c_Rf231_Gcc.a(nwk.o)
 .text.nwkSyncMacPollConf
                0x004080c8       0x5c ./../../../../BitCloud/lib/libBc_All_At91sam3s4c_Rf231_Gcc.a(nwk.o)
 .text.nwkAssociate
                0x00408124       0x84 ./../../../../BitCloud/lib/libBc_All_At91sam3s4c_Rf231_Gcc.a(nwk.o)
 .text.MAC_AssociateConf
                0x004081a8       0xc0 ./../../../../BitCloud/lib/libBc_All_At91sam3s4c_Rf231_Gcc.a(nwk.o)
 .text.nwkGetSuitableParent
                0x00408268       0x68 ./../../../../BitCloud/lib/libBc_All_At91sam3s4c_Rf231_Gcc.a(nwk.o)
 .text.nwkJoinReqMacSetConf
                0x004082d0      0x170 ./../../../../BitCloud/lib/libBc_All_At91sam3s4c_Rf231_Gcc.a(nwk.o)
 .text.macLatencyFired
                0x00408440        0x4 ./../../../../BitCloud/lib/libBc_All_At91sam3s4c_Rf231_Gcc.a(nwk.o)
 .text.nwkConfirmJoinReqTx
                0x00408444       0x4c ./../../../../BitCloud/lib/libBc_All_At91sam3s4c_Rf231_Gcc.a(nwk.o)
 .text.responseWaitTimerFired
                0x00408490       0x50 ./../../../../BitCloud/lib/libBc_All_At91sam3s4c_Rf231_Gcc.a(nwk.o)
 .text.nwkJoinReqMacPollConf
                0x004084e0       0x50 ./../../../../BitCloud/lib/libBc_All_At91sam3s4c_Rf231_Gcc.a(nwk.o)
 .text.nwkRejoinResponseFrameInd
                0x00408530      0x164 ./../../../../BitCloud/lib/libBc_All_At91sam3s4c_Rf231_Gcc.a(nwk.o)
 .text.nwkAllocOutputPacket.constprop.55
                0x00408694       0x30 ./../../../../BitCloud/lib/libBc_All_At91sam3s4c_Rf231_Gcc.a(nwk.o)
 .text.nwkTryToProcessCommandReq
                0x004086c4       0x34 ./../../../../BitCloud/lib/libBc_All_At91sam3s4c_Rf231_Gcc.a(nwk.o)
 .text.nwkCommandReq
                0x004086f8       0x18 ./../../../../BitCloud/lib/libBc_All_At91sam3s4c_Rf231_Gcc.a(nwk.o)
 .text.nwkConfirmNetworkStatusTx
                0x00408710       0x4c ./../../../../BitCloud/lib/libBc_All_At91sam3s4c_Rf231_Gcc.a(nwk.o)
 .text.nwkLinkStatusTimerFired
                0x0040875c       0x1c ./../../../../BitCloud/lib/libBc_All_At91sam3s4c_Rf231_Gcc.a(nwk.o)
 .text.nwkRejoinCmdPrepareAndSend
                0x00408778       0x34 ./../../../../BitCloud/lib/libBc_All_At91sam3s4c_Rf231_Gcc.a(nwk.o)
 .text.nwkJoinReqMacRxEnableConf
                0x004087ac       0x74 ./../../../../BitCloud/lib/libBc_All_At91sam3s4c_Rf231_Gcc.a(nwk.o)
 .text.nwkJoinReqMacGetConf
                0x00408820       0x30 ./../../../../BitCloud/lib/libBc_All_At91sam3s4c_Rf231_Gcc.a(nwk.o)
 .text.nwkSendAddressConflictNwkStatus.constprop.53
                0x00408850       0x74 ./../../../../BitCloud/lib/libBc_All_At91sam3s4c_Rf231_Gcc.a(nwk.o)
 .text.nwkAddressConflictMacSetConf
                0x004088c4       0x44 ./../../../../BitCloud/lib/libBc_All_At91sam3s4c_Rf231_Gcc.a(nwk.o)
 .text.nwkRemoveAllChildren.constprop.54
                0x00408908       0x9c ./../../../../BitCloud/lib/libBc_All_At91sam3s4c_Rf231_Gcc.a(nwk.o)
 .text.nwkFreePacket
                0x004089a4       0x54 ./../../../../BitCloud/lib/libBc_All_At91sam3s4c_Rf231_Gcc.a(nwk.o)
 .text.nwkSendRouteErrorStatus.constprop.56
                0x004089f8       0x68 ./../../../../BitCloud/lib/libBc_All_At91sam3s4c_Rf231_Gcc.a(nwk.o)
 .text.nwkTxConf
                0x00408a60      0x168 ./../../../../BitCloud/lib/libBc_All_At91sam3s4c_Rf231_Gcc.a(nwk.o)
 .text.nwkProcessDelayStatus
                0x00408bc8       0xb4 ./../../../../BitCloud/lib/libBc_All_At91sam3s4c_Rf231_Gcc.a(nwk.o)
 .text.MAC_DataConf
                0x00408c7c       0x20 ./../../../../BitCloud/lib/libBc_All_At91sam3s4c_Rf231_Gcc.a(nwk.o)
 .text.nwkLeaveReqMacResetConf
                0x00408c9c       0xd0 ./../../../../BitCloud/lib/libBc_All_At91sam3s4c_Rf231_Gcc.a(nwk.o)
 .text.nwkTransmitOutputPacket.isra.25
                0x00408d6c       0x3c ./../../../../BitCloud/lib/libBc_All_At91sam3s4c_Rf231_Gcc.a(nwk.o)
 .text.nwkSendDiscoveryCommand
                0x00408da8       0x5c ./../../../../BitCloud/lib/libBc_All_At91sam3s4c_Rf231_Gcc.a(nwk.o)
 .text.nwkRouteDiscoveryTableTaskHandler
                0x00408e04       0x80 ./../../../../BitCloud/lib/libBc_All_At91sam3s4c_Rf231_Gcc.a(nwk.o)
 .text.nwkTxDelayTimerFired
                0x00408e84       0x58 ./../../../../BitCloud/lib/libBc_All_At91sam3s4c_Rf231_Gcc.a(nwk.o)
 .text.nwkMeshRouteDiscoveryConf
                0x00408edc       0x54 ./../../../../BitCloud/lib/libBc_All_At91sam3s4c_Rf231_Gcc.a(nwk.o)
 .text.NWK_GetShortAddr
                0x00408f30        0xc ./../../../../BitCloud/lib/libBc_All_At91sam3s4c_Rf231_Gcc.a(nwk.o)
                0x00408f30                NWK_GetShortAddr
 .text.NWK_IsStaticAddressingMode
                0x00408f3c        0xc ./../../../../BitCloud/lib/libBc_All_At91sam3s4c_Rf231_Gcc.a(nwk.o)
                0x00408f3c                NWK_IsStaticAddressingMode
 .text.NWK_RemoveFromAddressMap
                0x00408f48       0x12 ./../../../../BitCloud/lib/libBc_All_At91sam3s4c_Rf231_Gcc.a(nwk.o)
                0x00408f48                NWK_RemoveFromAddressMap
 *fill*         0x00408f5a        0x2 00
 .text.NWK_NetworkDiscoveryReq
                0x00408f5c       0x30 ./../../../../BitCloud/lib/libBc_All_At91sam3s4c_Rf231_Gcc.a(nwk.o)
                0x00408f5c                NWK_NetworkDiscoveryReq
 .text.MAC_BeaconNotifyInd
                0x00408f8c      0x400 ./../../../../BitCloud/lib/libBc_All_At91sam3s4c_Rf231_Gcc.a(nwk.o)
                0x00408f8c                MAC_BeaconNotifyInd
 .text.NWK_EDScanReq
                0x0040938c       0x30 ./../../../../BitCloud/lib/libBc_All_At91sam3s4c_Rf231_Gcc.a(nwk.o)
                0x0040938c                NWK_EDScanReq
 .text.NWK_NetworkFormationReq
                0x004093bc       0x30 ./../../../../BitCloud/lib/libBc_All_At91sam3s4c_Rf231_Gcc.a(nwk.o)
                0x004093bc                NWK_NetworkFormationReq
 .text.NWK_IsGroupMember
                0x004093ec       0x34 ./../../../../BitCloud/lib/libBc_All_At91sam3s4c_Rf231_Gcc.a(nwk.o)
                0x004093ec                NWK_IsGroupMember
 .text.nwkRetransmitInputPacket
                0x00409420       0xe8 ./../../../../BitCloud/lib/libBc_All_At91sam3s4c_Rf231_Gcc.a(nwk.o)
 .text.NWK_DataResp
                0x00409508       0x14 ./../../../../BitCloud/lib/libBc_All_At91sam3s4c_Rf231_Gcc.a(nwk.o)
                0x00409508                NWK_DataResp
 .text.unlikely.nwkRxIndication
                0x0040951c      0x1f4 ./../../../../BitCloud/lib/libBc_All_At91sam3s4c_Rf231_Gcc.a(nwk.o)
 .text.unlikely.nwkRxRetransmit
                0x00409710       0xb4 ./../../../../BitCloud/lib/libBc_All_At91sam3s4c_Rf231_Gcc.a(nwk.o)
 .text.NWK_ResetGroups
                0x004097c4       0x40 ./../../../../BitCloud/lib/libBc_All_At91sam3s4c_Rf231_Gcc.a(nwk.o)
                0x004097c4                NWK_ResetGroups
 .text.nwkResetMacResetConf
                0x00409804      0x340 ./../../../../BitCloud/lib/libBc_All_At91sam3s4c_Rf231_Gcc.a(nwk.o)
 .text.NWK_GetParentShortAddr
                0x00409b44        0xc ./../../../../BitCloud/lib/libBc_All_At91sam3s4c_Rf231_Gcc.a(nwk.o)
                0x00409b44                NWK_GetParentShortAddr
 .text.NWK_GetPanId
                0x00409b50        0xc ./../../../../BitCloud/lib/libBc_All_At91sam3s4c_Rf231_Gcc.a(nwk.o)
                0x00409b50                NWK_GetPanId
 .text.NWK_GetExtPanId
                0x00409b5c       0x10 ./../../../../BitCloud/lib/libBc_All_At91sam3s4c_Rf231_Gcc.a(nwk.o)
                0x00409b5c                NWK_GetExtPanId
 .text.NWK_GetDeviceType
                0x00409b6c        0xc ./../../../../BitCloud/lib/libBc_All_At91sam3s4c_Rf231_Gcc.a(nwk.o)
                0x00409b6c                NWK_GetDeviceType
 .text.NWK_GetLogicalChannel
                0x00409b78        0xc ./../../../../BitCloud/lib/libBc_All_At91sam3s4c_Rf231_Gcc.a(nwk.o)
                0x00409b78                NWK_GetLogicalChannel
 .text.NWK_SetLogicalChannel
                0x00409b84        0xc ./../../../../BitCloud/lib/libBc_All_At91sam3s4c_Rf231_Gcc.a(nwk.o)
                0x00409b84                NWK_SetLogicalChannel
 .text.NWK_GetBroadcastDeliveryTime
                0x00409b90        0xc ./../../../../BitCloud/lib/libBc_All_At91sam3s4c_Rf231_Gcc.a(nwk.o)
                0x00409b90                NWK_GetBroadcastDeliveryTime
 .text.NWK_GetManagerAddr
                0x00409b9c        0xc ./../../../../BitCloud/lib/libBc_All_At91sam3s4c_Rf231_Gcc.a(nwk.o)
                0x00409b9c                NWK_GetManagerAddr
 .text.NWK_SetManagerAddr
                0x00409ba8        0xc ./../../../../BitCloud/lib/libBc_All_At91sam3s4c_Rf231_Gcc.a(nwk.o)
                0x00409ba8                NWK_SetManagerAddr
 .text.NWK_SetUpdateId
                0x00409bb4        0xc ./../../../../BitCloud/lib/libBc_All_At91sam3s4c_Rf231_Gcc.a(nwk.o)
                0x00409bb4                NWK_SetUpdateId
 .text.NWK_GetTransmitCouner
                0x00409bc0        0xc ./../../../../BitCloud/lib/libBc_All_At91sam3s4c_Rf231_Gcc.a(nwk.o)
                0x00409bc0                NWK_GetTransmitCouner
 .text.NWK_GetTransmitFailureCounter
                0x00409bcc        0xc ./../../../../BitCloud/lib/libBc_All_At91sam3s4c_Rf231_Gcc.a(nwk.o)
                0x00409bcc                NWK_GetTransmitFailureCounter
 .text.NWK_ResetTransmitCounters
                0x00409bd8       0x10 ./../../../../BitCloud/lib/libBc_All_At91sam3s4c_Rf231_Gcc.a(nwk.o)
                0x00409bd8                NWK_ResetTransmitCounters
 .text.NWK_JoinReq
                0x00409be8       0x28 ./../../../../BitCloud/lib/libBc_All_At91sam3s4c_Rf231_Gcc.a(nwk.o)
                0x00409be8                NWK_JoinReq
 .text.NWK_RemoveNeighbor
                0x00409c10       0x4c ./../../../../BitCloud/lib/libBc_All_At91sam3s4c_Rf231_Gcc.a(nwk.o)
                0x00409c10                NWK_RemoveNeighbor
 .text.neighborTimerFired
                0x00409c5c       0x50 ./../../../../BitCloud/lib/libBc_All_At91sam3s4c_Rf231_Gcc.a(nwk.o)
 .text.NWK_LeaveReq
                0x00409cac       0x30 ./../../../../BitCloud/lib/libBc_All_At91sam3s4c_Rf231_Gcc.a(nwk.o)
                0x00409cac                NWK_LeaveReq
 .text.NWK_LoopbackTxReq
                0x00409cdc       0x30 ./../../../../BitCloud/lib/libBc_All_At91sam3s4c_Rf231_Gcc.a(nwk.o)
                0x00409cdc                NWK_LoopbackTxReq
 .text.nwkDataConfTaskHandler
                0x00409d0c       0x48 ./../../../../BitCloud/lib/libBc_All_At91sam3s4c_Rf231_Gcc.a(nwk.o)
 .text.NWK_DataReq
                0x00409d54      0x1d0 ./../../../../BitCloud/lib/libBc_All_At91sam3s4c_Rf231_Gcc.a(nwk.o)
                0x00409d54                NWK_DataReq
 .text.NWK_FindNeighborByShortAddr
                0x00409f24       0x28 ./../../../../BitCloud/lib/libBc_All_At91sam3s4c_Rf231_Gcc.a(nwk.o)
                0x00409f24                NWK_FindNeighborByShortAddr
 .text.nwkAllocNonConflAddr
                0x00409f4c       0xa0 ./../../../../BitCloud/lib/libBc_All_At91sam3s4c_Rf231_Gcc.a(nwk.o)
 .text.NWK_NetworkDiscoveryConf
                0x00409fec       0x90 ./../../../../BitCloud/lib/libBc_All_At91sam3s4c_Rf231_Gcc.a(nwk.o)
 .text.nwkJoinReqTaskHandler
                0x0040a07c      0x148 ./../../../../BitCloud/lib/libBc_All_At91sam3s4c_Rf231_Gcc.a(nwk.o)
 .text.nwkAllocateShortAddr.isra.45
                0x0040a1c4       0x34 ./../../../../BitCloud/lib/libBc_All_At91sam3s4c_Rf231_Gcc.a(nwk.o)
 .text.nwkResolveAddressConflict
                0x0040a1f8      0x174 ./../../../../BitCloud/lib/libBc_All_At91sam3s4c_Rf231_Gcc.a(nwk.o)
 .text.nwkAddressConflictTaskHandler
                0x0040a36c       0x8c ./../../../../BitCloud/lib/libBc_All_At91sam3s4c_Rf231_Gcc.a(nwk.o)
 .text.nwkStatusFrameInd
                0x0040a3f8       0x48 ./../../../../BitCloud/lib/libBc_All_At91sam3s4c_Rf231_Gcc.a(nwk.o)
 .text.nwkAddChild
                0x0040a440      0x244 ./../../../../BitCloud/lib/libBc_All_At91sam3s4c_Rf231_Gcc.a(nwk.o)
 .text.nwkRejoinRequestFrameInd
                0x0040a684      0x110 ./../../../../BitCloud/lib/libBc_All_At91sam3s4c_Rf231_Gcc.a(nwk.o)
 .text.MAC_AssociateInd
                0x0040a794       0x98 ./../../../../BitCloud/lib/libBc_All_At91sam3s4c_Rf231_Gcc.a(nwk.o)
                0x0040a794                MAC_AssociateInd
 .text.nwkGetNextHop
                0x0040a82c      0x1c4 ./../../../../BitCloud/lib/libBc_All_At91sam3s4c_Rf231_Gcc.a(nwk.o)
 .text.nwkProcessRouteRequest
                0x0040a9f0      0x198 ./../../../../BitCloud/lib/libBc_All_At91sam3s4c_Rf231_Gcc.a(nwk.o)
 .text.NWK_GetExtByShortAddress
                0x0040ab88       0x3c ./../../../../BitCloud/lib/libBc_All_At91sam3s4c_Rf231_Gcc.a(nwk.o)
                0x0040ab88                NWK_GetExtByShortAddress
 .text.nwkPrepareRouteRequestTx
                0x0040abc4      0x118 ./../../../../BitCloud/lib/libBc_All_At91sam3s4c_Rf231_Gcc.a(nwk.o)
 .text.nwkPrepareNetworkStatusTx
                0x0040acdc      0x130 ./../../../../BitCloud/lib/libBc_All_At91sam3s4c_Rf231_Gcc.a(nwk.o)
 .text.nwkPrepareRouteReplyTx
                0x0040ae0c      0x244 ./../../../../BitCloud/lib/libBc_All_At91sam3s4c_Rf231_Gcc.a(nwk.o)
 .text.NWK_FindNeighborByExtAddr
                0x0040b050       0x34 ./../../../../BitCloud/lib/libBc_All_At91sam3s4c_Rf231_Gcc.a(nwk.o)
                0x0040b050                NWK_FindNeighborByExtAddr
 .text.nwkLeaveTaskHandler
                0x0040b084       0xf8 ./../../../../BitCloud/lib/libBc_All_At91sam3s4c_Rf231_Gcc.a(nwk.o)
 .text.nwkConfirmLeaveChildTx
                0x0040b17c       0x60 ./../../../../BitCloud/lib/libBc_All_At91sam3s4c_Rf231_Gcc.a(nwk.o)
 .text.nwkConfirmJoinRespTx
                0x0040b1dc       0x46 ./../../../../BitCloud/lib/libBc_All_At91sam3s4c_Rf231_Gcc.a(nwk.o)
 .text.nwkConfirmAddrConflictJoinRespTx
                0x0040b222       0x22 ./../../../../BitCloud/lib/libBc_All_At91sam3s4c_Rf231_Gcc.a(nwk.o)
 .text.nwkLeaveFrameInd
                0x0040b244       0xd8 ./../../../../BitCloud/lib/libBc_All_At91sam3s4c_Rf231_Gcc.a(nwk.o)
 .text.nwkJoinIndMacCommStatusInd
                0x0040b31c       0x3e ./../../../../BitCloud/lib/libBc_All_At91sam3s4c_Rf231_Gcc.a(nwk.o)
 *fill*         0x0040b35a        0x2 00
 .text.NWK_GetShortByExtAddress
                0x0040b35c       0x38 ./../../../../BitCloud/lib/libBc_All_At91sam3s4c_Rf231_Gcc.a(nwk.o)
                0x0040b35c                NWK_GetShortByExtAddress
 .text.NWK_LinkShortAndExtAddress
                0x0040b394       0x6e ./../../../../BitCloud/lib/libBc_All_At91sam3s4c_Rf231_Gcc.a(nwk.o)
                0x0040b394                NWK_LinkShortAndExtAddress
 *fill*         0x0040b402        0x2 00
 .text.nwkRouteReplyFrameInd
                0x0040b404      0x1b8 ./../../../../BitCloud/lib/libBc_All_At91sam3s4c_Rf231_Gcc.a(nwk.o)
 .text.nwkRouteRequestFrameInd
                0x0040b5bc       0xdc ./../../../../BitCloud/lib/libBc_All_At91sam3s4c_Rf231_Gcc.a(nwk.o)
 .text.NWK_GetNeighborTable
                0x0040b698        0x8 ./../../../../BitCloud/lib/libBc_All_At91sam3s4c_Rf231_Gcc.a(nwk.o)
                0x0040b698                NWK_GetNeighborTable
 .text.NWK_GetNeighborsLqi
                0x0040b6a0       0x1c ./../../../../BitCloud/lib/libBc_All_At91sam3s4c_Rf231_Gcc.a(nwk.o)
                0x0040b6a0                NWK_GetNeighborsLqi
 .text.NWK_GetNeighborsRssi
                0x0040b6bc       0x1c ./../../../../BitCloud/lib/libBc_All_At91sam3s4c_Rf231_Gcc.a(nwk.o)
                0x0040b6bc                NWK_GetNeighborsRssi
 .text.NWK_IsKnownChild
                0x0040b6d8       0x1e ./../../../../BitCloud/lib/libBc_All_At91sam3s4c_Rf231_Gcc.a(nwk.o)
                0x0040b6d8                NWK_IsKnownChild
 .text.MAC_OrphanInd
                0x0040b6f6        0x2 ./../../../../BitCloud/lib/libBc_All_At91sam3s4c_Rf231_Gcc.a(nwk.o)
                0x0040b6f6                MAC_OrphanInd
 .text.NWK_PermitJoiningReq
                0x0040b6f8       0x3c ./../../../../BitCloud/lib/libBc_All_At91sam3s4c_Rf231_Gcc.a(nwk.o)
                0x0040b6f8                NWK_PermitJoiningReq
 .text.NWK_ResetReq
                0x0040b734       0x28 ./../../../../BitCloud/lib/libBc_All_At91sam3s4c_Rf231_Gcc.a(nwk.o)
                0x0040b734                NWK_ResetReq
 .text.NWK_Init
                0x0040b75c       0x2c ./../../../../BitCloud/lib/libBc_All_At91sam3s4c_Rf231_Gcc.a(nwk.o)
                0x0040b75c                NWK_Init
 .text.NWK_GatherPowerFailureInfo
                0x0040b788       0x10 ./../../../../BitCloud/lib/libBc_All_At91sam3s4c_Rf231_Gcc.a(nwk.o)
                0x0040b788                NWK_GatherPowerFailureInfo
 .text.NWK_RouteDiscoveryReq
                0x0040b798       0x34 ./../../../../BitCloud/lib/libBc_All_At91sam3s4c_Rf231_Gcc.a(nwk.o)
                0x0040b798                NWK_RouteDiscoveryReq
 .text.nwkTxTaskHandler
                0x0040b7cc      0x160 ./../../../../BitCloud/lib/libBc_All_At91sam3s4c_Rf231_Gcc.a(nwk.o)
 .text.MAC_DataInd
                0x0040b92c      0x454 ./../../../../BitCloud/lib/libBc_All_At91sam3s4c_Rf231_Gcc.a(nwk.o)
                0x0040b92c                MAC_DataInd
 .text.NWK_StartRouterReq
                0x0040bd80       0x2c ./../../../../BitCloud/lib/libBc_All_At91sam3s4c_Rf231_Gcc.a(nwk.o)
                0x0040bd80                NWK_StartRouterReq
 .text.NWK_IsActiveTransaction
                0x0040bdac       0x38 ./../../../../BitCloud/lib/libBc_All_At91sam3s4c_Rf231_Gcc.a(nwk.o)
                0x0040bdac                NWK_IsActiveTransaction
 .text.NWK_LaunchActivities
                0x0040bde4       0x20 ./../../../../BitCloud/lib/libBc_All_At91sam3s4c_Rf231_Gcc.a(nwk.o)
                0x0040bde4                NWK_LaunchActivities
 .text.NWK_StopActivities
                0x0040be04       0x34 ./../../../../BitCloud/lib/libBc_All_At91sam3s4c_Rf231_Gcc.a(nwk.o)
                0x0040be04                NWK_StopActivities
 .text.NWK_DeviceIsAbleToOperateInNetwork
                0x0040be38       0x18 ./../../../../BitCloud/lib/libBc_All_At91sam3s4c_Rf231_Gcc.a(nwk.o)
                0x0040be38                NWK_DeviceIsAbleToOperateInNetwork
 .text.NWK_SyncReq
                0x0040be50       0x2c ./../../../../BitCloud/lib/libBc_All_At91sam3s4c_Rf231_Gcc.a(nwk.o)
                0x0040be50                NWK_SyncReq
 .text.MAC_PollInd
                0x0040be7c       0x38 ./../../../../BitCloud/lib/libBc_All_At91sam3s4c_Rf231_Gcc.a(nwk.o)
                0x0040be7c                MAC_PollInd
 .text.MAC_SyncLossInd
                0x0040beb4        0x2 ./../../../../BitCloud/lib/libBc_All_At91sam3s4c_Rf231_Gcc.a(nwk.o)
                0x0040beb4                MAC_SyncLossInd
 *fill*         0x0040beb6        0x2 00
 .text.NWK_TaskHandler
                0x0040beb8       0x70 ./../../../../BitCloud/lib/libBc_All_At91sam3s4c_Rf231_Gcc.a(nwk.o)
                0x0040beb8                NWK_TaskHandler
 .text.NWK_GetUnicastDeliveryTime
                0x0040bf28       0x34 ./../../../../BitCloud/lib/libBc_All_At91sam3s4c_Rf231_Gcc.a(nwk.o)
                0x0040bf28                NWK_GetUnicastDeliveryTime
 .text.phyDispatcheRfInterrupt
                0x0040bf5c      0x278 ./../../../../BitCloud/lib/libBc_All_At91sam3s4c_Rf231_Gcc.a(phyRfIrqDispatcher.o)
                0x0040bf5c                phyDispatcheRfInterrupt
 .text.phySetRTimerSource
                0x0040c1d4       0x10 ./../../../../BitCloud/lib/libBc_All_At91sam3s4c_Rf231_Gcc.a(phyRtimerIrqDispatcher.o)
                0x0040c1d4                phySetRTimerSource
 .text.phyDispatcheRTimerEvent
                0x0040c1e4       0xf0 ./../../../../BitCloud/lib/libBc_All_At91sam3s4c_Rf231_Gcc.a(phyRtimerIrqDispatcher.o)
                0x0040c1e4                phyDispatcheRTimerEvent
 .text.phyRxTxSwitcher
                0x0040c2d4       0x40 ./../../../../BitCloud/lib/libBc_All_At91sam3s4c_Rf231_Gcc.a(phyRxTxIndicator.o)
                0x0040c2d4                phyRxTxSwitcher
 .text.phyRxTxSwitcherOn
                0x0040c314        0x6 ./../../../../BitCloud/lib/libBc_All_At91sam3s4c_Rf231_Gcc.a(phyRxTxIndicator.o)
                0x0040c314                phyRxTxSwitcherOn
 .text.phyRxTxSwitcherOff
                0x0040c31a        0x6 ./../../../../BitCloud/lib/libBc_All_At91sam3s4c_Rf231_Gcc.a(phyRxTxIndicator.o)
                0x0040c31a                phyRxTxSwitcherOff
 .text.deleteHeadQueueElem
                0x0040c320        0xc ./../../../../BitCloud/lib/libBc_All_At91sam3s4c_Rf231_Gcc.a(queue.o)
                0x0040c320                deleteHeadQueueElem
 .text.deleteQueueElem
                0x0040c32c       0x2c ./../../../../BitCloud/lib/libBc_All_At91sam3s4c_Rf231_Gcc.a(queue.o)
                0x0040c32c                deleteQueueElem
 .text.isQueueElem
                0x0040c358       0x12 ./../../../../BitCloud/lib/libBc_All_At91sam3s4c_Rf231_Gcc.a(queue.o)
                0x0040c358                isQueueElem
 .text.putQueueElem
                0x0040c36a       0x22 ./../../../../BitCloud/lib/libBc_All_At91sam3s4c_Rf231_Gcc.a(queue.o)
                0x0040c36a                putQueueElem
 .text.SYS_DuplicateTableReset
                0x0040c38c       0x42 ./../../../../BitCloud/lib/libBc_All_At91sam3s4c_Rf231_Gcc.a(sysDuplicateTable.o)
                0x0040c38c                SYS_DuplicateTableReset
 .text.duplicateTableUpdate
                0x0040c3ce       0x4c ./../../../../BitCloud/lib/libBc_All_At91sam3s4c_Rf231_Gcc.a(sysDuplicateTable.o)
                0x0040c3ce                duplicateTableUpdate
 .text.SYS_DuplicateTableCheck
                0x0040c41a       0xa8 ./../../../../BitCloud/lib/libBc_All_At91sam3s4c_Rf231_Gcc.a(sysDuplicateTable.o)
                0x0040c41a                SYS_DuplicateTableCheck
 .text.SYS_DuplicateTableClear
                0x0040c4c2       0x40 ./../../../../BitCloud/lib/libBc_All_At91sam3s4c_Rf231_Gcc.a(sysDuplicateTable.o)
                0x0040c4c2                SYS_DuplicateTableClear
 *fill*         0x0040c502        0x2 00
 .text.SYS_PostEvent
                0x0040c504       0x40 ./../../../../BitCloud/lib/libBc_All_At91sam3s4c_Rf231_Gcc.a(sysEvents.o)
                0x0040c504                SYS_PostEvent
 .text.SYS_IsEventDeliverable
                0x0040c544       0x20 ./../../../../BitCloud/lib/libBc_All_At91sam3s4c_Rf231_Gcc.a(sysEvents.o)
                0x0040c544                SYS_IsEventDeliverable
 .text.SYS_IsEventSubscriber
                0x0040c564       0x1c ./../../../../BitCloud/lib/libBc_All_At91sam3s4c_Rf231_Gcc.a(sysEvents.o)
                0x0040c564                SYS_IsEventSubscriber
 .text.SYS_SubscribeToEvent
                0x0040c580       0x54 ./../../../../BitCloud/lib/libBc_All_At91sam3s4c_Rf231_Gcc.a(sysEvents.o)
                0x0040c580                SYS_SubscribeToEvent
 .text.SYS_StartTimer
                0x0040c5d4       0x10 ./../../../../BitCloud/lib/libBc_All_At91sam3s4c_Rf231_Gcc.a(sysTimer.o)
                0x0040c5d4                SYS_StartTimer
 .text.SYS_StopTimer
                0x0040c5e4       0x12 ./../../../../BitCloud/lib/libBc_All_At91sam3s4c_Rf231_Gcc.a(sysTimer.o)
                0x0040c5e4                SYS_StopTimer
 .text.SYS_InitTimer
                0x0040c5f6       0x1a ./../../../../BitCloud/lib/libBc_All_At91sam3s4c_Rf231_Gcc.a(sysTimer.o)
                0x0040c5f6                SYS_InitTimer
 .text.SYS_RunTask
                0x0040c610       0x54 ./../../../../BitCloud/lib/libBc_All_At91sam3s4c_Rf231_Gcc.a(taskManager.o)
                0x0040c610                SYS_RunTask
 .text.SYS_SysInit
                0x0040c664       0x28 ./../../../../BitCloud/lib/libBc_All_At91sam3s4c_Rf231_Gcc.a(taskManager.o)
                0x0040c664                SYS_SysInit
 .text.APS_StopConf
                0x0040c68c       0x18 ./../../../../BitCloud/lib/libBc_All_At91sam3s4c_Rf231_Gcc.a(zdo.o)
 .text.zdoNodeManagerNwkLeaveConf
                0x0040c6a4       0x10 ./../../../../BitCloud/lib/libBc_All_At91sam3s4c_Rf231_Gcc.a(zdo.o)
 .text.zdoStackResetConf
                0x0040c6b4       0x1c ./../../../../BitCloud/lib/libBc_All_At91sam3s4c_Rf231_Gcc.a(zdo.o)
 .text.zdoSecurityManagerHandler
                0x0040c6d0        0x2 ./../../../../BitCloud/lib/libBc_All_At91sam3s4c_Rf231_Gcc.a(zdo.o)
                0x0040c6d0                zdoSecurityManagerHandler
 *fill*         0x0040c6d2        0x2 00
 .text.joinNetwork
                0x0040c6d4       0x40 ./../../../../BitCloud/lib/libBc_All_At91sam3s4c_Rf231_Gcc.a(zdo.o)
 .text.zdoRejoinNetwork
                0x0040c714       0x28 ./../../../../BitCloud/lib/libBc_All_At91sam3s4c_Rf231_Gcc.a(zdo.o)
 .text.zdoIntraPanPortApsStopConf
                0x0040c73c       0x20 ./../../../../BitCloud/lib/libBc_All_At91sam3s4c_Rf231_Gcc.a(zdo.o)
 .text.joinTimerFired
                0x0040c75c        0x4 ./../../../../BitCloud/lib/libBc_All_At91sam3s4c_Rf231_Gcc.a(zdo.o)
 .text.zdoPostTask
                0x0040c760       0x34 ./../../../../BitCloud/lib/libBc_All_At91sam3s4c_Rf231_Gcc.a(zdo.o)
 .text.startConfirm
                0x0040c794       0x30 ./../../../../BitCloud/lib/libBc_All_At91sam3s4c_Rf231_Gcc.a(zdo.o)
 .text.sleepConfirm
                0x0040c7c4       0x24 ./../../../../BitCloud/lib/libBc_All_At91sam3s4c_Rf231_Gcc.a(zdo.o)
 .text.wakeUpConfirm
                0x0040c7e8       0x24 ./../../../../BitCloud/lib/libBc_All_At91sam3s4c_Rf231_Gcc.a(zdo.o)
 .text.zdoSetZdpIndState
                0x0040c80c       0x14 ./../../../../BitCloud/lib/libBc_All_At91sam3s4c_Rf231_Gcc.a(zdo.o)
 .text.ttlUpdateTimerFired
                0x0040c820       0x48 ./../../../../BitCloud/lib/libBc_All_At91sam3s4c_Rf231_Gcc.a(zdo.o)
 .text.zdoZdpResetReq
                0x0040c868       0x74 ./../../../../BitCloud/lib/libBc_All_At91sam3s4c_Rf231_Gcc.a(zdo.o)
 .text.zdoNetworkFormationReq
                0x0040c8dc       0x2c ./../../../../BitCloud/lib/libBc_All_At91sam3s4c_Rf231_Gcc.a(zdo.o)
 .text.permitJoin
                0x0040c908       0x24 ./../../../../BitCloud/lib/libBc_All_At91sam3s4c_Rf231_Gcc.a(zdo.o)
 .text.zdoPseudoRandomSeed
                0x0040c92c       0x22 ./../../../../BitCloud/lib/libBc_All_At91sam3s4c_Rf231_Gcc.a(zdo.o)
 *fill*         0x0040c94e        0x2 00
 .text.RF_RandomConfUpdater
                0x0040c950       0x1c ./../../../../BitCloud/lib/libBc_All_At91sam3s4c_Rf231_Gcc.a(zdo.o)
 .text.zdoStackReset
                0x0040c96c       0x28 ./../../../../BitCloud/lib/libBc_All_At91sam3s4c_Rf231_Gcc.a(zdo.o)
 .text.startSystemSleep
                0x0040c994       0x38 ./../../../../BitCloud/lib/libBc_All_At91sam3s4c_Rf231_Gcc.a(zdo.o)
 .text.transceiverSwitchedOff