Archive member included because of file (symbol)

./../../../../BitCloud/lib/libHAL_deRFusb23e06_At91sam3s4c_64Mhz_Gcc.a(atomic.o)
                              All_deRFusb23e06_At91sam3s4c_Rf231_Gcc/Obj/WSNDemoApp.o (halStartAtomic)
./../../../../BitCloud/lib/libHAL_deRFusb23e06_At91sam3s4c_64Mhz_Gcc.a(core_cm3.o)
                              ./../../../../BitCloud/lib/libHAL_deRFusb23e06_At91sam3s4c_64Mhz_Gcc.a(atomic.o) (__get_PRIMASK)
./../../../../BitCloud/lib/libHAL_deRFusb23e06_At91sam3s4c_64Mhz_Gcc.a(halVectorTable.o)
                              (__vector_table)
./../../../../BitCloud/lib/libHAL_deRFusb23e06_At91sam3s4c_64Mhz_Gcc.a(halAppClock.o)
                              ./../../../../BitCloud/lib/libHAL_deRFusb23e06_At91sam3s4c_64Mhz_Gcc.a(halVectorTable.o) (timerHandler)
./../../../../BitCloud/lib/libHAL_deRFusb23e06_At91sam3s4c_64Mhz_Gcc.a(halUsart.o)
                              ./../../../../BitCloud/lib/libHAL_deRFusb23e06_At91sam3s4c_64Mhz_Gcc.a(halVectorTable.o) (usart0Handler)
./../../../../BitCloud/lib/libHAL_deRFusb23e06_At91sam3s4c_64Mhz_Gcc.a(halUart.o)
                              ./../../../../BitCloud/lib/libHAL_deRFusb23e06_At91sam3s4c_64Mhz_Gcc.a(halVectorTable.o) (uart0Handler)
./../../../../BitCloud/lib/libHAL_deRFusb23e06_At91sam3s4c_64Mhz_Gcc.a(halUsb.o)
                              ./../../../../BitCloud/lib/libHAL_deRFusb23e06_At91sam3s4c_64Mhz_Gcc.a(halVectorTable.o) (usbHandler)
./../../../../BitCloud/lib/libHAL_deRFusb23e06_At91sam3s4c_64Mhz_Gcc.a(halIrq.o)
                              ./../../../../BitCloud/lib/libHAL_deRFusb23e06_At91sam3s4c_64Mhz_Gcc.a(halVectorTable.o) (pioaHandler)
./../../../../BitCloud/lib/libHAL_deRFusb23e06_At91sam3s4c_64Mhz_Gcc.a(halHsmci.o)
                              ./../../../../BitCloud/lib/libHAL_deRFusb23e06_At91sam3s4c_64Mhz_Gcc.a(halVectorTable.o) (hsmciHandler)
./../../../../BitCloud/lib/libHAL_deRFusb23e06_At91sam3s4c_64Mhz_Gcc.a(halSleepTimerClock.o)
                              ./../../../../BitCloud/lib/libHAL_deRFusb23e06_At91sam3s4c_64Mhz_Gcc.a(halVectorTable.o) (rttHandler)
./../../../../BitCloud/lib/libHAL_deRFusb23e06_At91sam3s4c_64Mhz_Gcc.a(halSleep.o)
                              ./../../../../BitCloud/lib/libHAL_deRFusb23e06_At91sam3s4c_64Mhz_Gcc.a(halSleepTimerClock.o) (halPowerOn)
./../../../../BitCloud/lib/libHAL_deRFusb23e06_At91sam3s4c_64Mhz_Gcc.a(halStartupGcc.o)
                              ./../../../../BitCloud/lib/libHAL_deRFusb23e06_At91sam3s4c_64Mhz_Gcc.a(halVectorTable.o) (gccReset)
./../../../../BitCloud/lib/libHAL_deRFusb23e06_At91sam3s4c_64Mhz_Gcc.a(halRfCtrl.o)
                              ./../../../../BitCloud/lib/libHAL_deRFusb23e06_At91sam3s4c_64Mhz_Gcc.a(halSleep.o) (halWaitRadio)
./../../../../BitCloud/lib/libHAL_deRFusb23e06_At91sam3s4c_64Mhz_Gcc.a(halRfSpi.o)
                              ./../../../../BitCloud/lib/libHAL_deRFusb23e06_At91sam3s4c_64Mhz_Gcc.a(halRfCtrl.o) (HAL_WriteByteRfSpi)
./../../../../BitCloud/lib/libHAL_deRFusb23e06_At91sam3s4c_64Mhz_Gcc.a(halMacIsr.o)
                              ./../../../../BitCloud/lib/libHAL_deRFusb23e06_At91sam3s4c_64Mhz_Gcc.a(halAppClock.o) (halMacTimerHandler)
./../../../../BitCloud/lib/libHAL_deRFusb23e06_At91sam3s4c_64Mhz_Gcc.a(appTimer.o)
                              All_deRFusb23e06_At91sam3s4c_Rf231_Gcc/Obj/WSNEndDevice.o (HAL_StartAppTimer)
./../../../../BitCloud/lib/libHAL_deRFusb23e06_At91sam3s4c_64Mhz_Gcc.a(halTaskManager.o)
                              ./../../../../BitCloud/lib/libHAL_deRFusb23e06_At91sam3s4c_64Mhz_Gcc.a(halAppClock.o) (halTaskFlags)
./../../../../BitCloud/lib/libHAL_deRFusb23e06_At91sam3s4c_64Mhz_Gcc.a(sleep.o)
                              ./../../../../BitCloud/lib/libHAL_deRFusb23e06_At91sam3s4c_64Mhz_Gcc.a(halSleepTimerClock.o) (halSleepControl)
./../../../../BitCloud/lib/libHAL_deRFusb23e06_At91sam3s4c_64Mhz_Gcc.a(timer.o)
                              ./../../../../BitCloud/lib/libHAL_deRFusb23e06_At91sam3s4c_64Mhz_Gcc.a(appTimer.o) (halAddTimer)
./../../../../BitCloud/lib/libHAL_deRFusb23e06_At91sam3s4c_64Mhz_Gcc.a(usart.o)
                              ./../../../../BitCloud/lib/libHAL_deRFusb23e06_At91sam3s4c_64Mhz_Gcc.a(halTaskManager.o) (halSigUsartHandler)
./../../../../BitCloud/lib/libHAL_deRFusb23e06_At91sam3s4c_64Mhz_Gcc.a(uart.o)
                              ./../../../../BitCloud/lib/libHAL_deRFusb23e06_At91sam3s4c_64Mhz_Gcc.a(halUart.o) (halUartStoreRx)
./../../../../BitCloud/lib/libHAL_deRFusb23e06_At91sam3s4c_64Mhz_Gcc.a(usb.o)
                              All_deRFusb23e06_At91sam3s4c_Rf231_Gcc/Obj/vcpVirtualUsart.o (HAL_RegisterEndOfBusResetHandler)
./../../../../BitCloud/lib/libHAL_deRFusb23e06_At91sam3s4c_64Mhz_Gcc.a(eeprom.o)
                              All_deRFusb23e06_At91sam3s4c_Rf231_Gcc/Obj/pdsWriteData.o (HAL_ReadEeprom)
./../../../../BitCloud/lib/libHAL_deRFusb23e06_At91sam3s4c_64Mhz_Gcc.a(sleepTimer.o)
[...]
Memory Configuration

Name             Origin             Length             Attributes
BOOT             0x00000000         0x00400000         xr
FLASH            0x00400000         0x0003f000         xr
ROM              0x00800000         0x00400000         xr
RAM              0x20000000         0x0000c000         rw
*default*        0x00000000         0xffffffff

Linker script and memory map

                0x00001000                MAIN_STACK_SIZE = 0x1000
                0x00000000                PROCESS_STACK_SIZE = 0x0

.text           0x00400000    0x12ba8
                0x00400000                __text = .
 *(.vectors)
 .vectors       0x00400000       0x40 ./../../../../BitCloud/lib/libHAL_deRFusb23e06_At91sam3s4c_64Mhz_Gcc.a(halVectorTable.o)
                0x00400000                __vector_table
                0x00400040                PROVIDE (__pds_ff_start, .)
 *(.pds_ff)
                0x00400040                PROVIDE (__pds_ff_end, .)
                0x00400040                PROVIDE (__pds_fd_start, .)
 *(.pds_fd)
                0x00400040                PROVIDE (__pds_fd_end, .)
 *(.text)
 .text          0x00400040       0x74 ./../../../../BitCloud/lib/libHAL_deRFusb23e06_At91sam3s4c_64Mhz_Gcc.a(halExceptionGcc.o)
                0x00400040                halNmiHandler
                0x00400042                halHardFaultHandler
                0x00400044                halMemManageHandler
                0x00400046                halBusFaultHandler
                0x00400048                halUsageFaultHandler
                0x0040004a                halSvcHandler
                0x0040004c                halDebugMonHandler
                0x0040004e                halPendsvHandler
                0x00400050                halSysTickHandler
 *(.text.*)
 .text.batteryDataReady
                0x004000b4       0x18 All_deRFusb23e06_At91sam3s4c_Rf231_Gcc/Obj/WSNSensorManager.o
 .text.temperatureDataReady
                0x004000cc       0x28 All_deRFusb23e06_At91sam3s4c_Rf231_Gcc/Obj/WSNSensorManager.o
 .text.lightDataReady
                0x004000f4       0x28 All_deRFusb23e06_At91sam3s4c_Rf231_Gcc/Obj/WSNSensorManager.o
 .text.appStartSensorManager
                0x0040011c       0x12 All_deRFusb23e06_At91sam3s4c_Rf231_Gcc/Obj/WSNSensorManager.o
                0x0040011c                appStartSensorManager
 .text.appStopSensorManager
                0x0040012e       0x12 All_deRFusb23e06_At91sam3s4c_Rf231_Gcc/Obj/WSNSensorManager.o
                0x0040012e                appStopSensorManager
 .text.appGetSensorData
                0x00400140       0x14 All_deRFusb23e06_At91sam3s4c_Rf231_Gcc/Obj/WSNSensorManager.o
                0x00400140                appGetSensorData
 .text.appCoordinatorInitialization
                0x00400154        0xc All_deRFusb23e06_At91sam3s4c_Rf231_Gcc/Obj/WSNCoord.o
 .text.appCoordinatorTaskReset
                0x00400160       0x10 All_deRFusb23e06_At91sam3s4c_Rf231_Gcc/Obj/WSNCoord.o
 .text.deviceTimerFired
                0x00400170       0x10 All_deRFusb23e06_At91sam3s4c_Rf231_Gcc/Obj/WSNCoord.o
 .text.appSensorsGot
                0x00400180       0x18 All_deRFusb23e06_At91sam3s4c_Rf231_Gcc/Obj/WSNCoord.o
 .text.appCoordCustomMsgCmdHandler
                0x00400198       0x80 All_deRFusb23e06_At91sam3s4c_Rf231_Gcc/Obj/WSNCoord.o
                0x00400198                appCoordCustomMsgCmdHandler
 .text.appCoordinatorNwkInfoCmdHandler
                0x00400218       0x14 All_deRFusb23e06_At91sam3s4c_Rf231_Gcc/Obj/WSNCoord.o
                0x00400218                appCoordinatorNwkInfoCmdHandler
 .text.appCoordinatorIdentifyCmdHandler
                0x0040022c       0xb0 All_deRFusb23e06_At91sam3s4c_Rf231_Gcc/Obj/WSNCoord.o
                0x0040022c                appCoordinatorIdentifyCmdHandler
 .text.appCoordinatorTaskHandler
                0x004002dc       0x8c All_deRFusb23e06_At91sam3s4c_Rf231_Gcc/Obj/WSNCoord.o
 .text.appCoordinatorConfirmHandler
                0x00400368       0x36 All_deRFusb23e06_At91sam3s4c_Rf231_Gcc/Obj/WSNCoord.o
 *fill*         0x0040039e        0x2 00
 .text.appCoordinatorGetInterface
                0x004003a0       0x2c All_deRFusb23e06_At91sam3s4c_Rf231_Gcc/Obj/WSNCoord.o
                0x004003a0                appCoordinatorGetInterface
 .text.visualizeAppStarting
                0x004003cc        0x4 All_deRFusb23e06_At91sam3s4c_Rf231_Gcc/Obj/WSNVisualizer.o
                0x004003cc                visualizeAppStarting
 .text.visualizeNwkStarting
                0x004003d0       0x18 All_deRFusb23e06_At91sam3s4c_Rf231_Gcc/Obj/WSNVisualizer.o
                0x004003d0                visualizeNwkStarting
 .text.visualizeNwkStarted
                0x004003e8       0x18 All_deRFusb23e06_At91sam3s4c_Rf231_Gcc/Obj/WSNVisualizer.o
                0x004003e8                visualizeNwkStarted
 .text.visualizeNwkLeaving
                0x00400400        0x6 All_deRFusb23e06_At91sam3s4c_Rf231_Gcc/Obj/WSNVisualizer.o
                0x00400400                visualizeNwkLeaving
 .text.visualizeNwkLeft
                0x00400406        0x6 All_deRFusb23e06_At91sam3s4c_Rf231_Gcc/Obj/WSNVisualizer.o
                0x00400406                visualizeNwkLeft
 .text.visualizeAirTxStarted
                0x0040040c        0x6 All_deRFusb23e06_At91sam3s4c_Rf231_Gcc/Obj/WSNVisualizer.o
                0x0040040c                visualizeAirTxStarted
 .text.visualizeAirTxFInished
                0x00400412        0x6 All_deRFusb23e06_At91sam3s4c_Rf231_Gcc/Obj/WSNVisualizer.o
                0x00400412                visualizeAirTxFInished
 .text.visualizeAirRxFinished
                0x00400418        0x6 All_deRFusb23e06_At91sam3s4c_Rf231_Gcc/Obj/WSNVisualizer.o
                0x00400418                visualizeAirRxFinished
 .text.visualizeSerialTx
                0x0040041e        0x6 All_deRFusb23e06_At91sam3s4c_Rf231_Gcc/Obj/WSNVisualizer.o
                0x0040041e                visualizeSerialTx
 .text.visualizeWakeUp
                0x00400424       0x10 All_deRFusb23e06_At91sam3s4c_Rf231_Gcc/Obj/WSNVisualizer.o
                0x00400424                visualizeWakeUp
 .text.visualizeIdentity
                0x00400434        0x6 All_deRFusb23e06_At91sam3s4c_Rf231_Gcc/Obj/WSNVisualizer.o
                0x00400434                visualizeIdentity
 *fill*         0x0040043a        0x2 00
 .text.msgSenderApsDataConf
                0x0040043c       0x68 All_deRFusb23e06_At91sam3s4c_Rf231_Gcc/Obj/WSNMessageSender.o
 .text.appInitMsgSender
                0x004004a4       0x30 All_deRFusb23e06_At91sam3s4c_Rf231_Gcc/Obj/WSNMessageSender.o
                0x004004a4                appInitMsgSender
 .text.appMsgSender
                0x004004d4       0xa4 All_deRFusb23e06_At91sam3s4c_Rf231_Gcc/Obj/WSNMessageSender.o
                0x004004d4                appMsgSender
 .text.appCreateTxFrame
                0x00400578       0x5c All_deRFusb23e06_At91sam3s4c_Rf231_Gcc/Obj/WSNMessageSender.o
                0x00400578                appCreateTxFrame
 .text.appInitCmdHandler
                0x004005d4       0x28 All_deRFusb23e06_At91sam3s4c_Rf231_Gcc/Obj/WSNCommandHandler.o
                0x004005d4                appInitCmdHandler
 .text.appCmdHandler
                0x004005fc       0x48 All_deRFusb23e06_At91sam3s4c_Rf231_Gcc/Obj/WSNCommandHandler.o
                0x004005fc                appCmdHandler
 .text.appCreateCommand
                0x00400644       0x38 All_deRFusb23e06_At91sam3s4c_Rf231_Gcc/Obj/WSNCommandHandler.o
                0x00400644                appCreateCommand
 .text.appPostGlobalTask
                0x0040067c       0x20 All_deRFusb23e06_At91sam3s4c_Rf231_Gcc/Obj/WSNDemoApp.o
 .text.appZdpLeaveResp
                0x0040069c       0x14 All_deRFusb23e06_At91sam3s4c_Rf231_Gcc/Obj/WSNDemoApp.o
 .text.startingNetworkTimerFired
                0x004006b0        0x4 All_deRFusb23e06_At91sam3s4c_Rf231_Gcc/Obj/WSNDemoApp.o
 .text.appApsDataIndHandler
                0x004006b4       0x16 All_deRFusb23e06_At91sam3s4c_Rf231_Gcc/Obj/WSNDemoApp.o
 *fill*         0x004006ca        0x2 00
 .text.identifyTimerFired
                0x004006cc       0x30 All_deRFusb23e06_At91sam3s4c_Rf231_Gcc/Obj/WSNDemoApp.o
 .text.appZdoStartNetworkConf
                0x004006fc       0x4c All_deRFusb23e06_At91sam3s4c_Rf231_Gcc/Obj/WSNDemoApp.o
 .text.APL_TaskHandler
                0x00400748      0x188 All_deRFusb23e06_At91sam3s4c_Rf231_Gcc/Obj/WSNDemoApp.o
                0x00400748                APL_TaskHandler
 .text.ZDO_MgmtNwkUpdateNotf
                0x004008d0       0x8c All_deRFusb23e06_At91sam3s4c_Rf231_Gcc/Obj/WSNDemoApp.o
                0x004008d0                ZDO_MgmtNwkUpdateNotf
 .text.ZDO_WakeUpInd
                0x0040095c       0x10 All_deRFusb23e06_At91sam3s4c_Rf231_Gcc/Obj/WSNDemoApp.o
                0x0040095c                ZDO_WakeUpInd
 .text.appReadLqiRssi
                0x0040096c       0x28 All_deRFusb23e06_At91sam3s4c_Rf231_Gcc/Obj/WSNDemoApp.o
                0x0040096c                appReadLqiRssi
 .text.appPostSubTaskTask
                0x00400994       0x38 All_deRFusb23e06_At91sam3s4c_Rf231_Gcc/Obj/WSNDemoApp.o
                0x00400994                appPostSubTaskTask
 .text.appPostCmdHandlerTask
                0x004009cc       0x38 All_deRFusb23e06_At91sam3s4c_Rf231_Gcc/Obj/WSNDemoApp.o
                0x004009cc                appPostCmdHandlerTask
 .text.appPostMsgSenderTask
                0x00400a04       0x38 All_deRFusb23e06_At91sam3s4c_Rf231_Gcc/Obj/WSNDemoApp.o
                0x00400a04                appPostMsgSenderTask
 .text.appPcCmdReceived
                0x00400a3c       0x10 All_deRFusb23e06_At91sam3s4c_Rf231_Gcc/Obj/WSNDemoApp.o
                0x00400a3c                appPcCmdReceived
 .text.appStartIdentifyVisualization
                0x00400a4c       0x30 All_deRFusb23e06_At91sam3s4c_Rf231_Gcc/Obj/WSNDemoApp.o
                0x00400a4c                appStartIdentifyVisualization
 .text.appGetCmdDescriptor
                0x00400a7c       0x48 All_deRFusb23e06_At91sam3s4c_Rf231_Gcc/Obj/WSNDemoApp.o
                0x00400a7c                appGetCmdDescriptor
 .text.ZDO_BindIndication
                0x00400ac4        0x2 All_deRFusb23e06_At91sam3s4c_Rf231_Gcc/Obj/WSNDemoApp.o
                0x00400ac4                ZDO_BindIndication
 .text.ZDO_UnbindIndication
                0x00400ac6        0x2 All_deRFusb23e06_At91sam3s4c_Rf231_Gcc/Obj/WSNDemoApp.o
                0x00400ac6                ZDO_UnbindIndication
 .text.startup.main
                0x00400ac8        0xc All_deRFusb23e06_At91sam3s4c_Rf231_Gcc/Obj/WSNDemoApp.o
                0x00400ac8                main
 .text.resetUsartRx
                0x00400ad4       0x20 All_deRFusb23e06_At91sam3s4c_Rf231_Gcc/Obj/WSNUARTManager.o
 .text.linkSafetyTimerFired
                0x00400af4        0x4 All_deRFusb23e06_At91sam3s4c_Rf231_Gcc/Obj/WSNUARTManager.o
 .text.sendNextMessage
                0x00400af8       0x38 All_deRFusb23e06_At91sam3s4c_Rf231_Gcc/Obj/WSNUARTManager.o
 .text.writeConfirm
                0x00400b30       0x28 All_deRFusb23e06_At91sam3s4c_Rf231_Gcc/Obj/WSNUARTManager.o
 .text.appStartUsartManager
                0x00400b58       0x8c All_deRFusb23e06_At91sam3s4c_Rf231_Gcc/Obj/WSNUARTManager.o
                0x00400b58                appStartUsartManager
 .text.appSendMessageToUsart2
                0x00400be4       0x50 All_deRFusb23e06_At91sam3s4c_Rf231_Gcc/Obj/WSNUARTManager.o
                0x00400be4                appSendMessageToUsart2
 .text.readByteEvent
                0x00400c34       0xf8 All_deRFusb23e06_At91sam3s4c_Rf231_Gcc/Obj/WSNUARTManager.o
 .text.appSendMessageToUsart
                0x00400d2c       0x84 All_deRFusb23e06_At91sam3s4c_Rf231_Gcc/Obj/WSNUARTManager.o
                0x00400d2c                appSendMessageToUsart
 .text.BSP_OpenLeds
                0x00400db0       0x24 All_deRFusb23e06_At91sam3s4c_Rf231_Gcc/Obj/leds.o
                0x00400db0                BSP_OpenLeds
 .text.BSP_OnLed
                0x00400dd4       0x24 All_deRFusb23e06_At91sam3s4c_Rf231_Gcc/Obj/leds.o
                0x00400dd4                BSP_OnLed
 .text.BSP_OffLed
                0x00400df8       0x24 All_deRFusb23e06_At91sam3s4c_Rf231_Gcc/Obj/leds.o
                0x00400df8                BSP_OffLed
 .text.BSP_ToggleLed
                0x00400e1c       0x40 All_deRFusb23e06_At91sam3s4c_Rf231_Gcc/Obj/leds.o
                0x00400e1c                BSP_ToggleLed
 .text.BSP_TaskHandler
                0x00400e5c       0x6c All_deRFusb23e06_At91sam3s4c_Rf231_Gcc/Obj/bspTaskManager.o
                0x00400e5c                BSP_TaskHandler
 .text.BSP_OpenTemperatureSensor
                0x00400ec8        0x4 All_deRFusb23e06_At91sam3s4c_Rf231_Gcc/Obj/fakeBSP.o
                0x00400ec8                BSP_OpenTemperatureSensor
 .text.BSP_CloseTemperatureSensor
                0x00400ecc        0x4 All_deRFusb23e06_At91sam3s4c_Rf231_Gcc/Obj/fakeBSP.o
                0x00400ecc                BSP_CloseTemperatureSensor
 .text.BSP_ReadTemperatureData
                0x00400ed0       0x38 All_deRFusb23e06_At91sam3s4c_Rf231_Gcc/Obj/fakeBSP.o
                0x00400ed0                BSP_ReadTemperatureData
 .text.bspTemperatureSensorHandler
                0x00400f08       0x14 All_deRFusb23e06_At91sam3s4c_Rf231_Gcc/Obj/fakeBSP.o
                0x00400f08                bspTemperatureSensorHandler
 .text.BSP_OpenLightSensor
                0x00400f1c        0x4 All_deRFusb23e06_At91sam3s4c_Rf231_Gcc/Obj/fakeBSP.o
                0x00400f1c                BSP_OpenLightSensor
 .text.BSP_CloseLightSensor
                0x00400f20        0x4 All_deRFusb23e06_At91sam3s4c_Rf231_Gcc/Obj/fakeBSP.o
                0x00400f20                BSP_CloseLightSensor
 .text.BSP_ReadLightData
                0x00400f24       0x38 All_deRFusb23e06_At91sam3s4c_Rf231_Gcc/Obj/fakeBSP.o
                0x00400f24                BSP_ReadLightData
 .text.bspLightSensorHandler
                0x00400f5c       0x14 All_deRFusb23e06_At91sam3s4c_Rf231_Gcc/Obj/fakeBSP.o
                0x00400f5c                bspLightSensorHandler
 .text.BSP_OpenBatterySensor
                0x00400f70        0x4 All_deRFusb23e06_At91sam3s4c_Rf231_Gcc/Obj/fakeBSP.o
                0x00400f70                BSP_OpenBatterySensor
 .text.BSP_CloseBatterySensor
                0x00400f74        0x4 All_deRFusb23e06_At91sam3s4c_Rf231_Gcc/Obj/fakeBSP.o
                0x00400f74                BSP_CloseBatterySensor
 .text.BSP_ReadBatteryData
                0x00400f78       0x38 All_deRFusb23e06_At91sam3s4c_Rf231_Gcc/Obj/fakeBSP.o
                0x00400f78                BSP_ReadBatteryData
 .text.bspEmptyBatteryHandler
                0x00400fb0       0x10 All_deRFusb23e06_At91sam3s4c_Rf231_Gcc/Obj/fakeBSP.o
                0x00400fb0                bspEmptyBatteryHandler
 .text.vcpTmtCallback
                0x00400fc0       0x78 All_deRFusb23e06_At91sam3s4c_Rf231_Gcc/Obj/vcpVirtualUsart.o
                0x00400fc0                vcpTmtCallback
 .text.VCP_OpenUsart
                0x00401038       0x50 All_deRFusb23e06_At91sam3s4c_Rf231_Gcc/Obj/vcpVirtualUsart.o
                0x00401038                VCP_OpenUsart
 .text.VCP_WriteUsart
                0x00401088       0xc0 All_deRFusb23e06_At91sam3s4c_Rf231_Gcc/Obj/vcpVirtualUsart.o
                0x00401088                VCP_WriteUsart
 .text.vcpEnableReadPipe
                0x00401148       0x90 All_deRFusb23e06_At91sam3s4c_Rf231_Gcc/Obj/vcpVirtualUsart.o
                0x00401148                vcpEnableReadPipe
 .text.vcpRcvCallback
                0x004011d8       0x3c All_deRFusb23e06_At91sam3s4c_Rf231_Gcc/Obj/vcpVirtualUsart.o
                0x004011d8                vcpRcvCallback
 .text.VCP_ReadUsart
                0x00401214       0xe0 All_deRFusb23e06_At91sam3s4c_Rf231_Gcc/Obj/vcpVirtualUsart.o
                0x00401214                VCP_ReadUsart
 .text.vcpResponseSetLineCoding
                0x004012f4        0x4 All_deRFusb23e06_At91sam3s4c_Rf231_Gcc/Obj/vcpCdcProtocol.o
                0x004012f4                vcpResponseSetLineCoding
 .text.vcpResponseGetLineCoding
                0x004012f8       0x2c All_deRFusb23e06_At91sam3s4c_Rf231_Gcc/Obj/vcpCdcProtocol.o
                0x004012f8                vcpResponseGetLineCoding
 .text.vcpRequestHandler
                0x00401324       0x50 All_deRFusb23e06_At91sam3s4c_Rf231_Gcc/Obj/vcpCdcProtocol.o
                0x00401324                vcpRequestHandler
 .text.setupProcessRequestHandler
                0x00401374       0x12 All_deRFusb23e06_At91sam3s4c_Rf231_Gcc/Obj/usbSetupProcess.o
                0x00401374                setupProcessRequestHandler
 .text.sendZLP  0x00401386       0x12 All_deRFusb23e06_At91sam3s4c_Rf231_Gcc/Obj/usbEnumeration.o
                0x00401386                sendZLP
 .text.runtimeSetConfiguration
                0x00401398        0xe All_deRFusb23e06_At91sam3s4c_Rf231_Gcc/Obj/usbEnumeration.o
                0x00401398                runtimeSetConfiguration
 *fill*         0x004013a6        0x2 00
 .text.runtimeGetDescriptorHandler
                0x004013a8       0x6c All_deRFusb23e06_At91sam3s4c_Rf231_Gcc/Obj/usbEnumeration.o
                0x004013a8                runtimeGetDescriptorHandler
 .text.runtimeRequestHandler
                0x00401414       0xa8 All_deRFusb23e06_At91sam3s4c_Rf231_Gcc/Obj/usbEnumeration.o
                0x00401414                runtimeRequestHandler
 .text.usbBusResetAction
                0x004014bc        0xc All_deRFusb23e06_At91sam3s4c_Rf231_Gcc/Obj/usbEnumeration.o
                0x004014bc                usbBusResetAction
 .text.csSetToDefault
                0x004014c8       0x78 All_deRFusb23e06_At91sam3s4c_Rf231_Gcc/Obj/csMem.o
                0x004014c8                csSetToDefault
 .text.csGetItem
                0x00401540       0x24 All_deRFusb23e06_At91sam3s4c_Rf231_Gcc/Obj/configServer.o
 .text.CS_Init  0x00401564        0x4 All_deRFusb23e06_At91sam3s4c_Rf231_Gcc/Obj/configServer.o
                0x00401564                CS_Init
 .text.CS_ReadParameter
                0x00401568       0x26 All_deRFusb23e06_At91sam3s4c_Rf231_Gcc/Obj/configServer.o
                0x00401568                CS_ReadParameter
 .text.CS_WriteParameter
                0x0040158e       0x2c All_deRFusb23e06_At91sam3s4c_Rf231_Gcc/Obj/configServer.o
                0x0040158e                CS_WriteParameter
 .text.CS_GetMemory
                0x004015ba       0x1a All_deRFusb23e06_At91sam3s4c_Rf231_Gcc/Obj/configServer.o
                0x004015ba                CS_GetMemory
 .text.halStartAtomic
                0x004015d4        0xe ./../../../../BitCloud/lib/libHAL_deRFusb23e06_At91sam3s4c_64Mhz_Gcc.a(atomic.o)
                0x004015d4                halStartAtomic
 .text.halEndAtomic
                0x004015e2        0xa ./../../../../BitCloud/lib/libHAL_deRFusb23e06_At91sam3s4c_64Mhz_Gcc.a(atomic.o)
                0x004015e2                halEndAtomic
 .text.__get_PRIMASK
                0x004015ec        0x6 ./../../../../BitCloud/lib/libHAL_deRFusb23e06_At91sam3s4c_64Mhz_Gcc.a(core_cm3.o)
                0x004015ec                __get_PRIMASK
 .text.__set_PRIMASK
                0x004015f2        0x6 ./../../../../BitCloud/lib/libHAL_deRFusb23e06_At91sam3s4c_64Mhz_Gcc.a(core_cm3.o)
                0x004015f2                __set_PRIMASK
 .text.halIrqHandlerNotUsed
                0x004015f8        0x2 ./../../../../BitCloud/lib/libHAL_deRFusb23e06_At91sam3s4c_64Mhz_Gcc.a(halVectorTable.o)
 *fill*         0x004015fa        0x2 00
 .text.halAdjustSleepInterval
                0x004015fc       0x3c ./../../../../BitCloud/lib/libHAL_deRFusb23e06_At91sam3s4c_64Mhz_Gcc.a(halAppClock.o)
                0x004015fc                halAdjustSleepInterval
 .text.halAppSystemTimeSynchronize
                0x00401638       0x34 ./../../../../BitCloud/lib/libHAL_deRFusb23e06_At91sam3s4c_64Mhz_Gcc.a(halAppClock.o)
                0x00401638                halAppSystemTimeSynchronize
 .text.timerHandler
                0x0040166c       0x70 ./../../../../BitCloud/lib/libHAL_deRFusb23e06_At91sam3s4c_64Mhz_Gcc.a(halAppClock.o)
                0x0040166c                timerHandler
 .text.halStartAppClock
                0x004016dc       0x50 ./../../../../BitCloud/lib/libHAL_deRFusb23e06_At91sam3s4c_64Mhz_Gcc.a(halAppClock.o)
                0x004016dc                halStartAppClock
 .text.halStopAppClock
                0x0040172c        0xc ./../../../../BitCloud/lib/libHAL_deRFusb23e06_At91sam3s4c_64Mhz_Gcc.a(halAppClock.o)
                0x0040172c                halStopAppClock
 .text.halGetTimeOfAppTimer
                0x00401738       0x10 ./../../../../BitCloud/lib/libHAL_deRFusb23e06_At91sam3s4c_64Mhz_Gcc.a(halAppClock.o)
                0x00401738                halGetTimeOfAppTimer
 .text.halDelayUs
                0x00401748       0x30 ./../../../../BitCloud/lib/libHAL_deRFusb23e06_At91sam3s4c_64Mhz_Gcc.a(halAppClock.o)
                0x00401748                halDelayUs
 .text.commonUsartHandler
                0x00401778       0x80 ./../../../../BitCloud/lib/libHAL_deRFusb23e06_At91sam3s4c_64Mhz_Gcc.a(halUsart.o)
                0x00401778                commonUsartHandler
 .text.usart0Handler
                0x004017f8       0x10 ./../../../../BitCloud/lib/libHAL_deRFusb23e06_At91sam3s4c_64Mhz_Gcc.a(halUsart.o)
                0x004017f8                usart0Handler
 .text.usart1Handler
                0x00401808       0x10 ./../../../../BitCloud/lib/libHAL_deRFusb23e06_At91sam3s4c_64Mhz_Gcc.a(halUsart.o)
                0x00401808                usart1Handler
 .text.halPostUartTask
                0x00401818       0x44 ./../../../../BitCloud/lib/libHAL_deRFusb23e06_At91sam3s4c_64Mhz_Gcc.a(halUart.o)
 .text.halUartTaskUart1Rxc
                0x0040185c       0x10 ./../../../../BitCloud/lib/libHAL_deRFusb23e06_At91sam3s4c_64Mhz_Gcc.a(halUart.o)
 .text.halUartTaskUart0Rxc
                0x0040186c       0x10 ./../../../../BitCloud/lib/libHAL_deRFusb23e06_At91sam3s4c_64Mhz_Gcc.a(halUart.o)
 .text.halUartTaskUart1Txc
                0x0040187c       0x10 ./../../../../BitCloud/lib/libHAL_deRFusb23e06_At91sam3s4c_64Mhz_Gcc.a(halUart.o)
 .text.halUartTaskUart0Txc
                0x0040188c       0x10 ./../../../../BitCloud/lib/libHAL_deRFusb23e06_At91sam3s4c_64Mhz_Gcc.a(halUart.o)
 .text.halUartTaskUart1Dre
                0x0040189c       0x10 ./../../../../BitCloud/lib/libHAL_deRFusb23e06_At91sam3s4c_64Mhz_Gcc.a(halUart.o)
 .text.halUartTaskUart0Dre
                0x004018ac       0x10 ./../../../../BitCloud/lib/libHAL_deRFusb23e06_At91sam3s4c_64Mhz_Gcc.a(halUart.o)
 .text.halSigUartHandler
                0x004018bc       0x3c ./../../../../BitCloud/lib/libHAL_deRFusb23e06_At91sam3s4c_64Mhz_Gcc.a(halUart.o)
                0x004018bc                halSigUartHandler
 .text.uart0Handler
                0x004018f8       0x68 ./../../../../BitCloud/lib/libHAL_deRFusb23e06_At91sam3s4c_64Mhz_Gcc.a(halUart.o)
                0x004018f8                uart0Handler
 .text.halClearCSR
                0x00401960       0x48 ./../../../../BitCloud/lib/libHAL_deRFusb23e06_At91sam3s4c_64Mhz_Gcc.a(halUsb.o)
 .text.halSetCSR
                0x004019a8       0x48 ./../../../../BitCloud/lib/libHAL_deRFusb23e06_At91sam3s4c_64Mhz_Gcc.a(halUsb.o)
 .text.halWritePayload
                0x004019f0       0x50 ./../../../../BitCloud/lib/libHAL_deRFusb23e06_At91sam3s4c_64Mhz_Gcc.a(halUsb.o)
 .text.halClearRxFlag
                0x00401a40       0x98 ./../../../../BitCloud/lib/libHAL_deRFusb23e06_At91sam3s4c_64Mhz_Gcc.a(halUsb.o)
 .text.usbHandler
                0x00401ad8      0x100 ./../../../../BitCloud/lib/libHAL_deRFusb23e06_At91sam3s4c_64Mhz_Gcc.a(halUsb.o)
                0x00401ad8                usbHandler
 .text.halUsbInterrupt
                0x00401bd8       0x28 ./../../../../BitCloud/lib/libHAL_deRFusb23e06_At91sam3s4c_64Mhz_Gcc.a(halUsb.o)
                0x00401bd8                halUsbInterrupt
 .text.halEndOfTransfer
                0x00401c00       0x3c ./../../../../BitCloud/lib/libHAL_deRFusb23e06_At91sam3s4c_64Mhz_Gcc.a(halUsb.o)
                0x00401c00                halEndOfTransfer
 .text.halResetEndpoints
                0x00401c3c       0x30 ./../../../../BitCloud/lib/libHAL_deRFusb23e06_At91sam3s4c_64Mhz_Gcc.a(halUsb.o)
                0x00401c3c                halResetEndpoints
 .text.halDisableEndpoints
                0x00401c6c       0x24 ./../../../../BitCloud/lib/libHAL_deRFusb23e06_At91sam3s4c_64Mhz_Gcc.a(halUsb.o)
                0x00401c6c                halDisableEndpoints
 .text.halEndOfBusResetHandler
                0x00401c90       0x34 ./../../../../BitCloud/lib/libHAL_deRFusb23e06_At91sam3s4c_64Mhz_Gcc.a(halUsb.o)
                0x00401c90                halEndOfBusResetHandler
 .text.halEndpointHandler
                0x00401cc4      0x250 ./../../../../BitCloud/lib/libHAL_deRFusb23e06_At91sam3s4c_64Mhz_Gcc.a(halUsb.o)
                0x00401cc4                halEndpointHandler
 .text.halConfigureEndpoint
                0x00401f14       0x34 ./../../../../BitCloud/lib/libHAL_deRFusb23e06_At91sam3s4c_64Mhz_Gcc.a(halUsb.o)
                0x00401f14                halConfigureEndpoint
 .text.halStartUsbWrite
                0x00401f48       0x60 ./../../../../BitCloud/lib/libHAL_deRFusb23e06_At91sam3s4c_64Mhz_Gcc.a(halUsb.o)
                0x00401f48                halStartUsbWrite
 .text.halSendStallToHost
                0x00401fa8        0xa ./../../../../BitCloud/lib/libHAL_deRFusb23e06_At91sam3s4c_64Mhz_Gcc.a(halUsb.o)
                0x00401fa8                halSendStallToHost
 *fill*         0x00401fb2        0x2 00
 .text.halSetUsbAddress
                0x00401fb4       0x18 ./../../../../BitCloud/lib/libHAL_deRFusb23e06_At91sam3s4c_64Mhz_Gcc.a(halUsb.o)
                0x00401fb4                halSetUsbAddress
 .text.halSetUsbConfigState
                0x00401fcc       0x18 ./../../../../BitCloud/lib/libHAL_deRFusb23e06_At91sam3s4c_64Mhz_Gcc.a(halUsb.o)
                0x00401fcc                halSetUsbConfigState
 .text.halProcessExtIrq
                0x00401fe4       0x36 ./../../../../BitCloud/lib/libHAL_deRFusb23e06_At91sam3s4c_64Mhz_Gcc.a(halIrq.o)
 *fill*         0x0040201a        0x2 00
 .text.halRegisterExtIrq
                0x0040201c      0x168 ./../../../../BitCloud/lib/libHAL_deRFusb23e06_At91sam3s4c_64Mhz_Gcc.a(halIrq.o)
                0x0040201c                halRegisterExtIrq
 .text.halEnableExtIrq
                0x00402184       0x20 ./../../../../BitCloud/lib/libHAL_deRFusb23e06_At91sam3s4c_64Mhz_Gcc.a(halIrq.o)
                0x00402184                halEnableExtIrq
 .text.halDisableExtIrq
                0x004021a4       0x38 ./../../../../BitCloud/lib/libHAL_deRFusb23e06_At91sam3s4c_64Mhz_Gcc.a(halIrq.o)
                0x004021a4                halDisableExtIrq
 .text.halClearExtIrq
                0x004021dc       0x74 ./../../../../BitCloud/lib/libHAL_deRFusb23e06_At91sam3s4c_64Mhz_Gcc.a(halIrq.o)
                0x004021dc                halClearExtIrq
 .text.pioaHandler
                0x00402250       0x10 ./../../../../BitCloud/lib/libHAL_deRFusb23e06_At91sam3s4c_64Mhz_Gcc.a(halIrq.o)
                0x00402250                pioaHandler
 .text.piobHandler
                0x00402260       0x10 ./../../../../BitCloud/lib/libHAL_deRFusb23e06_At91sam3s4c_64Mhz_Gcc.a(halIrq.o)
                0x00402260                piobHandler
 .text.piocHandler
                0x00402270       0x10 ./../../../../BitCloud/lib/libHAL_deRFusb23e06_At91sam3s4c_64Mhz_Gcc.a(halIrq.o)
                0x00402270                piocHandler
 .text.hsmciHandler
                0x00402280       0xec ./../../../../BitCloud/lib/libHAL_deRFusb23e06_At91sam3s4c_64Mhz_Gcc.a(halHsmci.o)
                0x00402280                hsmciHandler
 .text.halHsmciHandler
                0x0040236c       0x14 ./../../../../BitCloud/lib/libHAL_deRFusb23e06_At91sam3s4c_64Mhz_Gcc.a(halHsmci.o)
                0x0040236c                halHsmciHandler
 .text.halStartSleepTimerClock
                0x00402380       0x44 ./../../../../BitCloud/lib/libHAL_deRFusb23e06_At91sam3s4c_64Mhz_Gcc.a(halSleepTimerClock.o)
                0x00402380                halStartSleepTimerClock
 .text.halSetSleepTimerInterval
                0x004023c4       0x24 ./../../../../BitCloud/lib/libHAL_deRFusb23e06_At91sam3s4c_64Mhz_Gcc.a(halSleepTimerClock.o)
                0x004023c4                halSetSleepTimerInterval
 .text.halGetTimeOfSleepTimer
                0x004023e8       0x54 ./../../../../BitCloud/lib/libHAL_deRFusb23e06_At91sam3s4c_64Mhz_Gcc.a(halSleepTimerClock.o)
                0x004023e8                halGetTimeOfSleepTimer
 .text.halSleepTimerFrequency
                0x0040243c        0x4 ./../../../../BitCloud/lib/libHAL_deRFusb23e06_At91sam3s4c_64Mhz_Gcc.a(halSleepTimerClock.o)
                0x0040243c                halSleepTimerFrequency
 .text.rttHandler
                0x00402440       0x80 ./../../../../BitCloud/lib/libHAL_deRFusb23e06_At91sam3s4c_64Mhz_Gcc.a(halSleepTimerClock.o)
                0x00402440                rttHandler
 .text.halPowerOn
                0x004024c0       0x54 ./../../../../BitCloud/lib/libHAL_deRFusb23e06_At91sam3s4c_64Mhz_Gcc.a(halSleep.o)
                0x004024c0                halPowerOn
 .text.halPowerOff
                0x00402514       0x74 ./../../../../BitCloud/lib/libHAL_deRFusb23e06_At91sam3s4c_64Mhz_Gcc.a(halSleep.o)
                0x00402514                halPowerOff
 .text.HAL_Sleep
                0x00402588       0x40 ./../../../../BitCloud/lib/libHAL_deRFusb23e06_At91sam3s4c_64Mhz_Gcc.a(halSleep.o)
                0x00402588                HAL_Sleep
 .text.halWakeupHandler
                0x004025c8       0x60 ./../../../../BitCloud/lib/libHAL_deRFusb23e06_At91sam3s4c_64Mhz_Gcc.a(halSleep.o)
                0x004025c8                halWakeupHandler
 .text.gccReset
                0x00402628       0x50 ./../../../../BitCloud/lib/libHAL_deRFusb23e06_At91sam3s4c_64Mhz_Gcc.a(halStartupGcc.o)
                0x00402628                gccReset
 .text.HAL_Delay
                0x00402678        0x8 ./../../../../BitCloud/lib/libHAL_deRFusb23e06_At91sam3s4c_64Mhz_Gcc.a(halRfCtrl.o)
                0x00402678                HAL_Delay
 .text.HAL_ClearRfIrqFlag
                0x00402680        0xa ./../../../../BitCloud/lib/libHAL_deRFusb23e06_At91sam3s4c_64Mhz_Gcc.a(halRfCtrl.o)
                0x00402680                HAL_ClearRfIrqFlag
 .text.HAL_EnableRfIrq
                0x0040268a        0xa ./../../../../BitCloud/lib/libHAL_deRFusb23e06_At91sam3s4c_64Mhz_Gcc.a(halRfCtrl.o)
                0x0040268a                HAL_EnableRfIrq
 .text.HAL_DisableRfIrq
                0x00402694        0xc ./../../../../BitCloud/lib/libHAL_deRFusb23e06_At91sam3s4c_64Mhz_Gcc.a(halRfCtrl.o)
                0x00402694                HAL_DisableRfIrq
 .text.HAL_SetRfSlpTr
                0x004026a0       0x10 ./../../../../BitCloud/lib/libHAL_deRFusb23e06_At91sam3s4c_64Mhz_Gcc.a(halRfCtrl.o)
                0x004026a0                HAL_SetRfSlpTr
 .text.HAL_ClearRfSlpTr
                0x004026b0       0x10 ./../../../../BitCloud/lib/libHAL_deRFusb23e06_At91sam3s4c_64Mhz_Gcc.a(halRfCtrl.o)
                0x004026b0                HAL_ClearRfSlpTr
 .text.HAL_SetRfRst
                0x004026c0       0x10 ./../../../../BitCloud/lib/libHAL_deRFusb23e06_At91sam3s4c_64Mhz_Gcc.a(halRfCtrl.o)
                0x004026c0                HAL_SetRfRst
 .text.HAL_ClearRfRst
                0x004026d0       0x10 ./../../../../BitCloud/lib/libHAL_deRFusb23e06_At91sam3s4c_64Mhz_Gcc.a(halRfCtrl.o)
                0x004026d0                HAL_ClearRfRst
 .text.HAL_InitRfPins
                0x004026e0       0x18 ./../../../../BitCloud/lib/libHAL_deRFusb23e06_At91sam3s4c_64Mhz_Gcc.a(halRfCtrl.o)
                0x004026e0                HAL_InitRfPins
 .text.HAL_InitRfIrq
                0x004026f8       0x28 ./../../../../BitCloud/lib/libHAL_deRFusb23e06_At91sam3s4c_64Mhz_Gcc.a(halRfCtrl.o)
                0x004026f8                HAL_InitRfIrq
 .text.HAL_GetRfFreq
                0x00402720        0x4 ./../../../../BitCloud/lib/libHAL_deRFusb23e06_At91sam3s4c_64Mhz_Gcc.a(halRfCtrl.o)
                0x00402720                HAL_GetRfFreq
 .text.halWaitRadio
                0x00402724       0x20 ./../../../../BitCloud/lib/libHAL_deRFusb23e06_At91sam3s4c_64Mhz_Gcc.a(halRfCtrl.o)
                0x00402724                halWaitRadio
 .text.HAL_EnableRxTxSwitcher
                0x00402744        0x8 ./../../../../BitCloud/lib/libHAL_deRFusb23e06_At91sam3s4c_64Mhz_Gcc.a(halRfCtrl.o)
                0x00402744                HAL_EnableRxTxSwitcher
 .text.HAL_InitAntennaDiversity
                0x0040274c        0x2 ./../../../../BitCloud/lib/libHAL_deRFusb23e06_At91sam3s4c_64Mhz_Gcc.a(halRfCtrl.o)
                0x0040274c                HAL_InitAntennaDiversity
 .text.HAL_EnableRxAntennaDiversity
                0x0040274e        0x2 ./../../../../BitCloud/lib/libHAL_deRFusb23e06_At91sam3s4c_64Mhz_Gcc.a(halRfCtrl.o)
                0x0040274e                HAL_EnableRxAntennaDiversity
 .text.HAL_EnableTxAntennaDiversity
                0x00402750        0x2 ./../../../../BitCloud/lib/libHAL_deRFusb23e06_At91sam3s4c_64Mhz_Gcc.a(halRfCtrl.o)
                0x00402750                HAL_EnableTxAntennaDiversity
 *fill*         0x00402752        0x2 00
 .text.HAL_InitRfSpi
                0x00402754       0x44 ./../../../../BitCloud/lib/libHAL_deRFusb23e06_At91sam3s4c_64Mhz_Gcc.a(halRfSpi.o)
                0x00402754                HAL_InitRfSpi
 .text.HAL_WriteByteRfSpi
                0x00402798       0x18 ./../../../../BitCloud/lib/libHAL_deRFusb23e06_At91sam3s4c_64Mhz_Gcc.a(halRfSpi.o)
                0x00402798                HAL_WriteByteRfSpi
 .text.HAL_DeselectRfSpi
                0x004027b0       0x10 ./../../../../BitCloud/lib/libHAL_deRFusb23e06_At91sam3s4c_64Mhz_Gcc.a(halRfSpi.o)
                0x004027b0                HAL_DeselectRfSpi
 .text.HAL_SelectRfSpi
                0x004027c0       0x10 ./../../../../BitCloud/lib/libHAL_deRFusb23e06_At91sam3s4c_64Mhz_Gcc.a(halRfSpi.o)
                0x004027c0                HAL_SelectRfSpi
 .text.HAL_InitMacIsr
                0x004027d0       0x14 ./../../../../BitCloud/lib/libHAL_deRFusb23e06_At91sam3s4c_64Mhz_Gcc.a(halMacIsr.o)
                0x004027d0                HAL_InitMacIsr
 .text.HAL_StartRtimer
                0x004027e4       0x54 ./../../../../BitCloud/lib/libHAL_deRFusb23e06_At91sam3s4c_64Mhz_Gcc.a(halMacIsr.o)
                0x004027e4                HAL_StartRtimer
 .text.HAL_StopRtimer
                0x00402838       0x18 ./../../../../BitCloud/lib/libHAL_deRFusb23e06_At91sam3s4c_64Mhz_Gcc.a(halMacIsr.o)
                0x00402838                HAL_StopRtimer
 .text.halMacTimerHandler
                0x00402850       0x50 ./../../../../BitCloud/lib/libHAL_deRFusb23e06_At91sam3s4c_64Mhz_Gcc.a(halMacIsr.o)
                0x00402850                halMacTimerHandler
 .text.halAppTimerHandler
                0x004028a0       0x40 ./../../../../BitCloud/lib/libHAL_deRFusb23e06_At91sam3s4c_64Mhz_Gcc.a(appTimer.o)
                0x004028a0                halAppTimerHandler
 .text.HAL_StartAppTimer
                0x004028e0       0x3c ./../../../../BitCloud/lib/libHAL_deRFusb23e06_At91sam3s4c_64Mhz_Gcc.a(appTimer.o)
                0x004028e0                HAL_StartAppTimer
 .text.HAL_StopAppTimer
                0x0040291c       0x34 ./../../../../BitCloud/lib/libHAL_deRFusb23e06_At91sam3s4c_64Mhz_Gcc.a(appTimer.o)
                0x0040291c                HAL_StopAppTimer
 .text.HAL_GetSystemTime
                0x00402950       0x18 ./../../../../BitCloud/lib/libHAL_deRFusb23e06_At91sam3s4c_64Mhz_Gcc.a(appTimer.o)
                0x00402950                HAL_GetSystemTime
 .text.HAL_TaskHandler
                0x00402968      0x1e0 ./../../../../BitCloud/lib/libHAL_deRFusb23e06_At91sam3s4c_64Mhz_Gcc.a(halTaskManager.o)
                0x00402968                HAL_TaskHandler
 .text.HAL_StartSystemSleep
                0x00402b48       0x5c ./../../../../BitCloud/lib/libHAL_deRFusb23e06_At91sam3s4c_64Mhz_Gcc.a(sleep.o)
                0x00402b48                HAL_StartSystemSleep
 .text.halAddTimer
                0x00402ba4       0x76 ./../../../../BitCloud/lib/libHAL_deRFusb23e06_At91sam3s4c_64Mhz_Gcc.a(timer.o)
                0x00402ba4                halAddTimer
 .text.halRemoveTimer
                0x00402c1a       0x1c ./../../../../BitCloud/lib/libHAL_deRFusb23e06_At91sam3s4c_64Mhz_Gcc.a(timer.o)
                0x00402c1a                halRemoveTimer
 .text.halFindPrevTimer
                0x00402c36       0x12 ./../../../../BitCloud/lib/libHAL_deRFusb23e06_At91sam3s4c_64Mhz_Gcc.a(timer.o)
                0x00402c36                halFindPrevTimer
 .text.halSigUsartReceptionComplete
                0x00402c48       0x3c ./../../../../BitCloud/lib/libHAL_deRFusb23e06_At91sam3s4c_64Mhz_Gcc.a(usart.o)
 .text.halUsartTaskUsart1Rxc
                0x00402c84       0x10 ./../../../../BitCloud/lib/libHAL_deRFusb23e06_At91sam3s4c_64Mhz_Gcc.a(usart.o)
 .text.halUsartTaskUsart0Rxc
                0x00402c94       0x10 ./../../../../BitCloud/lib/libHAL_deRFusb23e06_At91sam3s4c_64Mhz_Gcc.a(usart.o)
 .text.halUsartHwController
                0x00402ca4       0xc4 ./../../../../BitCloud/lib/libHAL_deRFusb23e06_At91sam3s4c_64Mhz_Gcc.a(usart.o)
 .text.hwControlPinsPollCallback
                0x00402d68       0x10 ./../../../../BitCloud/lib/libHAL_deRFusb23e06_At91sam3s4c_64Mhz_Gcc.a(usart.o)
                0x00402d68                hwControlPinsPollCallback
 .text.halUsartTaskUsart1Dre
                0x00402d78       0x10 ./../../../../BitCloud/lib/libHAL_deRFusb23e06_At91sam3s4c_64Mhz_Gcc.a(usart.o)
 .text.halUsartTaskUsart0Dre
                0x00402d88       0x10 ./../../../../BitCloud/lib/libHAL_deRFusb23e06_At91sam3s4c_64Mhz_Gcc.a(usart.o)
 .text.halSigUsartHandler
                0x00402d98       0x68 ./../../../../BitCloud/lib/libHAL_deRFusb23e06_At91sam3s4c_64Mhz_Gcc.a(usart.o)
                0x00402d98                halSigUsartHandler
 .text.halPostUsartTask
                0x00402e00       0x44 ./../../../../BitCloud/lib/libHAL_deRFusb23e06_At91sam3s4c_64Mhz_Gcc.a(usart.o)
                0x00402e00                halPostUsartTask
 .text.halUsartRxBufferFiller
                0x00402e44       0xa4 ./../../../../BitCloud/lib/libHAL_deRFusb23e06_At91sam3s4c_64Mhz_Gcc.a(usart.o)
                0x00402e44                halUsartRxBufferFiller
 .text.halSigUsartTransmissionComplete
                0x00402ee8       0x54 ./../../../../BitCloud/lib/libHAL_deRFusb23e06_At91sam3s4c_64Mhz_Gcc.a(usart.o)
                0x00402ee8                halSigUsartTransmissionComplete
 .text.halUsartTaskUsart1Txc
                0x00402f3c       0x10 ./../../../../BitCloud/lib/libHAL_deRFusb23e06_At91sam3s4c_64Mhz_Gcc.a(usart.o)
 .text.halUsartTaskUsart0Txc
                0x00402f4c       0x10 ./../../../../BitCloud/lib/libHAL_deRFusb23e06_At91sam3s4c_64Mhz_Gcc.a(usart.o)
 .text.halUartStoreRx
                0x00402f5c       0x54 ./../../../../BitCloud/lib/libHAL_deRFusb23e06_At91sam3s4c_64Mhz_Gcc.a(uart.o)
                0x00402f5c                halUartStoreRx
 .text.halUartTx
                0x00402fb0       0x58 ./../../../../BitCloud/lib/libHAL_deRFusb23e06_At91sam3s4c_64Mhz_Gcc.a(uart.o)
                0x00402fb0                halUartTx
 .text.halSigUartTransmissionComplete
                0x00403008       0x30 ./../../../../BitCloud/lib/libHAL_deRFusb23e06_At91sam3s4c_64Mhz_Gcc.a(uart.o)
                0x00403008                halSigUartTransmissionComplete
 .text.halSigUartReceptionComplete
                0x00403038       0x22 ./../../../../BitCloud/lib/libHAL_deRFusb23e06_At91sam3s4c_64Mhz_Gcc.a(uart.o)
                0x00403038                halSigUartReceptionComplete
 *fill*         0x0040305a        0x2 00
 .text.HAL_RegisterEndOfBusResetHandler
                0x0040305c        0xc ./../../../../BitCloud/lib/libHAL_deRFusb23e06_At91sam3s4c_64Mhz_Gcc.a(usb.o)
                0x0040305c                HAL_RegisterEndOfBusResetHandler
 .text.HAL_RegisterRequestHandler
                0x00403068        0xc ./../../../../BitCloud/lib/libHAL_deRFusb23e06_At91sam3s4c_64Mhz_Gcc.a(usb.o)
                0x00403068                HAL_RegisterRequestHandler
 .text.HAL_ConfigureEndpoint
                0x00403074       0x58 ./../../../../BitCloud/lib/libHAL_deRFusb23e06_At91sam3s4c_64Mhz_Gcc.a(usb.o)
                0x00403074                HAL_ConfigureEndpoint
 .text.HAL_UsbWrite
                0x004030cc       0x50 ./../../../../BitCloud/lib/libHAL_deRFusb23e06_At91sam3s4c_64Mhz_Gcc.a(usb.o)
                0x004030cc                HAL_UsbWrite
 .text.HAL_UsbRead
                0x0040311c       0x54 ./../../../../BitCloud/lib/libHAL_deRFusb23e06_At91sam3s4c_64Mhz_Gcc.a(usb.o)
                0x0040311c                HAL_UsbRead
 .text.HAL_Stall
                0x00403170       0x20 ./../../../../BitCloud/lib/libHAL_deRFusb23e06_At91sam3s4c_64Mhz_Gcc.a(usb.o)
                0x00403170                HAL_Stall
 .text.HAL_SetAddress
                0x00403190       0x20 ./../../../../BitCloud/lib/libHAL_deRFusb23e06_At91sam3s4c_64Mhz_Gcc.a(usb.o)
                0x00403190                HAL_SetAddress
 .text.HAL_SetConfiguration
                0x004031b0       0x20 ./../../../../BitCloud/lib/libHAL_deRFusb23e06_At91sam3s4c_64Mhz_Gcc.a(usb.o)
                0x004031b0                HAL_SetConfiguration
 .text.HAL_UsbInit
                0x004031d0       0x50 ./../../../../BitCloud/lib/libHAL_deRFusb23e06_At91sam3s4c_64Mhz_Gcc.a(usb.o)
                0x004031d0                HAL_UsbInit
 .text.HAL_GetState
                0x00403220        0xc ./../../../../BitCloud/lib/libHAL_deRFusb23e06_At91sam3s4c_64Mhz_Gcc.a(usb.o)
                0x00403220                HAL_GetState
 .text.halEndPointHandler
                0x0040322c       0x12 ./../../../../BitCloud/lib/libHAL_deRFusb23e06_At91sam3s4c_64Mhz_Gcc.a(usb.o)
                0x0040322c                halEndPointHandler
 *fill*         0x0040323e        0x2 00
 .text.halSuspendHandler
                0x00403240       0x10 ./../../../../BitCloud/lib/libHAL_deRFusb23e06_At91sam3s4c_64Mhz_Gcc.a(usb.o)
                0x00403240                halSuspendHandler
 .text.halResumeHandler
                0x00403250       0x10 ./../../../../BitCloud/lib/libHAL_deRFusb23e06_At91sam3s4c_64Mhz_Gcc.a(usb.o)
                0x00403250                halResumeHandler
 .text.halBusResetHandler
                0x00403260       0x14 ./../../../../BitCloud/lib/libHAL_deRFusb23e06_At91sam3s4c_64Mhz_Gcc.a(usb.o)
                0x00403260                halBusResetHandler
 .text.halSigEepromReadyHandler
                0x00403274       0x14 ./../../../../BitCloud/lib/libHAL_deRFusb23e06_At91sam3s4c_64Mhz_Gcc.a(eeprom.o)
                0x00403274                halSigEepromReadyHandler
 .text.HAL_StartSleepTimer
                0x00403288       0x68 ./../../../../BitCloud/lib/libHAL_deRFusb23e06_At91sam3s4c_64Mhz_Gcc.a(sleepTimer.o)
                0x00403288                HAL_StartSleepTimer
 .text.halAsyncTimerHandler
                0x004032f0       0x3c ./../../../../BitCloud/lib/libHAL_deRFusb23e06_At91sam3s4c_64Mhz_Gcc.a(sleepTimer.o)
                0x004032f0                halAsyncTimerHandler
 .text.halSwitchToRcClock
                0x0040332c       0xc0 ./../../../../BitCloud/lib/libHAL_deRFusb23e06_At91sam3s4c_64Mhz_Gcc.a(halLowLevelInit.o)
                0x0040332c                halSwitchToRcClock
 .text.halSwitchToActiveClock
                0x004033ec       0xc8 ./../../../../BitCloud/lib/libHAL_deRFusb23e06_At91sam3s4c_64Mhz_Gcc.a(halLowLevelInit.o)
                0x004033ec                halSwitchToActiveClock
 .text.halRestoreStartupClock
                0x004034b4        0xc ./../../../../BitCloud/lib/libHAL_deRFusb23e06_At91sam3s4c_64Mhz_Gcc.a(halLowLevelInit.o)
                0x004034b4                halRestoreStartupClock
 .text.halLowLevelInit
                0x004034c0       0x2c ./../../../../BitCloud/lib/libHAL_deRFusb23e06_At91sam3s4c_64Mhz_Gcc.a(halLowLevelInit.o)
                0x004034c0                halLowLevelInit
 .text.halDbguPrintAscii
                0x004034ec       0x20 ./../../../../BitCloud/lib/libHAL_deRFusb23e06_At91sam3s4c_64Mhz_Gcc.a(halExcHandler.o)
 .text.halDbguPrintHex8
                0x0040350c       0x40 ./../../../../BitCloud/lib/libHAL_deRFusb23e06_At91sam3s4c_64Mhz_Gcc.a(halExcHandler.o)
 .text.halCommonExcHandler
                0x0040354c      0x20c ./../../../../BitCloud/lib/libHAL_deRFusb23e06_At91sam3s4c_64Mhz_Gcc.a(halExcHandler.o)
                0x0040354c                halCommonExcHandler
 .text.apsNextBind
                0x00403758       0x6c ./../../../../BitCloud/lib/libBc_All_At91sam3s4c_Rf231_Gcc.a(aps.o)
 .text.apsPrepareFragmentedTransmission
                0x004037c4       0x6c ./../../../../BitCloud/lib/libBc_All_At91sam3s4c_Rf231_Gcc.a(aps.o)
 .text.apsIsFragmentationDataReq
                0x00403830       0x1c ./../../../../BitCloud/lib/libBc_All_At91sam3s4c_Rf231_Gcc.a(aps.o)
 .text.apsGetBuffer
                0x0040384c       0xb8 ./../../../../BitCloud/lib/libBc_All_At91sam3s4c_Rf231_Gcc.a(aps.o)
 .text.apsFreeBuffer
                0x00403904       0x64 ./../../../../BitCloud/lib/libBc_All_At91sam3s4c_Rf231_Gcc.a(aps.o)
 .text.apsSendNwkDataReq
                0x00403968       0x10 ./../../../../BitCloud/lib/libBc_All_At91sam3s4c_Rf231_Gcc.a(aps.o)
 .text.apsProcessShortAddrModeDataReq
                0x00403978      0x1ac ./../../../../BitCloud/lib/libBc_All_At91sam3s4c_Rf231_Gcc.a(aps.o)
 .text.apsSendNextBlock
                0x00403b24       0x10 ./../../../../BitCloud/lib/libBc_All_At91sam3s4c_Rf231_Gcc.a(aps.o)
 .text.apsSendAckForFragmentedReceive
                0x00403b34       0xb0 ./../../../../BitCloud/lib/libBc_All_At91sam3s4c_Rf231_Gcc.a(aps.o)
 .text.apsProcessGroupAddrModeDataReq
                0x00403be4      0x150 ./../../../../BitCloud/lib/libBc_All_At91sam3s4c_Rf231_Gcc.a(aps.o)
 .text.apsSendToNextBoundDevice
                0x00403d34       0x72 ./../../../../BitCloud/lib/libBc_All_At91sam3s4c_Rf231_Gcc.a(aps.o)
 .text.apsProcessIndirectDataReq
                0x00403da6       0x1c ./../../../../BitCloud/lib/libBc_All_At91sam3s4c_Rf231_Gcc.a(aps.o)
 *fill*         0x00403dc2        0x2 00
 .text.apsCalculateApsAckTimeout
                0x00403dc4       0x1c ./../../../../BitCloud/lib/libBc_All_At91sam3s4c_Rf231_Gcc.a(aps.o)
 .text.SYS_GetRandomNumber
                0x00403de0       0x18 ./../../../../BitCloud/lib/libBc_All_At91sam3s4c_Rf231_Gcc.a(aps.o)
 .text.apsResetMemoryManager
                0x00403df8       0xc8 ./../../../../BitCloud/lib/libBc_All_At91sam3s4c_Rf231_Gcc.a(aps.o)
 .text.apsPostTask
                0x00403ec0       0x34 ./../../../../BitCloud/lib/libBc_All_At91sam3s4c_Rf231_Gcc.a(aps.o)
 .text.apsDataManagerNwkDataConf
                0x00403ef4       0x20 ./../../../../BitCloud/lib/libBc_All_At91sam3s4c_Rf231_Gcc.a(aps.o)
 .text.apsGroupNwkDataConf
                0x00403f14       0x38 ./../../../../BitCloud/lib/libBc_All_At91sam3s4c_Rf231_Gcc.a(aps.o)
 .text.apsProcessEvent
                0x00403f4c       0x20 ./../../../../BitCloud/lib/libBc_All_At91sam3s4c_Rf231_Gcc.a(aps.o)
 .text.apsAckOnTimerFired
                0x00403f6c       0xb4 ./../../../../BitCloud/lib/libBc_All_At91sam3s4c_Rf231_Gcc.a(aps.o)
 .text.apsFindBindingEntry
                0x00404020       0x9c ./../../../../BitCloud/lib/libBc_All_At91sam3s4c_Rf231_Gcc.a(aps.o)
 .text.apsMakeApsDataConf
                0x004040bc       0x40 ./../../../../BitCloud/lib/libBc_All_At91sam3s4c_Rf231_Gcc.a(aps.o)
 .text.apsAckForFragmentedReceiveConfirmHandler
                0x004040fc       0x58 ./../../../../BitCloud/lib/libBc_All_At91sam3s4c_Rf231_Gcc.a(aps.o)
 .text.apsHandleTransmittedData.constprop.12
                0x00404154       0x50 ./../../../../BitCloud/lib/libBc_All_At91sam3s4c_Rf231_Gcc.a(aps.o)
 .text.APS_BindReq
                0x004041a4       0x98 ./../../../../BitCloud/lib/libBc_All_At91sam3s4c_Rf231_Gcc.a(aps.o)
                0x004041a4                APS_BindReq
 .text.APS_UnbindReq
                0x0040423c       0x4a ./../../../../BitCloud/lib/libBc_All_At91sam3s4c_Rf231_Gcc.a(aps.o)
                0x0040423c                APS_UnbindReq
 *fill*         0x00404286        0x2 00
 .text.APS_DataReq
                0x00404288       0x18 ./../../../../BitCloud/lib/libBc_All_At91sam3s4c_Rf231_Gcc.a(aps.o)
                0x00404288                APS_DataReq
 .text.NWK_DataInd
                0x004042a0       0x18 ./../../../../BitCloud/lib/libBc_All_At91sam3s4c_Rf231_Gcc.a(aps.o)
                0x004042a0                NWK_DataInd
 .text.APS_CalculateTimes
                0x004042b8       0xe4 ./../../../../BitCloud/lib/libBc_All_At91sam3s4c_Rf231_Gcc.a(aps.o)
                0x004042b8                APS_CalculateTimes
 .text.apsResetDataManager
                0x0040439c       0xac ./../../../../BitCloud/lib/libBc_All_At91sam3s4c_Rf231_Gcc.a(aps.o)
 .text.apsNwkResetConf
                0x00404448      0x140 ./../../../../BitCloud/lib/libBc_All_At91sam3s4c_Rf231_Gcc.a(aps.o)
 .text.apsStateMachineTaskHandler
                0x00404588       0xcc ./../../../../BitCloud/lib/libBc_All_At91sam3s4c_Rf231_Gcc.a(aps.o)
 .text.APS_IsProfileIdMatched
                0x00404654       0x1a ./../../../../BitCloud/lib/libBc_All_At91sam3s4c_Rf231_Gcc.a(aps.o)
                0x00404654                APS_IsProfileIdMatched
 *fill*         0x0040466e        0x2 00
 .text.APS_NextEndpoint
                0x00404670       0x10 ./../../../../BitCloud/lib/libBc_All_At91sam3s4c_Rf231_Gcc.a(aps.o)
                0x00404670                APS_NextEndpoint
 .text.apsFindEndpoint
                0x00404680       0x1a ./../../../../BitCloud/lib/libBc_All_At91sam3s4c_Rf231_Gcc.a(aps.o)
 *fill*         0x0040469a        0x2 00
 .text.APS_RegisterEndpointReq
                0x0040469c       0x3c ./../../../../BitCloud/lib/libBc_All_At91sam3s4c_Rf231_Gcc.a(aps.o)
                0x0040469c                APS_RegisterEndpointReq
 .text.apsGroupIndication
                0x004046d8       0x54 ./../../../../BitCloud/lib/libBc_All_At91sam3s4c_Rf231_Gcc.a(aps.o)
 .text.apsUnicastDataInd
                0x0040472c      0x1e8 ./../../../../BitCloud/lib/libBc_All_At91sam3s4c_Rf231_Gcc.a(aps.o)
 .text.apsApduUnicastHandler.constprop.10
                0x00404914      0x46c ./../../../../BitCloud/lib/libBc_All_At91sam3s4c_Rf231_Gcc.a(aps.o)
 .text.apsDataTaskHandler
                0x00404d80      0x8e4 ./../../../../BitCloud/lib/libBc_All_At91sam3s4c_Rf231_Gcc.a(aps.o)
 .text.APS_Init
                0x00405664       0x28 ./../../../../BitCloud/lib/libBc_All_At91sam3s4c_Rf231_Gcc.a(aps.o)
                0x00405664                APS_Init
 .text.APS_ResetReq
                0x0040568c        0x8 ./../../../../BitCloud/lib/libBc_All_At91sam3s4c_Rf231_Gcc.a(aps.o)
                0x0040568c                APS_ResetReq
 .text.APS_StartReq
                0x00405694        0x8 ./../../../../BitCloud/lib/libBc_All_At91sam3s4c_Rf231_Gcc.a(aps.o)
                0x00405694                APS_StartReq
 .text.APS_StopReq
                0x0040569c        0x8 ./../../../../BitCloud/lib/libBc_All_At91sam3s4c_Rf231_Gcc.a(aps.o)
                0x0040569c                APS_StopReq
 .text.APS_IsActiveTransaction
                0x004056a4       0x54 ./../../../../BitCloud/lib/libBc_All_At91sam3s4c_Rf231_Gcc.a(aps.o)
                0x004056a4                APS_IsActiveTransaction
 .text.APS_TaskHandler
                0x004056f8       0x78 ./../../../../BitCloud/lib/libBc_All_At91sam3s4c_Rf231_Gcc.a(aps.o)
                0x004056f8                APS_TaskHandler
 .text.SYS_GetRandomNumber
                0x00405770       0x18 ./../../../../BitCloud/lib/libBc_All_At91sam3s4c_Rf231_Gcc.a(macenvPib.o)
 .text.getSymbolsPerOctet
                0x00405788       0x40 ./../../../../BitCloud/lib/libBc_All_At91sam3s4c_Rf231_Gcc.a(macenvPib.o)
 .text.calculateMaxFrameDuration
                0x004057c8       0x14 ./../../../../BitCloud/lib/libBc_All_At91sam3s4c_Rf231_Gcc.a(macenvPib.o)
 .text.storeTransmitPower
                0x004057dc       0x58 ./../../../../BitCloud/lib/libBc_All_At91sam3s4c_Rf231_Gcc.a(macenvPib.o)
 .text.macenvGetPhySymbolDuration
                0x00405834       0x54 ./../../../../BitCloud/lib/libBc_All_At91sam3s4c_Rf231_Gcc.a(macenvPib.o)
                0x00405834                macenvGetPhySymbolDuration
 .text.updateMaxFrameTxTime
                0x00405888       0x24 ./../../../../BitCloud/lib/libBc_All_At91sam3s4c_Rf231_Gcc.a(macenvPib.o)
 .text.macenvResetPib
                0x004058ac       0xb4 ./../../../../BitCloud/lib/libBc_All_At91sam3s4c_Rf231_Gcc.a(macenvPib.o)
                0x004058ac                macenvResetPib
 .text.macenvConvertTransPersistTimeFromUnitsToMs
                0x00405960       0x1a ./../../../../BitCloud/lib/libBc_All_At91sam3s4c_Rf231_Gcc.a(macenvPib.o)
                0x00405960                macenvConvertTransPersistTimeFromUnitsToMs
 *fill*         0x0040597a        0x2 00
 .text.macenvSetPibAttr
                0x0040597c      0x1f4 ./../../../../BitCloud/lib/libBc_All_At91sam3s4c_Rf231_Gcc.a(macenvPib.o)
                0x0040597c                macenvSetPibAttr
 .text.macenvCalculateMaxFrameTotalWaitTimeInMs
                0x00405b70       0x64 ./../../../../BitCloud/lib/libBc_All_At91sam3s4c_Rf231_Gcc.a(macenvPib.o)
                0x00405b70                macenvCalculateMaxFrameTotalWaitTimeInMs
 .text.macenvCalculateResponceWaitTimeInMs
                0x00405bd4       0x24 ./../../../../BitCloud/lib/libBc_All_At91sam3s4c_Rf231_Gcc.a(macenvPib.o)
                0x00405bd4                macenvCalculateResponceWaitTimeInMs
 .text.macenvGetPibAttr
                0x00405bf8      0x1c0 ./../../../../BitCloud/lib/libBc_All_At91sam3s4c_Rf231_Gcc.a(macenvPib.o)
                0x00405bf8                macenvGetPibAttr
 .text.MAC_GetExtAddr
                0x00405db8        0x8 ./../../../../BitCloud/lib/libBc_All_At91sam3s4c_Rf231_Gcc.a(macenvPib.o)
                0x00405db8                MAC_GetExtAddr
 .text.MAC_SetExtAddr
                0x00405dc0       0x10 ./../../../../BitCloud/lib/libBc_All_At91sam3s4c_Rf231_Gcc.a(macenvPib.o)
                0x00405dc0                MAC_SetExtAddr
 .text.MAC_IsOwnExtAddr
                0x00405dd0       0x20 ./../../../../BitCloud/lib/libBc_All_At91sam3s4c_Rf231_Gcc.a(macenvPib.o)
                0x00405dd0                MAC_IsOwnExtAddr
 .text.MAC_GetOctetsTransmissionTimeInMs
                0x00405df0       0x1c ./../../../../BitCloud/lib/libBc_All_At91sam3s4c_Rf231_Gcc.a(macenvPib.o)
                0x00405df0                MAC_GetOctetsTransmissionTimeInMs
 .text.nwkAddressConflictIsIdle
                0x00405e0c       0x18 ./../../../../BitCloud/lib/libBc_All_At91sam3s4c_Rf231_Gcc.a(nwk.o)
 .text.nwkFindAddressMapEntryByExtAddr
                0x00405e24       0x34 ./../../../../BitCloud/lib/libBc_All_At91sam3s4c_Rf231_Gcc.a(nwk.o)
 .text.nwkAddToAddressMap
                0x00405e58       0x54 ./../../../../BitCloud/lib/libBc_All_At91sam3s4c_Rf231_Gcc.a(nwk.o)
 .text.nwkFindAddressMapEntryByShortAddr
                0x00405eac       0x28 ./../../../../BitCloud/lib/libBc_All_At91sam3s4c_Rf231_Gcc.a(nwk.o)
 .text.nwkDataReqIsIdle
                0x00405ed4       0x18 ./../../../../BitCloud/lib/libBc_All_At91sam3s4c_Rf231_Gcc.a(nwk.o)
 .text.nwkDiscoveryIsIdle
                0x00405eec       0x18 ./../../../../BitCloud/lib/libBc_All_At91sam3s4c_Rf231_Gcc.a(nwk.o)
 .text.nwkEDScanIsIdle
                0x00405f04       0x18 ./../../../../BitCloud/lib/libBc_All_At91sam3s4c_Rf231_Gcc.a(nwk.o)
 .text.nwkFormationIsIdle
                0x00405f1c       0x18 ./../../../../BitCloud/lib/libBc_All_At91sam3s4c_Rf231_Gcc.a(nwk.o)
 .text.nwkParseHeader
                0x00405f34       0x6a ./../../../../BitCloud/lib/libBc_All_At91sam3s4c_Rf231_Gcc.a(nwk.o)
 *fill*         0x00405f9e        0x2 00
 .text.nwkSetDepth
                0x00405fa0       0x10 ./../../../../BitCloud/lib/libBc_All_At91sam3s4c_Rf231_Gcc.a(nwk.o)
 .text.findFreeJoinIndObjFor
                0x00405fb0       0x54 ./../../../../BitCloud/lib/libBc_All_At91sam3s4c_Rf231_Gcc.a(nwk.o)
 .text.nwkJoinIndIsIdle
                0x00406004       0x28 ./../../../../BitCloud/lib/libBc_All_At91sam3s4c_Rf231_Gcc.a(nwk.o)
 .text.nwkJoinReqIsIdle
                0x0040602c       0x18 ./../../../../BitCloud/lib/libBc_All_At91sam3s4c_Rf231_Gcc.a(nwk.o)
 .text.nwkLeaveReqIsIdle
                0x00406044       0x18 ./../../../../BitCloud/lib/libBc_All_At91sam3s4c_Rf231_Gcc.a(nwk.o)
 .text.nwkLinkStatusIsIdle
                0x0040605c       0x14 ./../../../../BitCloud/lib/libBc_All_At91sam3s4c_Rf231_Gcc.a(nwk.o)
 .text.nwkLoopbackIsIdle
                0x00406070       0x18 ./../../../../BitCloud/lib/libBc_All_At91sam3s4c_Rf231_Gcc.a(nwk.o)
 .text.nwkGetOutgoingCost
                0x00406088       0x24 ./../../../../BitCloud/lib/libBc_All_At91sam3s4c_Rf231_Gcc.a(nwk.o)
 .text.nwkClearNeighborTable
                0x004060ac       0x64 ./../../../../BitCloud/lib/libBc_All_At91sam3s4c_Rf231_Gcc.a(nwk.o)
 .text.nwkUpdateCapacityBits
                0x00406110       0x80 ./../../../../BitCloud/lib/libBc_All_At91sam3s4c_Rf231_Gcc.a(nwk.o)
 .text.nwkUpdateCapacityBitsInBeacon
                0x00406190       0x50 ./../../../../BitCloud/lib/libBc_All_At91sam3s4c_Rf231_Gcc.a(nwk.o)
 .text.nwkUpdateBeaconPayload
                0x004061e0       0x70 ./../../../../BitCloud/lib/libBc_All_At91sam3s4c_Rf231_Gcc.a(nwk.o)
 .text.nwkFreeNeighbor
                0x00406250       0x3c ./../../../../BitCloud/lib/libBc_All_At91sam3s4c_Rf231_Gcc.a(nwk.o)
 .text.nwkCostFromLqi
                0x0040628c       0x2c ./../../../../BitCloud/lib/libBc_All_At91sam3s4c_Rf231_Gcc.a(nwk.o)
 .text.nwkInitLqiAndCostOfNeighbor
                0x004062b8       0x30 ./../../../../BitCloud/lib/libBc_All_At91sam3s4c_Rf231_Gcc.a(nwk.o)
 .text.nwkUpdateLqiAndCostOfNeighbor
                0x004062e8       0x40 ./../../../../BitCloud/lib/libBc_All_At91sam3s4c_Rf231_Gcc.a(nwk.o)
 .text.nwkFindPassiveAck
                0x00406328       0x3c ./../../../../BitCloud/lib/libBc_All_At91sam3s4c_Rf231_Gcc.a(nwk.o)
 .text.nwkNewPassiveAck
                0x00406364       0xbc ./../../../../BitCloud/lib/libBc_All_At91sam3s4c_Rf231_Gcc.a(nwk.o)
 .text.nwkFreePassiveAck
                0x00406420       0x34 ./../../../../BitCloud/lib/libBc_All_At91sam3s4c_Rf231_Gcc.a(nwk.o)
 .text.nwkPermitJoiningIsIdle
                0x00406454       0x20 ./../../../../BitCloud/lib/libBc_All_At91sam3s4c_Rf231_Gcc.a(nwk.o)
 .text.nwkResetIsIdle
                0x00406474       0x14 ./../../../../BitCloud/lib/libBc_All_At91sam3s4c_Rf231_Gcc.a(nwk.o)
 .text.nwkRouteDiscoveryIsIdle
                0x00406488       0x14 ./../../../../BitCloud/lib/libBc_All_At91sam3s4c_Rf231_Gcc.a(nwk.o)
 .text.nwkFindRouteDiscoveryEntry
                0x0040649c       0x2c ./../../../../BitCloud/lib/libBc_All_At91sam3s4c_Rf231_Gcc.a(nwk.o)
 .text.nwkFreeRouteDiscoveryEntry
                0x004064c8       0x24 ./../../../../BitCloud/lib/libBc_All_At91sam3s4c_Rf231_Gcc.a(nwk.o)
 .text.nwkConfirmRouteRequestTx
                0x004064ec       0x34 ./../../../../BitCloud/lib/libBc_All_At91sam3s4c_Rf231_Gcc.a(nwk.o)
 .text.nwkRouteDiscoveryTableIsIdle
                0x00406520       0x14 ./../../../../BitCloud/lib/libBc_All_At91sam3s4c_Rf231_Gcc.a(nwk.o)
 .text.nwkDeleteNextHop
                0x00406534       0x34 ./../../../../BitCloud/lib/libBc_All_At91sam3s4c_Rf231_Gcc.a(nwk.o)
 .text.nwkFindRoutingEntry
                0x00406568       0x38 ./../../../../BitCloud/lib/libBc_All_At91sam3s4c_Rf231_Gcc.a(nwk.o)
 .text.nwkFreeRoutingEntry
                0x004065a0       0x12 ./../../../../BitCloud/lib/libBc_All_At91sam3s4c_Rf231_Gcc.a(nwk.o)
 *fill*         0x004065b2        0x2 00
 .text.nwkUpdateNextHop
                0x004065b4       0x88 ./../../../../BitCloud/lib/libBc_All_At91sam3s4c_Rf231_Gcc.a(nwk.o)
 .text.nwkStartRouterIsIdle
                0x0040663c       0x18 ./../../../../BitCloud/lib/libBc_All_At91sam3s4c_Rf231_Gcc.a(nwk.o)
 .text.nwkSendRouteErrorConf
                0x00406654       0x10 ./../../../../BitCloud/lib/libBc_All_At91sam3s4c_Rf231_Gcc.a(nwk.o)
 .text.nwkSyncIsIdle
                0x00406664       0x18 ./../../../../BitCloud/lib/libBc_All_At91sam3s4c_Rf231_Gcc.a(nwk.o)
 .text.nwkTxDelayIsIdle
                0x0040667c       0x14 ./../../../../BitCloud/lib/libBc_All_At91sam3s4c_Rf231_Gcc.a(nwk.o)
 .text.nwkReloadNibFromConfigServer
                0x00406690       0x68 ./../../../../BitCloud/lib/libBc_All_At91sam3s4c_Rf231_Gcc.a(nwk.o)
 .text.nwkSetLifeTimeOfNeighbor
                0x004066f8       0x70 ./../../../../BitCloud/lib/libBc_All_At91sam3s4c_Rf231_Gcc.a(nwk.o)
 .text.nwkLinkStatusInd
                0x00406768      0x208 ./../../../../BitCloud/lib/libBc_All_At91sam3s4c_Rf231_Gcc.a(nwk.o)
 .text.nwkAllocPacket
                0x00406970       0x88 ./../../../../BitCloud/lib/libBc_All_At91sam3s4c_Rf231_Gcc.a(nwk.o)
 .text.nwkAllocInputPacket
                0x004069f8       0x1c ./../../../../BitCloud/lib/libBc_All_At91sam3s4c_Rf231_Gcc.a(nwk.o)
 .text.SYS_GetRandomNumber
                0x00406a14       0x18 ./../../../../BitCloud/lib/libBc_All_At91sam3s4c_Rf231_Gcc.a(nwk.o)
 .text.nwkFindDeviceToJoin
                0x00406a2c       0xf4 ./../../../../BitCloud/lib/libBc_All_At91sam3s4c_Rf231_Gcc.a(nwk.o)
 .text.nwkStartLinkStatusTimer
                0x00406b20       0x14 ./../../../../BitCloud/lib/libBc_All_At91sam3s4c_Rf231_Gcc.a(nwk.o)
 .text.nwkConfirmLinkStatusTx
                0x00406b34       0x14 ./../../../../BitCloud/lib/libBc_All_At91sam3s4c_Rf231_Gcc.a(nwk.o)
 .text.nwkStartAgeTimerOfNeighborTable
                0x00406b48       0x24 ./../../../../BitCloud/lib/libBc_All_At91sam3s4c_Rf231_Gcc.a(nwk.o)
 .text.freeJoinIndObj
                0x00406b6c        0x8 ./../../../../BitCloud/lib/libBc_All_At91sam3s4c_Rf231_Gcc.a(nwk.o)
 .text.nwkJoinIndTaskHandler
                0x00406b74       0xc8 ./../../../../BitCloud/lib/libBc_All_At91sam3s4c_Rf231_Gcc.a(nwk.o)
 .text.nwkPrepareCommonFrame
                0x00406c3c       0x4c ./../../../../BitCloud/lib/libBc_All_At91sam3s4c_Rf231_Gcc.a(nwk.o)
 .text.nwkAllocRouteDiscoveryEntry
                0x00406c88       0x78 ./../../../../BitCloud/lib/libBc_All_At91sam3s4c_Rf231_Gcc.a(nwk.o)
 .text.nwkPrepareLeaveChildTx
                0x00406d00       0xd4 ./../../../../BitCloud/lib/libBc_All_At91sam3s4c_Rf231_Gcc.a(nwk.o)
 .text.nwkPrepareLeaveItselfTx
                0x00406dd4       0xa4 ./../../../../BitCloud/lib/libBc_All_At91sam3s4c_Rf231_Gcc.a(nwk.o)
 .text.nwkPrepareJoinRespTx
                0x00406e78       0xf4 ./../../../../BitCloud/lib/libBc_All_At91sam3s4c_Rf231_Gcc.a(nwk.o)
 .text.nwkPrepareJoinReqTx
                0x00406f6c       0x98 ./../../../../BitCloud/lib/libBc_All_At91sam3s4c_Rf231_Gcc.a(nwk.o)
 .text.nwkPrepareLinkStatusTx
                0x00407004      0x158 ./../../../../BitCloud/lib/libBc_All_At91sam3s4c_Rf231_Gcc.a(nwk.o)
 .text.nwkPermitJoinTimerFired
                0x0040715c       0x2c ./../../../../BitCloud/lib/libBc_All_At91sam3s4c_Rf231_Gcc.a(nwk.o)
 .text.nwkResetRouteDiscoveryTable
                0x00407188       0x64 ./../../../../BitCloud/lib/libBc_All_At91sam3s4c_Rf231_Gcc.a(nwk.o)
 .text.nwkPostTask
                0x004071ec       0x34 ./../../../../BitCloud/lib/libBc_All_At91sam3s4c_Rf231_Gcc.a(nwk.o)
 .text.nwkEDScanMacEDScanConf
                0x00407220       0x2c ./../../../../BitCloud/lib/libBc_All_At91sam3s4c_Rf231_Gcc.a(nwk.o)
 .text.nwkFormationMacRxEnableConf
                0x0040724c       0x1c ./../../../../BitCloud/lib/libBc_All_At91sam3s4c_Rf231_Gcc.a(nwk.o)
 .text.nwkDiscoveryMacActiveScanConf
                0x00407268       0x30 ./../../../../BitCloud/lib/libBc_All_At91sam3s4c_Rf231_Gcc.a(nwk.o)
 .text.nwkPermitJoiningMacSetConf
                0x00407298       0x30 ./../../../../BitCloud/lib/libBc_All_At91sam3s4c_Rf231_Gcc.a(nwk.o)
 .text.nwkStartRouterMacStartConf
                0x004072c8       0x1c ./../../../../BitCloud/lib/libBc_All_At91sam3s4c_Rf231_Gcc.a(nwk.o)
 .text.NWK_JoinConf
                0x004072e4       0x38 ./../../../../BitCloud/lib/libBc_All_At91sam3s4c_Rf231_Gcc.a(nwk.o)
 .text.nwkStatusConf
                0x0040731c       0x14 ./../../../../BitCloud/lib/libBc_All_At91sam3s4c_Rf231_Gcc.a(nwk.o)
 .text.nwkRouteDiscoveryTaskHandler
                0x00407330       0xb4 ./../../../../BitCloud/lib/libBc_All_At91sam3s4c_Rf231_Gcc.a(nwk.o)
 .text.nwkFormationMacActiveScanConf
                0x004073e4      0x1bc ./../../../../BitCloud/lib/libBc_All_At91sam3s4c_Rf231_Gcc.a(nwk.o)
 .text.nwkFormationMacStartConf
                0x004075a0       0x44 ./../../../../BitCloud/lib/libBc_All_At91sam3s4c_Rf231_Gcc.a(nwk.o)
 .text.nwkFormationTaskHandler
                0x004075e4      0x130 ./../../../../BitCloud/lib/libBc_All_At91sam3s4c_Rf231_Gcc.a(nwk.o)
 .text.nwkFormationMacEDScanConf
                0x00407714       0xa4 ./../../../../BitCloud/lib/libBc_All_At91sam3s4c_Rf231_Gcc.a(nwk.o)
 .text.nwkFormationMacSetConf
                0x004077b8       0xf8 ./../../../../BitCloud/lib/libBc_All_At91sam3s4c_Rf231_Gcc.a(nwk.o)
 .text.nwkLoopbackTaskHandler
                0x004078b0       0xb8 ./../../../../BitCloud/lib/libBc_All_At91sam3s4c_Rf231_Gcc.a(nwk.o)
 .text.nwkBroadcastForMe
                0x00407968       0x54 ./../../../../BitCloud/lib/libBc_All_At91sam3s4c_Rf231_Gcc.a(nwk.o)
 .text.nwkIsJoiningForbidden
                0x004079bc       0x68 ./../../../../BitCloud/lib/libBc_All_At91sam3s4c_Rf231_Gcc.a(nwk.o)
 .text.nwkIsPassiveAckDone.isra.4
                0x00407a24       0x38 ./../../../../BitCloud/lib/libBc_All_At91sam3s4c_Rf231_Gcc.a(nwk.o)
 .text.nwkTxDelayReq
                0x00407a5c      0x1c4 ./../../../../BitCloud/lib/libBc_All_At91sam3s4c_Rf231_Gcc.a(nwk.o)
 .text.nwkEDScanTaskHandler
                0x00407c20       0xa4 ./../../../../BitCloud/lib/libBc_All_At91sam3s4c_Rf231_Gcc.a(nwk.o)
 .text.nwkDiscoveryTaskHandler
                0x00407cc4       0xac ./../../../../BitCloud/lib/libBc_All_At91sam3s4c_Rf231_Gcc.a(nwk.o)
 .text.nwkDataConf
                0x00407d70       0x40 ./../../../../BitCloud/lib/libBc_All_At91sam3s4c_Rf231_Gcc.a(nwk.o)
 .text.nwkConfirmDataTx
                0x00407db0       0x1e ./../../../../BitCloud/lib/libBc_All_At91sam3s4c_Rf231_Gcc.a(nwk.o)
 *fill*         0x00407dce        0x2 00
 .text.nwkRouteDiscoveryTableTimerFired
                0x00407dd0       0x4c ./../../../../BitCloud/lib/libBc_All_At91sam3s4c_Rf231_Gcc.a(nwk.o)
 .text.nwkPermitJoiningTaskHandler
                0x00407e1c       0xb0 ./../../../../BitCloud/lib/libBc_All_At91sam3s4c_Rf231_Gcc.a(nwk.o)
 .text.nwkResetNeighborTable
                0x00407ecc       0x7c ./../../../../BitCloud/lib/libBc_All_At91sam3s4c_Rf231_Gcc.a(nwk.o)
 .text.nwkStartRouterTaskHandler
                0x00407f48       0xc8 ./../../../../BitCloud/lib/libBc_All_At91sam3s4c_Rf231_Gcc.a(nwk.o)
 .text.nwkConfirmLeaveItselfTx
                0x00408010       0x40 ./../../../../BitCloud/lib/libBc_All_At91sam3s4c_Rf231_Gcc.a(nwk.o)
 .text.nwkResetTaskHandler
                0x00408050       0x50 ./../../../../BitCloud/lib/libBc_All_At91sam3s4c_Rf231_Gcc.a(nwk.o)
 .text.nwkSyncTaskHandler
                0x004080a0       0x9c ./../../../../BitCloud/lib/libBc_All_At91sam3s4c_Rf231_Gcc.a(nwk.o)
 .text.nwkSyncMacPollConf
                0x0040813c       0x5c ./../../../../BitCloud/lib/libBc_All_At91sam3s4c_Rf231_Gcc.a(nwk.o)
 .text.nwkAssociate
                0x00408198       0x84 ./../../../../BitCloud/lib/libBc_All_At91sam3s4c_Rf231_Gcc.a(nwk.o)
 .text.MAC_AssociateConf
                0x0040821c       0xc0 ./../../../../BitCloud/lib/libBc_All_At91sam3s4c_Rf231_Gcc.a(nwk.o)
 .text.nwkGetSuitableParent
                0x004082dc       0x68 ./../../../../BitCloud/lib/libBc_All_At91sam3s4c_Rf231_Gcc.a(nwk.o)
 .text.nwkJoinReqMacSetConf
                0x00408344      0x170 ./../../../../BitCloud/lib/libBc_All_At91sam3s4c_Rf231_Gcc.a(nwk.o)
 .text.macLatencyFired
                0x004084b4        0x4 ./../../../../BitCloud/lib/libBc_All_At91sam3s4c_Rf231_Gcc.a(nwk.o)
 .text.nwkConfirmJoinReqTx
                0x004084b8       0x4c ./../../../../BitCloud/lib/libBc_All_At91sam3s4c_Rf231_Gcc.a(nwk.o)
 .text.responseWaitTimerFired
                0x00408504       0x50 ./../../../../BitCloud/lib/libBc_All_At91sam3s4c_Rf231_Gcc.a(nwk.o)
 .text.nwkJoinReqMacPollConf
                0x00408554       0x50 ./../../../../BitCloud/lib/libBc_All_At91sam3s4c_Rf231_Gcc.a(nwk.o)
 .text.nwkRejoinResponseFrameInd
                0x004085a4      0x164 ./../../../../BitCloud/lib/libBc_All_At91sam3s4c_Rf231_Gcc.a(nwk.o)
 .text.nwkAllocOutputPacket.constprop.55
                0x00408708       0x30 ./../../../../BitCloud/lib/libBc_All_At91sam3s4c_Rf231_Gcc.a(nwk.o)
 .text.nwkTryToProcessCommandReq
                0x00408738       0x34 ./../../../../BitCloud/lib/libBc_All_At91sam3s4c_Rf231_Gcc.a(nwk.o)
 .text.nwkCommandReq
                0x0040876c       0x18 ./../../../../BitCloud/lib/libBc_All_At91sam3s4c_Rf231_Gcc.a(nwk.o)
 .text.nwkConfirmNetworkStatusTx
                0x00408784       0x4c ./../../../../BitCloud/lib/libBc_All_At91sam3s4c_Rf231_Gcc.a(nwk.o)
 .text.nwkLinkStatusTimerFired
                0x004087d0       0x1c ./../../../../BitCloud/lib/libBc_All_At91sam3s4c_Rf231_Gcc.a(nwk.o)
 .text.nwkRejoinCmdPrepareAndSend
                0x004087ec       0x34 ./../../../../BitCloud/lib/libBc_All_At91sam3s4c_Rf231_Gcc.a(nwk.o)
 .text.nwkJoinReqMacRxEnableConf
                0x00408820       0x74 ./../../../../BitCloud/lib/libBc_All_At91sam3s4c_Rf231_Gcc.a(nwk.o)
 .text.nwkJoinReqMacGetConf
                0x00408894       0x30 ./../../../../BitCloud/lib/libBc_All_At91sam3s4c_Rf231_Gcc.a(nwk.o)
 .text.nwkSendAddressConflictNwkStatus.constprop.53
                0x004088c4       0x74 ./../../../../BitCloud/lib/libBc_All_At91sam3s4c_Rf231_Gcc.a(nwk.o)
 .text.nwkAddressConflictMacSetConf
                0x00408938       0x44 ./../../../../BitCloud/lib/libBc_All_At91sam3s4c_Rf231_Gcc.a(nwk.o)
 .text.nwkRemoveAllChildren.constprop.54
                0x0040897c       0x9c ./../../../../BitCloud/lib/libBc_All_At91sam3s4c_Rf231_Gcc.a(nwk.o)
 .text.nwkFreePacket
                0x00408a18       0x54 ./../../../../BitCloud/lib/libBc_All_At91sam3s4c_Rf231_Gcc.a(nwk.o)
 .text.nwkSendRouteErrorStatus.constprop.56
                0x00408a6c       0x68 ./../../../../BitCloud/lib/libBc_All_At91sam3s4c_Rf231_Gcc.a(nwk.o)
 .text.nwkTxConf
                0x00408ad4      0x168 ./../../../../BitCloud/lib/libBc_All_At91sam3s4c_Rf231_Gcc.a(nwk.o)
 .text.nwkProcessDelayStatus
                0x00408c3c       0xb4 ./../../../../BitCloud/lib/libBc_All_At91sam3s4c_Rf231_Gcc.a(nwk.o)
 .text.MAC_DataConf
                0x00408cf0       0x20 ./../../../../BitCloud/lib/libBc_All_At91sam3s4c_Rf231_Gcc.a(nwk.o)
 .text.nwkLeaveReqMacResetConf
                0x00408d10       0xd0 ./../../../../BitCloud/lib/libBc_All_At91sam3s4c_Rf231_Gcc.a(nwk.o)
 .text.nwkTransmitOutputPacket.isra.25
                0x00408de0       0x3c ./../../../../BitCloud/lib/libBc_All_At91sam3s4c_Rf231_Gcc.a(nwk.o)
 .text.nwkSendDiscoveryCommand
                0x00408e1c       0x5c ./../../../../BitCloud/lib/libBc_All_At91sam3s4c_Rf231_Gcc.a(nwk.o)
 .text.nwkRouteDiscoveryTableTaskHandler
                0x00408e78       0x80 ./../../../../BitCloud/lib/libBc_All_At91sam3s4c_Rf231_Gcc.a(nwk.o)
 .text.nwkTxDelayTimerFired
                0x00408ef8       0x58 ./../../../../BitCloud/lib/libBc_All_At91sam3s4c_Rf231_Gcc.a(nwk.o)
 .text.nwkMeshRouteDiscoveryConf
                0x00408f50       0x54 ./../../../../BitCloud/lib/libBc_All_At91sam3s4c_Rf231_Gcc.a(nwk.o)
 .text.NWK_GetShortAddr
                0x00408fa4        0xc ./../../../../BitCloud/lib/libBc_All_At91sam3s4c_Rf231_Gcc.a(nwk.o)
                0x00408fa4                NWK_GetShortAddr
 .text.NWK_IsStaticAddressingMode
                0x00408fb0        0xc ./../../../../BitCloud/lib/libBc_All_At91sam3s4c_Rf231_Gcc.a(nwk.o)
                0x00408fb0                NWK_IsStaticAddressingMode
 .text.NWK_RemoveFromAddressMap
                0x00408fbc       0x12 ./../../../../BitCloud/lib/libBc_All_At91sam3s4c_Rf231_Gcc.a(nwk.o)
                0x00408fbc                NWK_RemoveFromAddressMap
 *fill*         0x00408fce        0x2 00
 .text.NWK_NetworkDiscoveryReq
                0x00408fd0       0x30 ./../../../../BitCloud/lib/libBc_All_At91sam3s4c_Rf231_Gcc.a(nwk.o)
                0x00408fd0                NWK_NetworkDiscoveryReq
 .text.MAC_BeaconNotifyInd
                0x00409000      0x400 ./../../../../BitCloud/lib/libBc_All_At91sam3s4c_Rf231_Gcc.a(nwk.o)
                0x00409000                MAC_BeaconNotifyInd
 .text.NWK_EDScanReq
                0x00409400       0x30 ./../../../../BitCloud/lib/libBc_All_At91sam3s4c_Rf231_Gcc.a(nwk.o)
                0x00409400                NWK_EDScanReq
 .text.NWK_NetworkFormationReq
                0x00409430       0x30 ./../../../../BitCloud/lib/libBc_All_At91sam3s4c_Rf231_Gcc.a(nwk.o)
                0x00409430                NWK_NetworkFormationReq
 .text.NWK_IsGroupMember
                0x00409460       0x34 ./../../../../BitCloud/lib/libBc_All_At91sam3s4c_Rf231_Gcc.a(nwk.o)
                0x00409460                NWK_IsGroupMember
 .text.nwkRetransmitInputPacket
                0x00409494       0xe8 ./../../../../BitCloud/lib/libBc_All_At91sam3s4c_Rf231_Gcc.a(nwk.o)
 .text.NWK_DataResp
                0x0040957c       0x14 ./../../../../BitCloud/lib/libBc_All_At91sam3s4c_Rf231_Gcc.a(nwk.o)
                0x0040957c                NWK_DataResp
 .text.unlikely.nwkRxIndication
                0x00409590      0x1f4 ./../../../../BitCloud/lib/libBc_All_At91sam3s4c_Rf231_Gcc.a(nwk.o)
 .text.unlikely.nwkRxRetransmit
                0x00409784       0xb4 ./../../../../BitCloud/lib/libBc_All_At91sam3s4c_Rf231_Gcc.a(nwk.o)
 .text.NWK_ResetGroups
                0x00409838       0x40 ./../../../../BitCloud/lib/libBc_All_At91sam3s4c_Rf231_Gcc.a(nwk.o)
                0x00409838                NWK_ResetGroups
 .text.nwkResetMacResetConf
                0x00409878      0x340 ./../../../../BitCloud/lib/libBc_All_At91sam3s4c_Rf231_Gcc.a(nwk.o)
 .text.NWK_GetParentShortAddr
                0x00409bb8        0xc ./../../../../BitCloud/lib/libBc_All_At91sam3s4c_Rf231_Gcc.a(nwk.o)
                0x00409bb8                NWK_GetParentShortAddr
 .text.NWK_GetPanId
                0x00409bc4        0xc ./../../../../BitCloud/lib/libBc_All_At91sam3s4c_Rf231_Gcc.a(nwk.o)
                0x00409bc4                NWK_GetPanId
 .text.NWK_GetExtPanId
                0x00409bd0       0x10 ./../../../../BitCloud/lib/libBc_All_At91sam3s4c_Rf231_Gcc.a(nwk.o)
                0x00409bd0                NWK_GetExtPanId
 .text.NWK_GetDeviceType
                0x00409be0        0xc ./../../../../BitCloud/lib/libBc_All_At91sam3s4c_Rf231_Gcc.a(nwk.o)
                0x00409be0                NWK_GetDeviceType
 .text.NWK_GetLogicalChannel
                0x00409bec        0xc ./../../../../BitCloud/lib/libBc_All_At91sam3s4c_Rf231_Gcc.a(nwk.o)
                0x00409bec                NWK_GetLogicalChannel
 .text.NWK_SetLogicalChannel
                0x00409bf8        0xc ./../../../../BitCloud/lib/libBc_All_At91sam3s4c_Rf231_Gcc.a(nwk.o)
                0x00409bf8                NWK_SetLogicalChannel
 .text.NWK_GetBroadcastDeliveryTime
                0x00409c04        0xc ./../../../../BitCloud/lib/libBc_All_At91sam3s4c_Rf231_Gcc.a(nwk.o)
                0x00409c04                NWK_GetBroadcastDeliveryTime
 .text.NWK_GetManagerAddr
                0x00409c10        0xc ./../../../../BitCloud/lib/libBc_All_At91sam3s4c_Rf231_Gcc.a(nwk.o)
                0x00409c10                NWK_GetManagerAddr
 .text.NWK_SetManagerAddr
                0x00409c1c        0xc ./../../../../BitCloud/lib/libBc_All_At91sam3s4c_Rf231_Gcc.a(nwk.o)
                0x00409c1c                NWK_SetManagerAddr
 .text.NWK_SetUpdateId
                0x00409c28        0xc ./../../../../BitCloud/lib/libBc_All_At91sam3s4c_Rf231_Gcc.a(nwk.o)
                0x00409c28                NWK_SetUpdateId
 .text.NWK_GetTransmitCouner
                0x00409c34        0xc ./../../../../BitCloud/lib/libBc_All_At91sam3s4c_Rf231_Gcc.a(nwk.o)
                0x00409c34                NWK_GetTransmitCouner
 .text.NWK_GetTransmitFailureCounter
                0x00409c40        0xc ./../../../../BitCloud/lib/libBc_All_At91sam3s4c_Rf231_Gcc.a(nwk.o)
                0x00409c40                NWK_GetTransmitFailureCounter
 .text.NWK_ResetTransmitCounters
                0x00409c4c       0x10 ./../../../../BitCloud/lib/libBc_All_At91sam3s4c_Rf231_Gcc.a(nwk.o)
                0x00409c4c                NWK_ResetTransmitCounters
 .text.NWK_JoinReq
                0x00409c5c       0x28 ./../../../../BitCloud/lib/libBc_All_At91sam3s4c_Rf231_Gcc.a(nwk.o)
                0x00409c5c                NWK_JoinReq
 .text.NWK_RemoveNeighbor
                0x00409c84       0x4c ./../../../../BitCloud/lib/libBc_All_At91sam3s4c_Rf231_Gcc.a(nwk.o)
                0x00409c84                NWK_RemoveNeighbor
 .text.neighborTimerFired
                0x00409cd0       0x50 ./../../../../BitCloud/lib/libBc_All_At91sam3s4c_Rf231_Gcc.a(nwk.o)
 .text.NWK_LeaveReq
                0x00409d20       0x30 ./../../../../BitCloud/lib/libBc_All_At91sam3s4c_Rf231_Gcc.a(nwk.o)
                0x00409d20                NWK_LeaveReq
 .text.NWK_LoopbackTxReq
                0x00409d50       0x30 ./../../../../BitCloud/lib/libBc_All_At91sam3s4c_Rf231_Gcc.a(nwk.o)
                0x00409d50                NWK_LoopbackTxReq
 .text.nwkDataConfTaskHandler
                0x00409d80       0x48 ./../../../../BitCloud/lib/libBc_All_At91sam3s4c_Rf231_Gcc.a(nwk.o)
 .text.NWK_DataReq
                0x00409dc8      0x1d0 ./../../../../BitCloud/lib/libBc_All_At91sam3s4c_Rf231_Gcc.a(nwk.o)
                0x00409dc8                NWK_DataReq
 .text.NWK_FindNeighborByShortAddr
                0x00409f98       0x28 ./../../../../BitCloud/lib/libBc_All_At91sam3s4c_Rf231_Gcc.a(nwk.o)
                0x00409f98                NWK_FindNeighborByShortAddr
 .text.nwkAllocNonConflAddr
                0x00409fc0       0xa0 ./../../../../BitCloud/lib/libBc_All_At91sam3s4c_Rf231_Gcc.a(nwk.o)
 .text.NWK_NetworkDiscoveryConf
                0x0040a060       0x90 ./../../../../BitCloud/lib/libBc_All_At91sam3s4c_Rf231_Gcc.a(nwk.o)
 .text.nwkJoinReqTaskHandler
                0x0040a0f0      0x148 ./../../../../BitCloud/lib/libBc_All_At91sam3s4c_Rf231_Gcc.a(nwk.o)
 .text.nwkAllocateShortAddr.isra.45
                0x0040a238       0x34 ./../../../../BitCloud/lib/libBc_All_At91sam3s4c_Rf231_Gcc.a(nwk.o)
 .text.nwkResolveAddressConflict
                0x0040a26c      0x174 ./../../../../BitCloud/lib/libBc_All_At91sam3s4c_Rf231_Gcc.a(nwk.o)
 .text.nwkAddressConflictTaskHandler
                0x0040a3e0       0x8c ./../../../../BitCloud/lib/libBc_All_At91sam3s4c_Rf231_Gcc.a(nwk.o)
 .text.nwkStatusFrameInd
                0x0040a46c       0x48 ./../../../../BitCloud/lib/libBc_All_At91sam3s4c_Rf231_Gcc.a(nwk.o)
 .text.nwkAddChild
                0x0040a4b4      0x244 ./../../../../BitCloud/lib/libBc_All_At91sam3s4c_Rf231_Gcc.a(nwk.o)
 .text.nwkRejoinRequestFrameInd
                0x0040a6f8      0x110 ./../../../../BitCloud/lib/libBc_All_At91sam3s4c_Rf231_Gcc.a(nwk.o)
 .text.MAC_AssociateInd
                0x0040a808       0x98 ./../../../../BitCloud/lib/libBc_All_At91sam3s4c_Rf231_Gcc.a(nwk.o)
                0x0040a808                MAC_AssociateInd
 .text.nwkGetNextHop
                0x0040a8a0      0x1c4 ./../../../../BitCloud/lib/libBc_All_At91sam3s4c_Rf231_Gcc.a(nwk.o)
 .text.nwkProcessRouteRequest
                0x0040aa64      0x198 ./../../../../BitCloud/lib/libBc_All_At91sam3s4c_Rf231_Gcc.a(nwk.o)
 .text.NWK_GetExtByShortAddress
                0x0040abfc       0x3c ./../../../../BitCloud/lib/libBc_All_At91sam3s4c_Rf231_Gcc.a(nwk.o)
                0x0040abfc                NWK_GetExtByShortAddress
 .text.nwkPrepareRouteRequestTx
                0x0040ac38      0x118 ./../../../../BitCloud/lib/libBc_All_At91sam3s4c_Rf231_Gcc.a(nwk.o)
 .text.nwkPrepareNetworkStatusTx
                0x0040ad50      0x130 ./../../../../BitCloud/lib/libBc_All_At91sam3s4c_Rf231_Gcc.a(nwk.o)
 .text.nwkPrepareRouteReplyTx
                0x0040ae80      0x244 ./../../../../BitCloud/lib/libBc_All_At91sam3s4c_Rf231_Gcc.a(nwk.o)
 .text.NWK_FindNeighborByExtAddr
                0x0040b0c4       0x34 ./../../../../BitCloud/lib/libBc_All_At91sam3s4c_Rf231_Gcc.a(nwk.o)
                0x0040b0c4                NWK_FindNeighborByExtAddr
 .text.nwkLeaveTaskHandler
                0x0040b0f8       0xf8 ./../../../../BitCloud/lib/libBc_All_At91sam3s4c_Rf231_Gcc.a(nwk.o)
 .text.nwkConfirmLeaveChildTx
                0x0040b1f0       0x60 ./../../../../BitCloud/lib/libBc_All_At91sam3s4c_Rf231_Gcc.a(nwk.o)
 .text.nwkConfirmJoinRespTx
                0x0040b250       0x46 ./../../../../BitCloud/lib/libBc_All_At91sam3s4c_Rf231_Gcc.a(nwk.o)
 .text.nwkConfirmAddrConflictJoinRespTx
                0x0040b296       0x22 ./../../../../BitCloud/lib/libBc_All_At91sam3s4c_Rf231_Gcc.a(nwk.o)
 .text.nwkLeaveFrameInd
                0x0040b2b8       0xd8 ./../../../../BitCloud/lib/libBc_All_At91sam3s4c_Rf231_Gcc.a(nwk.o)
 .text.nwkJoinIndMacCommStatusInd
                0x0040b390       0x3e ./../../../../BitCloud/lib/libBc_All_At91sam3s4c_Rf231_Gcc.a(nwk.o)
 *fill*         0x0040b3ce        0x2 00
 .text.NWK_GetShortByExtAddress
                0x0040b3d0       0x38 ./../../../../BitCloud/lib/libBc_All_At91sam3s4c_Rf231_Gcc.a(nwk.o)
                0x0040b3d0                NWK_GetShortByExtAddress
 .text.NWK_LinkShortAndExtAddress
                0x0040b408       0x6e ./../../../../BitCloud/lib/libBc_All_At91sam3s4c_Rf231_Gcc.a(nwk.o)
                0x0040b408                NWK_LinkShortAndExtAddress
 *fill*         0x0040b476        0x2 00
 .text.nwkRouteReplyFrameInd
                0x0040b478      0x1b8 ./../../../../BitCloud/lib/libBc_All_At91sam3s4c_Rf231_Gcc.a(nwk.o)
 .text.nwkRouteRequestFrameInd
                0x0040b630       0xdc ./../../../../BitCloud/lib/libBc_All_At91sam3s4c_Rf231_Gcc.a(nwk.o)
 .text.NWK_GetNeighborTable
                0x0040b70c        0x8 ./../../../../BitCloud/lib/libBc_All_At91sam3s4c_Rf231_Gcc.a(nwk.o)
                0x0040b70c                NWK_GetNeighborTable
 .text.NWK_GetNeighborsLqi
                0x0040b714       0x1c ./../../../../BitCloud/lib/libBc_All_At91sam3s4c_Rf231_Gcc.a(nwk.o)
                0x0040b714                NWK_GetNeighborsLqi
 .text.NWK_GetNeighborsRssi
                0x0040b730       0x1c ./../../../../BitCloud/lib/libBc_All_At91sam3s4c_Rf231_Gcc.a(nwk.o)
                0x0040b730                NWK_GetNeighborsRssi
 .text.NWK_IsKnownChild
                0x0040b74c       0x1e ./../../../../BitCloud/lib/libBc_All_At91sam3s4c_Rf231_Gcc.a(nwk.o)
                0x0040b74c                NWK_IsKnownChild
 .text.MAC_OrphanInd
                0x0040b76a        0x2 ./../../../../BitCloud/lib/libBc_All_At91sam3s4c_Rf231_Gcc.a(nwk.o)
                0x0040b76a                MAC_OrphanInd
 .text.NWK_PermitJoiningReq
                0x0040b76c       0x3c ./../../../../BitCloud/lib/libBc_All_At91sam3s4c_Rf231_Gcc.a(nwk.o)
                0x0040b76c                NWK_PermitJoiningReq
 .text.NWK_ResetReq
                0x0040b7a8       0x28 ./../../../../BitCloud/lib/libBc_All_At91sam3s4c_Rf231_Gcc.a(nwk.o)
                0x0040b7a8                NWK_ResetReq
 .text.NWK_Init
                0x0040b7d0       0x2c ./../../../../BitCloud/lib/libBc_All_At91sam3s4c_Rf231_Gcc.a(nwk.o)
                0x0040b7d0                NWK_Init
 .text.NWK_GatherPowerFailureInfo
                0x0040b7fc       0x10 ./../../../../BitCloud/lib/libBc_All_At91sam3s4c_Rf231_Gcc.a(nwk.o)
                0x0040b7fc                NWK_GatherPowerFailureInfo
 .text.NWK_RouteDiscoveryReq
                0x0040b80c       0x34 ./../../../../BitCloud/lib/libBc_All_At91sam3s4c_Rf231_Gcc.a(nwk.o)
                0x0040b80c                NWK_RouteDiscoveryReq
 .text.nwkTxTaskHandler
                0x0040b840      0x160 ./../../../../BitCloud/lib/libBc_All_At91sam3s4c_Rf231_Gcc.a(nwk.o)
 .text.MAC_DataInd
                0x0040b9a0      0x454 ./../../../../BitCloud/lib/libBc_All_At91sam3s4c_Rf231_Gcc.a(nwk.o)
                0x0040b9a0                MAC_DataInd
 .text.NWK_StartRouterReq
                0x0040bdf4       0x2c ./../../../../BitCloud/lib/libBc_All_At91sam3s4c_Rf231_Gcc.a(nwk.o)
                0x0040bdf4                NWK_StartRouterReq
 .text.NWK_IsActiveTransaction
                0x0040be20       0x38 ./../../../../BitCloud/lib/libBc_All_At91sam3s4c_Rf231_Gcc.a(nwk.o)
                0x0040be20                NWK_IsActiveTransaction
 .text.NWK_LaunchActivities
                0x0040be58       0x20 ./../../../../BitCloud/lib/libBc_All_At91sam3s4c_Rf231_Gcc.a(nwk.o)
                0x0040be58                NWK_LaunchActivities
 .text.NWK_StopActivities
                0x0040be78       0x34 ./../../../../BitCloud/lib/libBc_All_At91sam3s4c_Rf231_Gcc.a(nwk.o)
                0x0040be78                NWK_StopActivities
 .text.NWK_DeviceIsAbleToOperateInNetwork
                0x0040beac       0x18 ./../../../../BitCloud/lib/libBc_All_At91sam3s4c_Rf231_Gcc.a(nwk.o)
                0x0040beac                NWK_DeviceIsAbleToOperateInNetwork
 .text.NWK_SyncReq
                0x0040bec4       0x2c ./../../../../BitCloud/lib/libBc_All_At91sam3s4c_Rf231_Gcc.a(nwk.o)
                0x0040bec4                NWK_SyncReq
 .text.MAC_PollInd
                0x0040bef0       0x38 ./../../../../BitCloud/lib/libBc_All_At91sam3s4c_Rf231_Gcc.a(nwk.o)
                0x0040bef0                MAC_PollInd
 .text.MAC_SyncLossInd
                0x0040bf28        0x2 ./../../../../BitCloud/lib/libBc_All_At91sam3s4c_Rf231_Gcc.a(nwk.o)
                0x0040bf28                MAC_SyncLossInd
 *fill*         0x0040bf2a        0x2 00
 .text.NWK_TaskHandler
                0x0040bf2c       0x70 ./../../../../BitCloud/lib/libBc_All_At91sam3s4c_Rf231_Gcc.a(nwk.o)
                0x0040bf2c                NWK_TaskHandler
 .text.NWK_GetUnicastDeliveryTime
                0x0040bf9c       0x34 ./../../../../BitCloud/lib/libBc_All_At91sam3s4c_Rf231_Gcc.a(nwk.o)
                0x0040bf9c                NWK_GetUnicastDeliveryTime
 .text.phyDispatcheRfInterrupt
                0x0040bfd0      0x278 ./../../../../BitCloud/lib/libBc_All_At91sam3s4c_Rf231_Gcc.a(phyRfIrqDispatcher.o)
                0x0040bfd0                phyDispatcheRfInterrupt
 .text.phySetRTimerSource
                0x0040c248       0x10 ./../../../../BitCloud/lib/libBc_All_At91sam3s4c_Rf231_Gcc.a(phyRtimerIrqDispatcher.o)
                0x0040c248                phySetRTimerSource
 .text.phyDispatcheRTimerEvent
                0x0040c258       0xf0 ./../../../../BitCloud/lib/libBc_All_At91sam3s4c_Rf231_Gcc.a(phyRtimerIrqDispatcher.o)
                0x0040c258                phyDispatcheRTimerEvent
 .text.phyRxTxSwitcher
                0x0040c348       0x40 ./../../../../BitCloud/lib/libBc_All_At91sam3s4c_Rf231_Gcc.a(phyRxTxIndicator.o)
                0x0040c348                phyRxTxSwitcher
 .text.phyRxTxSwitcherOn
                0x0040c388        0x6 ./../../../../BitCloud/lib/libBc_All_At91sam3s4c_Rf231_Gcc.a(phyRxTxIndicator.o)
                0x0040c388                phyRxTxSwitcherOn
 .text.phyRxTxSwitcherOff
                0x0040c38e        0x6 ./../../../../BitCloud/lib/libBc_All_At91sam3s4c_Rf231_Gcc.a(phyRxTxIndicator.o)
                0x0040c38e                phyRxTxSwitcherOff
 .text.deleteHeadQueueElem
                0x0040c394        0xc ./../../../../BitCloud/lib/libBc_All_At91sam3s4c_Rf231_Gcc.a(queue.o)
                0x0040c394                deleteHeadQueueElem
 .text.deleteQueueElem
                0x0040c3a0       0x2c ./../../../../BitCloud/lib/libBc_All_At91sam3s4c_Rf231_Gcc.a(queue.o)
                0x0040c3a0                deleteQueueElem
 .text.isQueueElem
                0x0040c3cc       0x12 ./../../../../BitCloud/lib/libBc_All_At91sam3s4c_Rf231_Gcc.a(queue.o)
                0x0040c3cc                isQueueElem
 .text.putQueueElem
                0x0040c3de       0x22 ./../../../../BitCloud/lib/libBc_All_At91sam3s4c_Rf231_Gcc.a(queue.o)
                0x0040c3de                putQueueElem
 .text.SYS_DuplicateTableReset
                0x0040c400       0x42 ./../../../../BitCloud/lib/libBc_All_At91sam3s4c_Rf231_Gcc.a(sysDuplicateTable.o)
                0x0040c400                SYS_DuplicateTableReset
 .text.duplicateTableUpdate
                0x0040c442       0x4c ./../../../../BitCloud/lib/libBc_All_At91sam3s4c_Rf231_Gcc.a(sysDuplicateTable.o)
                0x0040c442                duplicateTableUpdate
 .text.SYS_DuplicateTableCheck
                0x0040c48e       0xa8 ./../../../../BitCloud/lib/libBc_All_At91sam3s4c_Rf231_Gcc.a(sysDuplicateTable.o)
                0x0040c48e                SYS_DuplicateTableCheck
 .text.SYS_DuplicateTableClear
                0x0040c536       0x40 ./../../../../BitCloud/lib/libBc_All_At91sam3s4c_Rf231_Gcc.a(sysDuplicateTable.o)
                0x0040c536                SYS_DuplicateTableClear
 *fill*         0x0040c576        0x2 00
 .text.SYS_PostEvent
                0x0040c578       0x40 ./../../../../BitCloud/lib/libBc_All_At91sam3s4c_Rf231_Gcc.a(sysEvents.o)
                0x0040c578                SYS_PostEvent
 .text.SYS_IsEventDeliverable
                0x0040c5b8       0x20 ./../../../../BitCloud/lib/libBc_All_At91sam3s4c_Rf231_Gcc.a(sysEvents.o)
                0x0040c5b8                SYS_IsEventDeliverable
 .text.SYS_IsEventSubscriber
                0x0040c5d8       0x1c ./../../../../BitCloud/lib/libBc_All_At91sam3s4c_Rf231_Gcc.a(sysEvents.o)
                0x0040c5d8                SYS_IsEventSubscriber
 .text.SYS_SubscribeToEvent
                0x0040c5f4       0x54 ./../../../../BitCloud/lib/libBc_All_At91sam3s4c_Rf231_Gcc.a(sysEvents.o)
                0x0040c5f4                SYS_SubscribeToEvent
 .text.SYS_StartTimer
                0x0040c648       0x10 ./../../../../BitCloud/lib/libBc_All_At91sam3s4c_Rf231_Gcc.a(sysTimer.o)
                0x0040c648                SYS_StartTimer
 .text.SYS_StopTimer
                0x0040c658       0x12 ./../../../../BitCloud/lib/libBc_All_At91sam3s4c_Rf231_Gcc.a(sysTimer.o)
                0x0040c658                SYS_StopTimer
 .text.SYS_InitTimer
                0x0040c66a       0x1a ./../../../../BitCloud/lib/libBc_All_At91sam3s4c_Rf231_Gcc.a(sysTimer.o)
                0x0040c66a                SYS_InitTimer
 .text.SYS_RunTask
                0x0040c684       0x54 ./../../../../BitCloud/lib/libBc_All_At91sam3s4c_Rf231_Gcc.a(taskManager.o)
                0x0040c684                SYS_RunTask
 .text.SYS_SysInit
                0x0040c6d8       0x28 ./../../../../BitCloud/lib/libBc_All_At91sam3s4c_Rf231_Gcc.a(taskManager.o)
                0x0040c6d8                SYS_SysInit
 .text.APS_StopConf
                0x0040c700       0x18 ./../../../../BitCloud/lib/libBc_All_At91sam3s4c_Rf231_Gcc.a(zdo.o)
 .text.zdoNodeManagerNwkLeaveConf
                0x0040c718       0x10 ./../../../../BitCloud/lib/libBc_All_At91sam3s4c_Rf231_Gcc.a(zdo.o)
 .text.zdoStackResetConf
                0x0040c728       0x1c ./../../../../BitCloud/lib/libBc_All_At91sam3s4c_Rf231_Gcc.a(zdo.o)
 .text.zdoSecurityManagerHandler
                0x0040c744        0x2 ./../../../../BitCloud/lib/libBc_All_At91sam3s4c_Rf231_Gcc.a(zdo.o)
                0x0040c744                zdoSecurityManagerHandler
 *fill*         0x0040c746        0x2 00
 .text.joinNetwork
                0x0040c748       0x40 ./../../../../BitCloud/lib/libBc_All_At91sam3s4c_Rf231_Gcc.a(zdo.o)
 .text.zdoRejoinNetwork
                0x0040c788       0x28 ./../../../../BitCloud/lib/libBc_All_At91sam3s4c_Rf231_Gcc.a(zdo.o)
 .text.zdoIntraPanPortApsStopConf
                0x0040c7b0       0x20 ./../../../../BitCloud/lib/libBc_All_At91sam3s4c_Rf231_Gcc.a(zdo.o)
 .text.joinTimerFired
                0x0040c7d0        0x4 ./../../../../BitCloud/lib/libBc_All_At91sam3s4c_Rf231_Gcc.a(zdo.o)
 .text.zdoPostTask
                0x0040c7d4       0x34 ./../../../../BitCloud/lib/libBc_All_At91sam3s4c_Rf231_Gcc.a(zdo.o)
 .text.startConfirm
                0x0040c808       0x30 ./../../../../BitCloud/lib/libBc_All_At91sam3s4c_Rf231_Gcc.a(zdo.o)
 .text.sleepConfirm
                0x0040c838       0x24 ./../../../../BitCloud/lib/libBc_All_At91sam3s4c_Rf231_Gcc.a(zdo.o)
 .text.wakeUpConfirm
                0x0040c85c       0x24 ./../../../../BitCloud/lib/libBc_All_At91sam3s4c_Rf231_Gcc.a(zdo.o)
 .text.zdoSetZdpIndState
                0x0040c880       0x14 ./../../../../BitCloud/lib/libBc_All_At91sam3s4c_Rf231_Gcc.a(zdo.o)
 .text.ttlUpdateTimerFired
                0x0040c894       0x48 ./../../../../BitCloud/lib/libBc_All_At91sam3s4c_Rf231_Gcc.a(zdo.o)
 .text.zdoZdpResetReq
                0x0040c8dc       0x74 ./../../../../BitCloud/lib/libBc_All_At91sam3s4c_Rf231_Gcc.a(zdo.o)
 .text.zdoNetworkFormationReq
                0x0040c950       0x2c ./../../../../BitCloud/lib/libBc_All_At91sam3s4c_Rf231_Gcc.a(zdo.o)
 .text.permitJoin
                0x0040c97c       0x24 ./../../../../BitCloud/lib/libBc_All_At91sam3s4c_Rf231_Gcc.a(zdo.o)
 .text.zdoPseudoRandomSeed
                0x0040c9a0       0x22 ./../../../../BitCloud/lib/libBc_All_At91sam3s4c_Rf231_Gcc.a(zdo.o)
 *fill*         0x0040c9c2        0x2 00
 .text.RF_RandomConfUpdater
                0x0040c9c4       0x1c ./../../../../BitCloud/lib/libBc_All_At91sam3s4c_Rf231_Gcc.a(zdo.o)
 .text.zdoStackReset
                0x0040c9e0       0x28 ./../../../../BitCloud/lib/libBc_All_At91sam3s4c_Rf231_Gcc.a(zdo.o)
 .text.startSystemSleep
                0x0040ca08       0x38 ./../../../../BitCloud/lib/libBc_All_At91sam3s4c_Rf231_Gcc.a(zdo.o)
 .text.transceiverSwitchedOff
                0x0040ca40       0x1a ./../../../../BitCloud/lib/libBc_All_At91sam3s4c_Rf231_Gcc.a(zdo.o)